Archive member included to satisfy reference by file (symbol)

C:/ST/STM32CubeIDE_1.16.1/STM32CubeIDE/plugins/com.st.stm32cube.ide.mcu.externaltools.gnu-tools-for-stm32.12.3.rel1.win32_1.0.200.202406191623/tools/bin/../lib/gcc/arm-none-eabi/12.3.1/../../../../arm-none-eabi/lib/thumb/v7e-m+fp/hard\libc_nano.a(libc_a-atoi.o)
                              ./Core/Src/mylibs/moteur.o (atoi)
C:/ST/STM32CubeIDE_1.16.1/STM32CubeIDE/plugins/com.st.stm32cube.ide.mcu.externaltools.gnu-tools-for-stm32.12.3.rel1.win32_1.0.200.202406191623/tools/bin/../lib/gcc/arm-none-eabi/12.3.1/../../../../arm-none-eabi/lib/thumb/v7e-m+fp/hard\libc_nano.a(libc_a-exit.o)
                              C:/ST/STM32CubeIDE_1.16.1/STM32CubeIDE/plugins/com.st.stm32cube.ide.mcu.externaltools.gnu-tools-for-stm32.12.3.rel1.win32_1.0.200.202406191623/tools/bin/../lib/gcc/arm-none-eabi/12.3.1/../../../../arm-none-eabi/lib/thumb/v7e-m+fp/hard/crt0.o (exit)
C:/ST/STM32CubeIDE_1.16.1/STM32CubeIDE/plugins/com.st.stm32cube.ide.mcu.externaltools.gnu-tools-for-stm32.12.3.rel1.win32_1.0.200.202406191623/tools/bin/../lib/gcc/arm-none-eabi/12.3.1/../../../../arm-none-eabi/lib/thumb/v7e-m+fp/hard\libc_nano.a(libc_a-strtol.o)
                              C:/ST/STM32CubeIDE_1.16.1/STM32CubeIDE/plugins/com.st.stm32cube.ide.mcu.externaltools.gnu-tools-for-stm32.12.3.rel1.win32_1.0.200.202406191623/tools/bin/../lib/gcc/arm-none-eabi/12.3.1/../../../../arm-none-eabi/lib/thumb/v7e-m+fp/hard\libc_nano.a(libc_a-atoi.o) (_strtol_r)
C:/ST/STM32CubeIDE_1.16.1/STM32CubeIDE/plugins/com.st.stm32cube.ide.mcu.externaltools.gnu-tools-for-stm32.12.3.rel1.win32_1.0.200.202406191623/tools/bin/../lib/gcc/arm-none-eabi/12.3.1/../../../../arm-none-eabi/lib/thumb/v7e-m+fp/hard\libc_nano.a(libc_a-ctype_.o)
                              C:/ST/STM32CubeIDE_1.16.1/STM32CubeIDE/plugins/com.st.stm32cube.ide.mcu.externaltools.gnu-tools-for-stm32.12.3.rel1.win32_1.0.200.202406191623/tools/bin/../lib/gcc/arm-none-eabi/12.3.1/../../../../arm-none-eabi/lib/thumb/v7e-m+fp/hard\libc_nano.a(libc_a-strtol.o) (_ctype_)
C:/ST/STM32CubeIDE_1.16.1/STM32CubeIDE/plugins/com.st.stm32cube.ide.mcu.externaltools.gnu-tools-for-stm32.12.3.rel1.win32_1.0.200.202406191623/tools/bin/../lib/gcc/arm-none-eabi/12.3.1/../../../../arm-none-eabi/lib/thumb/v7e-m+fp/hard\libc_nano.a(libc_a-findfp.o)
                              C:/ST/STM32CubeIDE_1.16.1/STM32CubeIDE/plugins/com.st.stm32cube.ide.mcu.externaltools.gnu-tools-for-stm32.12.3.rel1.win32_1.0.200.202406191623/tools/bin/../lib/gcc/arm-none-eabi/12.3.1/../../../../arm-none-eabi/lib/thumb/v7e-m+fp/hard\libc_nano.a(libc_a-exit.o) (__stdio_exit_handler)
C:/ST/STM32CubeIDE_1.16.1/STM32CubeIDE/plugins/com.st.stm32cube.ide.mcu.externaltools.gnu-tools-for-stm32.12.3.rel1.win32_1.0.200.202406191623/tools/bin/../lib/gcc/arm-none-eabi/12.3.1/../../../../arm-none-eabi/lib/thumb/v7e-m+fp/hard\libc_nano.a(libc_a-fwalk.o)
                              C:/ST/STM32CubeIDE_1.16.1/STM32CubeIDE/plugins/com.st.stm32cube.ide.mcu.externaltools.gnu-tools-for-stm32.12.3.rel1.win32_1.0.200.202406191623/tools/bin/../lib/gcc/arm-none-eabi/12.3.1/../../../../arm-none-eabi/lib/thumb/v7e-m+fp/hard\libc_nano.a(libc_a-findfp.o) (_fwalk_sglue)
C:/ST/STM32CubeIDE_1.16.1/STM32CubeIDE/plugins/com.st.stm32cube.ide.mcu.externaltools.gnu-tools-for-stm32.12.3.rel1.win32_1.0.200.202406191623/tools/bin/../lib/gcc/arm-none-eabi/12.3.1/../../../../arm-none-eabi/lib/thumb/v7e-m+fp/hard\libc_nano.a(libc_a-snprintf.o)
                              ./Core/Src/mylibs/shell.o (snprintf)
C:/ST/STM32CubeIDE_1.16.1/STM32CubeIDE/plugins/com.st.stm32cube.ide.mcu.externaltools.gnu-tools-for-stm32.12.3.rel1.win32_1.0.200.202406191623/tools/bin/../lib/gcc/arm-none-eabi/12.3.1/../../../../arm-none-eabi/lib/thumb/v7e-m+fp/hard\libc_nano.a(libc_a-stdio.o)
                              C:/ST/STM32CubeIDE_1.16.1/STM32CubeIDE/plugins/com.st.stm32cube.ide.mcu.externaltools.gnu-tools-for-stm32.12.3.rel1.win32_1.0.200.202406191623/tools/bin/../lib/gcc/arm-none-eabi/12.3.1/../../../../arm-none-eabi/lib/thumb/v7e-m+fp/hard\libc_nano.a(libc_a-findfp.o) (__sread)
C:/ST/STM32CubeIDE_1.16.1/STM32CubeIDE/plugins/com.st.stm32cube.ide.mcu.externaltools.gnu-tools-for-stm32.12.3.rel1.win32_1.0.200.202406191623/tools/bin/../lib/gcc/arm-none-eabi/12.3.1/../../../../arm-none-eabi/lib/thumb/v7e-m+fp/hard\libc_nano.a(libc_a-memset.o)
                              C:/ST/STM32CubeIDE_1.16.1/STM32CubeIDE/plugins/com.st.stm32cube.ide.mcu.externaltools.gnu-tools-for-stm32.12.3.rel1.win32_1.0.200.202406191623/tools/bin/../lib/gcc/arm-none-eabi/12.3.1/../../../../arm-none-eabi/lib/thumb/v7e-m+fp/hard/crt0.o (memset)
C:/ST/STM32CubeIDE_1.16.1/STM32CubeIDE/plugins/com.st.stm32cube.ide.mcu.externaltools.gnu-tools-for-stm32.12.3.rel1.win32_1.0.200.202406191623/tools/bin/../lib/gcc/arm-none-eabi/12.3.1/../../../../arm-none-eabi/lib/thumb/v7e-m+fp/hard\libc_nano.a(libc_a-strtok.o)
                              ./Core/Src/mylibs/shell.o (strtok)
[...]
Memory Configuration

Name             Origin             Length             Attributes
RAM              0x20000000         0x00020000         xrw
FLASH            0x08000000         0x00080000         xr
*default*        0x00000000         0xffffffff

Linker script and memory map

LOAD C:/ST/STM32CubeIDE_1.16.1/STM32CubeIDE/plugins/com.st.stm32cube.ide.mcu.externaltools.gnu-tools-for-stm32.12.3.rel1.win32_1.0.200.202406191623/tools/bin/../lib/gcc/arm-none-eabi/12.3.1/thumb/v7e-m+fp/hard/crti.o
LOAD C:/ST/STM32CubeIDE_1.16.1/STM32CubeIDE/plugins/com.st.stm32cube.ide.mcu.externaltools.gnu-tools-for-stm32.12.3.rel1.win32_1.0.200.202406191623/tools/bin/../lib/gcc/arm-none-eabi/12.3.1/thumb/v7e-m+fp/hard/crtbegin.o
LOAD C:/ST/STM32CubeIDE_1.16.1/STM32CubeIDE/plugins/com.st.stm32cube.ide.mcu.externaltools.gnu-tools-for-stm32.12.3.rel1.win32_1.0.200.202406191623/tools/bin/../lib/gcc/arm-none-eabi/12.3.1/../../../../arm-none-eabi/lib/thumb/v7e-m+fp/hard/crt0.o
LOAD ./Core/Src/adc.o
LOAD ./Core/Src/gpio.o
LOAD ./Core/Src/main.o
LOAD ./Core/Src/stm32g4xx_hal_msp.o
LOAD ./Core/Src/stm32g4xx_hal_timebase_tim.o
LOAD ./Core/Src/stm32g4xx_it.o
LOAD ./Core/Src/syscalls.o
LOAD ./Core/Src/sysmem.o
LOAD ./Core/Src/system_stm32g4xx.o
LOAD ./Core/Src/tim.o
LOAD ./Core/Src/usart.o
LOAD ./Core/Src/mylibs/moteur.o
LOAD ./Core/Src/mylibs/shell.o
LOAD ./Core/Startup/startup_stm32g474retx.o
LOAD ./Drivers/STM32G4xx_HAL_Driver/Src/stm32g4xx_hal.o
LOAD ./Drivers/STM32G4xx_HAL_Driver/Src/stm32g4xx_hal_adc.o
LOAD ./Drivers/STM32G4xx_HAL_Driver/Src/stm32g4xx_hal_adc_ex.o
LOAD ./Drivers/STM32G4xx_HAL_Driver/Src/stm32g4xx_hal_cortex.o
LOAD ./Drivers/STM32G4xx_HAL_Driver/Src/stm32g4xx_hal_dma.o
LOAD ./Drivers/STM32G4xx_HAL_Driver/Src/stm32g4xx_hal_dma_ex.o
LOAD ./Drivers/STM32G4xx_HAL_Driver/Src/stm32g4xx_hal_exti.o
LOAD ./Drivers/STM32G4xx_HAL_Driver/Src/stm32g4xx_hal_flash.o
LOAD ./Drivers/STM32G4xx_HAL_Driver/Src/stm32g4xx_hal_flash_ex.o
LOAD ./Drivers/STM32G4xx_HAL_Driver/Src/stm32g4xx_hal_flash_ramfunc.o
LOAD ./Drivers/STM32G4xx_HAL_Driver/Src/stm32g4xx_hal_gpio.o
LOAD ./Drivers/STM32G4xx_HAL_Driver/Src/stm32g4xx_hal_pwr.o
LOAD ./Drivers/STM32G4xx_HAL_Driver/Src/stm32g4xx_hal_pwr_ex.o
LOAD ./Drivers/STM32G4xx_HAL_Driver/Src/stm32g4xx_hal_rcc.o
LOAD ./Drivers/STM32G4xx_HAL_Driver/Src/stm32g4xx_hal_rcc_ex.o
LOAD ./Drivers/STM32G4xx_HAL_Driver/Src/stm32g4xx_hal_tim.o
LOAD ./Drivers/STM32G4xx_HAL_Driver/Src/stm32g4xx_hal_tim_ex.o
LOAD ./Drivers/STM32G4xx_HAL_Driver/Src/stm32g4xx_hal_uart.o
LOAD ./Drivers/STM32G4xx_HAL_Driver/Src/stm32g4xx_hal_uart_ex.o
LOAD ./Drivers/STM32G4xx_HAL_Driver/Src/stm32g4xx_ll_adc.o
START GROUP
LOAD C:/ST/STM32CubeIDE_1.16.1/STM32CubeIDE/plugins/com.st.stm32cube.ide.mcu.externaltools.gnu-tools-for-stm32.12.3.rel1.win32_1.0.200.202406191623/tools/bin/../lib/gcc/arm-none-eabi/12.3.1/../../../../arm-none-eabi/lib/thumb/v7e-m+fp/hard\libc_nano.a
LOAD C:/ST/STM32CubeIDE_1.16.1/STM32CubeIDE/plugins/com.st.stm32cube.ide.mcu.externaltools.gnu-tools-for-stm32.12.3.rel1.win32_1.0.200.202406191623/tools/bin/../lib/gcc/arm-none-eabi/12.3.1/../../../../arm-none-eabi/lib/thumb/v7e-m+fp/hard\libm.a
END GROUP
START GROUP
LOAD C:/ST/STM32CubeIDE_1.16.1/STM32CubeIDE/plugins/com.st.stm32cube.ide.mcu.externaltools.gnu-tools-for-stm32.12.3.rel1.win32_1.0.200.202406191623/tools/bin/../lib/gcc/arm-none-eabi/12.3.1/thumb/v7e-m+fp/hard\libgcc.a
LOAD C:/ST/STM32CubeIDE_1.16.1/STM32CubeIDE/plugins/com.st.stm32cube.ide.mcu.externaltools.gnu-tools-for-stm32.12.3.rel1.win32_1.0.200.202406191623/tools/bin/../lib/gcc/arm-none-eabi/12.3.1/../../../../arm-none-eabi/lib/thumb/v7e-m+fp/hard\libc_nano.a
END GROUP
START GROUP
LOAD C:/ST/STM32CubeIDE_1.16.1/STM32CubeIDE/plugins/com.st.stm32cube.ide.mcu.externaltools.gnu-tools-for-stm32.12.3.rel1.win32_1.0.200.202406191623/tools/bin/../lib/gcc/arm-none-eabi/12.3.1/thumb/v7e-m+fp/hard\libgcc.a
LOAD C:/ST/STM32CubeIDE_1.16.1/STM32CubeIDE/plugins/com.st.stm32cube.ide.mcu.externaltools.gnu-tools-for-stm32.12.3.rel1.win32_1.0.200.202406191623/tools/bin/../lib/gcc/arm-none-eabi/12.3.1/../../../../arm-none-eabi/lib/thumb/v7e-m+fp/hard\libc_nano.a
LOAD C:/ST/STM32CubeIDE_1.16.1/STM32CubeIDE/plugins/com.st.stm32cube.ide.mcu.externaltools.gnu-tools-for-stm32.12.3.rel1.win32_1.0.200.202406191623/tools/bin/../lib/gcc/arm-none-eabi/12.3.1/../../../../arm-none-eabi/lib/thumb/v7e-m+fp/hard\libnosys.a
END GROUP
START GROUP
LOAD C:/ST/STM32CubeIDE_1.16.1/STM32CubeIDE/plugins/com.st.stm32cube.ide.mcu.externaltools.gnu-tools-for-stm32.12.3.rel1.win32_1.0.200.202406191623/tools/bin/../lib/gcc/arm-none-eabi/12.3.1/thumb/v7e-m+fp/hard\libgcc.a
LOAD C:/ST/STM32CubeIDE_1.16.1/STM32CubeIDE/plugins/com.st.stm32cube.ide.mcu.externaltools.gnu-tools-for-stm32.12.3.rel1.win32_1.0.200.202406191623/tools/bin/../lib/gcc/arm-none-eabi/12.3.1/../../../../arm-none-eabi/lib/thumb/v7e-m+fp/hard\libc_nano.a
LOAD C:/ST/STM32CubeIDE_1.16.1/STM32CubeIDE/plugins/com.st.stm32cube.ide.mcu.externaltools.gnu-tools-for-stm32.12.3.rel1.win32_1.0.200.202406191623/tools/bin/../lib/gcc/arm-none-eabi/12.3.1/../../../../arm-none-eabi/lib/thumb/v7e-m+fp/hard\libnosys.a
END GROUP
LOAD C:/ST/STM32CubeIDE_1.16.1/STM32CubeIDE/plugins/com.st.stm32cube.ide.mcu.externaltools.gnu-tools-for-stm32.12.3.rel1.win32_1.0.200.202406191623/tools/bin/../lib/gcc/arm-none-eabi/12.3.1/thumb/v7e-m+fp/hard/crtend.o
LOAD C:/ST/STM32CubeIDE_1.16.1/STM32CubeIDE/plugins/com.st.stm32cube.ide.mcu.externaltools.gnu-tools-for-stm32.12.3.rel1.win32_1.0.200.202406191623/tools/bin/../lib/gcc/arm-none-eabi/12.3.1/thumb/v7e-m+fp/hard/crtn.o
                0x20020000                        _estack = (ORIGIN (RAM) + LENGTH (RAM))
                0x00000200                        _Min_Heap_Size = 0x200
                0x00000400                        _Min_Stack_Size = 0x400

.isr_vector     0x08000000      0x1d8
                0x08000000                        . = ALIGN (0x4)
 *(.isr_vector)
 .isr_vector    0x08000000      0x1d8 ./Core/Startup/startup_stm32g474retx.o
                0x08000000                g_pfnVectors
                0x080001d8                        . = ALIGN (0x4)

.text           0x080001d8     0x7b90
                0x080001d8                        . = ALIGN (0x4)
 *(.text)
 .text          0x080001d8       0x40 C:/ST/STM32CubeIDE_1.16.1/STM32CubeIDE/plugins/com.st.stm32cube.ide.mcu.externaltools.gnu-tools-for-stm32.12.3.rel1.win32_1.0.200.202406191623/tools/bin/../lib/gcc/arm-none-eabi/12.3.1/thumb/v7e-m+fp/hard/crtbegin.o
 .text          0x08000218       0x10 C:/ST/STM32CubeIDE_1.16.1/STM32CubeIDE/plugins/com.st.stm32cube.ide.mcu.externaltools.gnu-tools-for-stm32.12.3.rel1.win32_1.0.200.202406191623/tools/bin/../lib/gcc/arm-none-eabi/12.3.1/../../../../arm-none-eabi/lib/thumb/v7e-m+fp/hard\libc_nano.a(libc_a-strlen.o)
                0x08000218                strlen
 .text          0x08000228       0x30 C:/ST/STM32CubeIDE_1.16.1/STM32CubeIDE/plugins/com.st.stm32cube.ide.mcu.externaltools.gnu-tools-for-stm32.12.3.rel1.win32_1.0.200.202406191623/tools/bin/../lib/gcc/arm-none-eabi/12.3.1/thumb/v7e-m+fp/hard\libgcc.a(_aeabi_uldivmod.o)
                0x08000228                __aeabi_uldivmod
 .text          0x08000258      0x2bc C:/ST/STM32CubeIDE_1.16.1/STM32CubeIDE/plugins/com.st.stm32cube.ide.mcu.externaltools.gnu-tools-for-stm32.12.3.rel1.win32_1.0.200.202406191623/tools/bin/../lib/gcc/arm-none-eabi/12.3.1/thumb/v7e-m+fp/hard\libgcc.a(_udivmoddi4.o)
                0x08000258                __udivmoddi4
 .text          0x08000514        0x4 C:/ST/STM32CubeIDE_1.16.1/STM32CubeIDE/plugins/com.st.stm32cube.ide.mcu.externaltools.gnu-tools-for-stm32.12.3.rel1.win32_1.0.200.202406191623/tools/bin/../lib/gcc/arm-none-eabi/12.3.1/thumb/v7e-m+fp/hard\libgcc.a(_dvmd_tls.o)
                0x08000514                __aeabi_idiv0
                0x08000514                __aeabi_ldiv0
 *(.text*)
 .text.MX_ADC1_Init
                0x08000518       0xf0 ./Core/Src/adc.o
                0x08000518                MX_ADC1_Init
 .text.MX_ADC2_Init
                0x08000608       0xcc ./Core/Src/adc.o
                0x08000608                MX_ADC2_Init
 .text.HAL_ADC_MspInit
                0x080006d4      0x1f4 ./Core/Src/adc.o
                0x080006d4                HAL_ADC_MspInit
 .text.MX_GPIO_Init
                0x080008c8      0x120 ./Core/Src/gpio.o
                0x080008c8                MX_GPIO_Init
 .text.main     0x080009e8       0x54 ./Core/Src/main.o
                0x080009e8                main
 .text.SystemClock_Config
                0x08000a3c       0x92 ./Core/Src/main.o
                0x08000a3c                SystemClock_Config
 *fill*         0x08000ace        0x2 
 .text.HAL_TIM_PeriodElapsedCallback
                0x08000ad0       0x24 ./Core/Src/main.o
                0x08000ad0                HAL_TIM_PeriodElapsedCallback
 .text.Error_Handler
                0x08000af4        0xc ./Core/Src/main.o
                0x08000af4                Error_Handler
 .text.HAL_MspInit
                0x08000b00       0x48 ./Core/Src/stm32g4xx_hal_msp.o
                0x08000b00                HAL_MspInit
 .text.HAL_InitTick
                0x08000b48       0xd8 ./Core/Src/stm32g4xx_hal_timebase_tim.o
                0x08000b48                HAL_InitTick
 .text.NMI_Handler
                0x08000c20        0x8 ./Core/Src/stm32g4xx_it.o
                0x08000c20                NMI_Handler
 .text.HardFault_Handler
                0x08000c28        0x8 ./Core/Src/stm32g4xx_it.o
                0x08000c28                HardFault_Handler
 .text.MemManage_Handler
                0x08000c30        0x8 ./Core/Src/stm32g4xx_it.o
                0x08000c30                MemManage_Handler
 .text.BusFault_Handler
                0x08000c38        0x8 ./Core/Src/stm32g4xx_it.o
                0x08000c38                BusFault_Handler
 .text.UsageFault_Handler
                0x08000c40        0x8 ./Core/Src/stm32g4xx_it.o
                0x08000c40                UsageFault_Handler
 .text.SVC_Handler
                0x08000c48        0xe ./Core/Src/stm32g4xx_it.o
                0x08000c48                SVC_Handler
 .text.DebugMon_Handler
                0x08000c56        0xe ./Core/Src/stm32g4xx_it.o
                0x08000c56                DebugMon_Handler
 .text.PendSV_Handler
                0x08000c64        0xe ./Core/Src/stm32g4xx_it.o
                0x08000c64                PendSV_Handler
 .text.SysTick_Handler
                0x08000c72        0xe ./Core/Src/stm32g4xx_it.o
                0x08000c72                SysTick_Handler
 .text.USART2_IRQHandler
                0x08000c80       0x14 ./Core/Src/stm32g4xx_it.o
                0x08000c80                USART2_IRQHandler
 .text.USART3_IRQHandler
                0x08000c94       0x14 ./Core/Src/stm32g4xx_it.o
                0x08000c94                USART3_IRQHandler
 .text.EXTI15_10_IRQHandler
                0x08000ca8       0x10 ./Core/Src/stm32g4xx_it.o
                0x08000ca8                EXTI15_10_IRQHandler
 .text.TIM6_DAC_IRQHandler
                0x08000cb8       0x14 ./Core/Src/stm32g4xx_it.o
                0x08000cb8                TIM6_DAC_IRQHandler
 .text.SystemInit
                0x08000ccc       0x24 ./Core/Src/system_stm32g4xx.o
                0x08000ccc                SystemInit
 .text.MX_TIM1_Init
                0x08000cf0      0x19c ./Core/Src/tim.o
                0x08000cf0                MX_TIM1_Init
 .text.MX_TIM3_Init
                0x08000e8c       0x98 ./Core/Src/tim.o
                0x08000e8c                MX_TIM3_Init
 .text.HAL_TIM_Base_MspInit
                0x08000f24       0x40 ./Core/Src/tim.o
                0x08000f24                HAL_TIM_Base_MspInit
 .text.HAL_TIMEx_HallSensor_MspInit
                0x08000f64       0xc4 ./Core/Src/tim.o
                0x08000f64                HAL_TIMEx_HallSensor_MspInit
 .text.HAL_TIM_MspPostInit
                0x08001028       0xd0 ./Core/Src/tim.o
                0x08001028                HAL_TIM_MspPostInit
 .text.MX_USART2_UART_Init
                0x080010f8       0x98 ./Core/Src/usart.o
                0x080010f8                MX_USART2_UART_Init
 .text.MX_USART3_UART_Init
                0x08001190       0x98 ./Core/Src/usart.o
                0x08001190                MX_USART3_UART_Init
 .text.HAL_UART_MspInit
                0x08001228      0x150 ./Core/Src/usart.o
                0x08001228                HAL_UART_MspInit
 .text.Shell_Init
                0x08001378       0x80 ./Core/Src/mylibs/shell.o
                0x08001378                Shell_Init
 .text.HAL_UART_RxCpltCallback
                0x080013f8       0x2c ./Core/Src/mylibs/shell.o
                0x080013f8                HAL_UART_RxCpltCallback
 .text.Reset_Handler
                0x08001424       0x50 ./Core/Startup/startup_stm32g474retx.o
                0x08001424                Reset_Handler
 .text.Default_Handler
                0x08001474        0x2 ./Core/Startup/startup_stm32g474retx.o
                0x08001474                RTC_Alarm_IRQHandler
                0x08001474                EXTI2_IRQHandler
                0x08001474                TIM8_TRG_COM_IRQHandler
                0x08001474                TIM8_CC_IRQHandler
                0x08001474                HRTIM1_Master_IRQHandler
                0x08001474                SPI4_IRQHandler
                0x08001474                FDCAN3_IT0_IRQHandler
                0x08001474                TIM1_CC_IRQHandler
                0x08001474                HRTIM1_FLT_IRQHandler
                0x08001474                HRTIM1_TIMF_IRQHandler
                0x08001474                USB_HP_IRQHandler
                0x08001474                CORDIC_IRQHandler
                0x08001474                HRTIM1_TIMD_IRQHandler
                0x08001474                DMA2_Channel8_IRQHandler
                0x08001474                EXTI3_IRQHandler
                0x08001474                I2C3_ER_IRQHandler
                0x08001474                EXTI0_IRQHandler
                0x08001474                I2C2_EV_IRQHandler
                0x08001474                FPU_IRQHandler
                0x08001474                FDCAN1_IT1_IRQHandler
                0x08001474                TIM1_UP_TIM16_IRQHandler
                0x08001474                ADC1_2_IRQHandler
                0x08001474                HRTIM1_TIME_IRQHandler
                0x08001474                SPI1_IRQHandler
                0x08001474                HRTIM1_TIMC_IRQHandler
                0x08001474                TIM8_UP_IRQHandler
                0x08001474                DMA2_Channel2_IRQHandler
                0x08001474                DMA1_Channel4_IRQHandler
                0x08001474                TIM20_TRG_COM_IRQHandler
                0x08001474                DMA1_Channel7_IRQHandler
                0x08001474                UART5_IRQHandler
                0x08001474                ADC3_IRQHandler
                0x08001474                TIM4_IRQHandler
                0x08001474                DMA2_Channel1_IRQHandler
                0x08001474                QUADSPI_IRQHandler
                0x08001474                I2C1_EV_IRQHandler
                0x08001474                DMA1_Channel6_IRQHandler
                0x08001474                UART4_IRQHandler
                0x08001474                DMA2_Channel4_IRQHandler
                0x08001474                TIM3_IRQHandler
                0x08001474                RCC_IRQHandler
                0x08001474                TIM20_UP_IRQHandler
                0x08001474                DMA1_Channel1_IRQHandler
                0x08001474                Default_Handler
                0x08001474                DMA2_Channel7_IRQHandler
                0x08001474                RTC_TAMP_LSECSS_IRQHandler
                0x08001474                FMAC_IRQHandler
                0x08001474                DMA1_Channel8_IRQHandler
                0x08001474                HRTIM1_TIMA_IRQHandler
                0x08001474                TIM7_DAC_IRQHandler
                0x08001474                FDCAN3_IT1_IRQHandler
                0x08001474                TIM5_IRQHandler
                0x08001474                UCPD1_IRQHandler
                0x08001474                I2C3_EV_IRQHandler
                0x08001474                EXTI9_5_IRQHandler
                0x08001474                RTC_WKUP_IRQHandler
                0x08001474                PVD_PVM_IRQHandler
                0x08001474                SPI2_IRQHandler
                0x08001474                ADC5_IRQHandler
                0x08001474                DMA2_Channel5_IRQHandler
                0x08001474                CRS_IRQHandler
                0x08001474                DMA1_Channel5_IRQHandler
                0x08001474                USB_LP_IRQHandler
                0x08001474                EXTI4_IRQHandler
                0x08001474                RNG_IRQHandler
                0x08001474                HRTIM1_TIMB_IRQHandler
                0x08001474                TIM1_TRG_COM_TIM17_IRQHandler
                0x08001474                FDCAN2_IT1_IRQHandler
                0x08001474                DMA1_Channel3_IRQHandler
                0x08001474                ADC4_IRQHandler
                0x08001474                WWDG_IRQHandler
                0x08001474                I2C4_EV_IRQHandler
                0x08001474                FDCAN2_IT0_IRQHandler
                0x08001474                LPUART1_IRQHandler
                0x08001474                DMA2_Channel6_IRQHandler
                0x08001474                FDCAN1_IT0_IRQHandler
                0x08001474                TIM2_IRQHandler
                0x08001474                COMP7_IRQHandler
                0x08001474                COMP1_2_3_IRQHandler
                0x08001474                EXTI1_IRQHandler
                0x08001474                COMP4_5_6_IRQHandler
                0x08001474                TIM20_BRK_IRQHandler
                0x08001474                I2C2_ER_IRQHandler
                0x08001474                DMA1_Channel2_IRQHandler
                0x08001474                TIM8_BRK_IRQHandler
                0x08001474                FLASH_IRQHandler
                0x08001474                TIM20_CC_IRQHandler
                0x08001474                USART1_IRQHandler
                0x08001474                SPI3_IRQHandler
                0x08001474                I2C1_ER_IRQHandler
                0x08001474                FMC_IRQHandler
                0x08001474                LPTIM1_IRQHandler
                0x08001474                DMAMUX_OVR_IRQHandler
                0x08001474                I2C4_ER_IRQHandler
                0x08001474                USBWakeUp_IRQHandler
                0x08001474                SAI1_IRQHandler
                0x08001474                DMA2_Channel3_IRQHandler
                0x08001474                TIM1_BRK_TIM15_IRQHandler
 .text.HAL_Init
                0x08001476       0x30 ./Drivers/STM32G4xx_HAL_Driver/Src/stm32g4xx_hal.o
                0x08001476                HAL_Init
 *fill*         0x080014a6        0x2 
 .text.HAL_IncTick
                0x080014a8       0x24 ./Drivers/STM32G4xx_HAL_Driver/Src/stm32g4xx_hal.o
                0x080014a8                HAL_IncTick
 .text.HAL_GetTick
                0x080014cc       0x18 ./Drivers/STM32G4xx_HAL_Driver/Src/stm32g4xx_hal.o
                0x080014cc                HAL_GetTick
 .text.LL_ADC_SetCommonClock
                0x080014e4       0x26 ./Drivers/STM32G4xx_HAL_Driver/Src/stm32g4xx_hal_adc.o
 .text.LL_ADC_SetCommonPathInternalCh
                0x0800150a       0x26 ./Drivers/STM32G4xx_HAL_Driver/Src/stm32g4xx_hal_adc.o
 .text.LL_ADC_GetCommonPathInternalCh
                0x08001530       0x1c ./Drivers/STM32G4xx_HAL_Driver/Src/stm32g4xx_hal_adc.o
 .text.LL_ADC_SetOffset
                0x0800154c       0x48 ./Drivers/STM32G4xx_HAL_Driver/Src/stm32g4xx_hal_adc.o
 .text.LL_ADC_GetOffsetChannel
                0x08001594       0x2c ./Drivers/STM32G4xx_HAL_Driver/Src/stm32g4xx_hal_adc.o
 .text.LL_ADC_SetOffsetState
                0x080015c0       0x36 ./Drivers/STM32G4xx_HAL_Driver/Src/stm32g4xx_hal_adc.o
 .text.LL_ADC_SetOffsetSign
                0x080015f6       0x36 ./Drivers/STM32G4xx_HAL_Driver/Src/stm32g4xx_hal_adc.o
 .text.LL_ADC_SetOffsetSaturation
                0x0800162c       0x36 ./Drivers/STM32G4xx_HAL_Driver/Src/stm32g4xx_hal_adc.o
 .text.LL_ADC_SetSamplingTimeCommonConfig
                0x08001662       0x26 ./Drivers/STM32G4xx_HAL_Driver/Src/stm32g4xx_hal_adc.o
 .text.LL_ADC_REG_SetSequencerRanks
                0x08001688       0x58 ./Drivers/STM32G4xx_HAL_Driver/Src/stm32g4xx_hal_adc.o
 .text.LL_ADC_SetChannelSamplingTime
                0x080016e0       0x56 ./Drivers/STM32G4xx_HAL_Driver/Src/stm32g4xx_hal_adc.o
 *fill*         0x08001736        0x2 
 .text.LL_ADC_SetChannelSingleDiff
                0x08001738       0x48 ./Drivers/STM32G4xx_HAL_Driver/Src/stm32g4xx_hal_adc.o
 .text.LL_ADC_DisableDeepPowerDown
                0x08001780       0x24 ./Drivers/STM32G4xx_HAL_Driver/Src/stm32g4xx_hal_adc.o
 .text.LL_ADC_IsDeepPowerDownEnabled
                0x080017a4       0x28 ./Drivers/STM32G4xx_HAL_Driver/Src/stm32g4xx_hal_adc.o
 .text.LL_ADC_EnableInternalRegulator
                0x080017cc       0x28 ./Drivers/STM32G4xx_HAL_Driver/Src/stm32g4xx_hal_adc.o
 .text.LL_ADC_IsInternalRegulatorEnabled
                0x080017f4       0x28 ./Drivers/STM32G4xx_HAL_Driver/Src/stm32g4xx_hal_adc.o
 .text.LL_ADC_IsEnabled
                0x0800181c       0x26 ./Drivers/STM32G4xx_HAL_Driver/Src/stm32g4xx_hal_adc.o
 .text.LL_ADC_REG_IsConversionOngoing
                0x08001842       0x26 ./Drivers/STM32G4xx_HAL_Driver/Src/stm32g4xx_hal_adc.o
 .text.LL_ADC_INJ_IsConversionOngoing
                0x08001868       0x26 ./Drivers/STM32G4xx_HAL_Driver/Src/stm32g4xx_hal_adc.o
 *fill*         0x0800188e        0x2 
 .text.HAL_ADC_Init
                0x08001890      0x378 ./Drivers/STM32G4xx_HAL_Driver/Src/stm32g4xx_hal_adc.o
                0x08001890                HAL_ADC_Init
 .text.HAL_ADC_ConfigChannel
                0x08001c08      0x880 ./Drivers/STM32G4xx_HAL_Driver/Src/stm32g4xx_hal_adc.o
                0x08001c08                HAL_ADC_ConfigChannel
 .text.LL_ADC_IsEnabled
                0x08002488       0x26 ./Drivers/STM32G4xx_HAL_Driver/Src/stm32g4xx_hal_adc_ex.o
 .text.LL_ADC_REG_IsConversionOngoing
                0x080024ae       0x26 ./Drivers/STM32G4xx_HAL_Driver/Src/stm32g4xx_hal_adc_ex.o
 .text.HAL_ADCEx_MultiModeConfigChannel
                0x080024d4      0x210 ./Drivers/STM32G4xx_HAL_Driver/Src/stm32g4xx_hal_adc_ex.o
                0x080024d4                HAL_ADCEx_MultiModeConfigChannel
 .text.__NVIC_SetPriorityGrouping
                0x080026e4       0x48 ./Drivers/STM32G4xx_HAL_Driver/Src/stm32g4xx_hal_cortex.o
 .text.__NVIC_GetPriorityGrouping
                0x0800272c       0x1c ./Drivers/STM32G4xx_HAL_Driver/Src/stm32g4xx_hal_cortex.o
 .text.__NVIC_EnableIRQ
                0x08002748       0x3c ./Drivers/STM32G4xx_HAL_Driver/Src/stm32g4xx_hal_cortex.o
 .text.__NVIC_SetPriority
                0x08002784       0x54 ./Drivers/STM32G4xx_HAL_Driver/Src/stm32g4xx_hal_cortex.o
 .text.NVIC_EncodePriority
                0x080027d8       0x66 ./Drivers/STM32G4xx_HAL_Driver/Src/stm32g4xx_hal_cortex.o
 .text.HAL_NVIC_SetPriorityGrouping
                0x0800283e       0x16 ./Drivers/STM32G4xx_HAL_Driver/Src/stm32g4xx_hal_cortex.o
                0x0800283e                HAL_NVIC_SetPriorityGrouping
 .text.HAL_NVIC_SetPriority
                0x08002854       0x34 ./Drivers/STM32G4xx_HAL_Driver/Src/stm32g4xx_hal_cortex.o
                0x08002854                HAL_NVIC_SetPriority
 .text.HAL_NVIC_EnableIRQ
                0x08002888       0x1c ./Drivers/STM32G4xx_HAL_Driver/Src/stm32g4xx_hal_cortex.o
                0x08002888                HAL_NVIC_EnableIRQ
 .text.HAL_DMA_Abort
                0x080028a4       0xb2 ./Drivers/STM32G4xx_HAL_Driver/Src/stm32g4xx_hal_dma.o
                0x080028a4                HAL_DMA_Abort
 .text.HAL_DMA_Abort_IT
                0x08002956       0xce ./Drivers/STM32G4xx_HAL_Driver/Src/stm32g4xx_hal_dma.o
                0x08002956                HAL_DMA_Abort_IT
 .text.HAL_GPIO_Init
                0x08002a24      0x304 ./Drivers/STM32G4xx_HAL_Driver/Src/stm32g4xx_hal_gpio.o
                0x08002a24                HAL_GPIO_Init
 .text.HAL_GPIO_WritePin
                0x08002d28       0x30 ./Drivers/STM32G4xx_HAL_Driver/Src/stm32g4xx_hal_gpio.o
                0x08002d28                HAL_GPIO_WritePin
 .text.HAL_GPIO_EXTI_IRQHandler
                0x08002d58       0x30 ./Drivers/STM32G4xx_HAL_Driver/Src/stm32g4xx_hal_gpio.o
                0x08002d58                HAL_GPIO_EXTI_IRQHandler
 .text.HAL_GPIO_EXTI_Callback
                0x08002d88       0x16 ./Drivers/STM32G4xx_HAL_Driver/Src/stm32g4xx_hal_gpio.o
                0x08002d88                HAL_GPIO_EXTI_Callback
 *fill*         0x08002d9e        0x2 
 .text.HAL_PWREx_ControlVoltageScaling
                0x08002da0      0x148 ./Drivers/STM32G4xx_HAL_Driver/Src/stm32g4xx_hal_pwr_ex.o
                0x08002da0                HAL_PWREx_ControlVoltageScaling
 .text.HAL_PWREx_DisableUCPDDeadBattery
                0x08002ee8       0x20 ./Drivers/STM32G4xx_HAL_Driver/Src/stm32g4xx_hal_pwr_ex.o
                0x08002ee8                HAL_PWREx_DisableUCPDDeadBattery
 .text.HAL_RCC_OscConfig
                0x08002f08      0x624 ./Drivers/STM32G4xx_HAL_Driver/Src/stm32g4xx_hal_rcc.o
                0x08002f08                HAL_RCC_OscConfig
 .text.HAL_RCC_ClockConfig
                0x0800352c      0x278 ./Drivers/STM32G4xx_HAL_Driver/Src/stm32g4xx_hal_rcc.o
                0x0800352c                HAL_RCC_ClockConfig
 .text.HAL_RCC_GetSysClockFreq
                0x080037a4       0xc4 ./Drivers/STM32G4xx_HAL_Driver/Src/stm32g4xx_hal_rcc.o
                0x080037a4                HAL_RCC_GetSysClockFreq
 .text.HAL_RCC_GetHCLKFreq
                0x08003868       0x18 ./Drivers/STM32G4xx_HAL_Driver/Src/stm32g4xx_hal_rcc.o
                0x08003868                HAL_RCC_GetHCLKFreq
 .text.HAL_RCC_GetPCLK1Freq
                0x08003880       0x2c ./Drivers/STM32G4xx_HAL_Driver/Src/stm32g4xx_hal_rcc.o
                0x08003880                HAL_RCC_GetPCLK1Freq
 .text.HAL_RCC_GetPCLK2Freq
                0x080038ac       0x2c ./Drivers/STM32G4xx_HAL_Driver/Src/stm32g4xx_hal_rcc.o
                0x080038ac                HAL_RCC_GetPCLK2Freq
 .text.HAL_RCC_GetClockConfig
                0x080038d8       0x64 ./Drivers/STM32G4xx_HAL_Driver/Src/stm32g4xx_hal_rcc.o
                0x080038d8                HAL_RCC_GetClockConfig
 .text.RCC_GetSysClockFreqFromPLLSource
                0x0800393c       0x8c ./Drivers/STM32G4xx_HAL_Driver/Src/stm32g4xx_hal_rcc.o
 .text.HAL_RCCEx_PeriphCLKConfig
                0x080039c8      0x49c ./Drivers/STM32G4xx_HAL_Driver/Src/stm32g4xx_hal_rcc_ex.o
                0x080039c8                HAL_RCCEx_PeriphCLKConfig
 .text.HAL_TIM_Base_Init
                0x08003e64       0xae ./Drivers/STM32G4xx_HAL_Driver/Src/stm32g4xx_hal_tim.o
                0x08003e64                HAL_TIM_Base_Init
 *fill*         0x08003f12        0x2 
 .text.HAL_TIM_Base_Start_IT
                0x08003f14       0xf0 ./Drivers/STM32G4xx_HAL_Driver/Src/stm32g4xx_hal_tim.o
                0x08003f14                HAL_TIM_Base_Start_IT
 .text.HAL_TIM_PWM_Init
                0x08004004       0xae ./Drivers/STM32G4xx_HAL_Driver/Src/stm32g4xx_hal_tim.o
                0x08004004                HAL_TIM_PWM_Init
 .text.HAL_TIM_PWM_MspInit
                0x080040b2       0x14 ./Drivers/STM32G4xx_HAL_Driver/Src/stm32g4xx_hal_tim.o
                0x080040b2                HAL_TIM_PWM_MspInit
 *fill*         0x080040c6        0x2 
 .text.HAL_TIM_PWM_Start
                0x080040c8      0x224 ./Drivers/STM32G4xx_HAL_Driver/Src/stm32g4xx_hal_tim.o
                0x080040c8                HAL_TIM_PWM_Start
 .text.HAL_TIM_IRQHandler
                0x080042ec      0x29e ./Drivers/STM32G4xx_HAL_Driver/Src/stm32g4xx_hal_tim.o
                0x080042ec                HAL_TIM_IRQHandler
 *fill*         0x0800458a        0x2 
 .text.HAL_TIM_PWM_ConfigChannel
                0x0800458c      0x228 ./Drivers/STM32G4xx_HAL_Driver/Src/stm32g4xx_hal_tim.o
                0x0800458c                HAL_TIM_PWM_ConfigChannel
 .text.HAL_TIM_ConfigClockSource
                0x080047b4      0x22c ./Drivers/STM32G4xx_HAL_Driver/Src/stm32g4xx_hal_tim.o
                0x080047b4                HAL_TIM_ConfigClockSource
 .text.HAL_TIM_OC_DelayElapsedCallback
                0x080049e0       0x14 ./Drivers/STM32G4xx_HAL_Driver/Src/stm32g4xx_hal_tim.o
                0x080049e0                HAL_TIM_OC_DelayElapsedCallback
 .text.HAL_TIM_IC_CaptureCallback
                0x080049f4       0x14 ./Drivers/STM32G4xx_HAL_Driver/Src/stm32g4xx_hal_tim.o
                0x080049f4                HAL_TIM_IC_CaptureCallback
 .text.HAL_TIM_PWM_PulseFinishedCallback
                0x08004a08       0x14 ./Drivers/STM32G4xx_HAL_Driver/Src/stm32g4xx_hal_tim.o
                0x08004a08                HAL_TIM_PWM_PulseFinishedCallback
 .text.HAL_TIM_TriggerCallback
                0x08004a1c       0x14 ./Drivers/STM32G4xx_HAL_Driver/Src/stm32g4xx_hal_tim.o
                0x08004a1c                HAL_TIM_TriggerCallback
 .text.TIM_Base_SetConfig
                0x08004a30      0x168 ./Drivers/STM32G4xx_HAL_Driver/Src/stm32g4xx_hal_tim.o
                0x08004a30                TIM_Base_SetConfig
 .text.TIM_OC1_SetConfig
                0x08004b98      0x134 ./Drivers/STM32G4xx_HAL_Driver/Src/stm32g4xx_hal_tim.o
 .text.TIM_OC2_SetConfig
                0x08004ccc      0x128 ./Drivers/STM32G4xx_HAL_Driver/Src/stm32g4xx_hal_tim.o
                0x08004ccc                TIM_OC2_SetConfig
 .text.TIM_OC3_SetConfig
                0x08004df4      0x124 ./Drivers/STM32G4xx_HAL_Driver/Src/stm32g4xx_hal_tim.o
 .text.TIM_OC4_SetConfig
                0x08004f18      0x128 ./Drivers/STM32G4xx_HAL_Driver/Src/stm32g4xx_hal_tim.o
 .text.TIM_OC5_SetConfig
                0x08005040       0xd4 ./Drivers/STM32G4xx_HAL_Driver/Src/stm32g4xx_hal_tim.o
 .text.TIM_OC6_SetConfig
                0x08005114       0xd8 ./Drivers/STM32G4xx_HAL_Driver/Src/stm32g4xx_hal_tim.o
 .text.TIM_TI1_SetConfig
                0x080051ec       0xe8 ./Drivers/STM32G4xx_HAL_Driver/Src/stm32g4xx_hal_tim.o
                0x080051ec                TIM_TI1_SetConfig
 .text.TIM_TI1_ConfigInputStage
                0x080052d4       0x5e ./Drivers/STM32G4xx_HAL_Driver/Src/stm32g4xx_hal_tim.o
 .text.TIM_TI2_ConfigInputStage
                0x08005332       0x60 ./Drivers/STM32G4xx_HAL_Driver/Src/stm32g4xx_hal_tim.o
 .text.TIM_ITRx_SetConfig
                0x08005392       0x3a ./Drivers/STM32G4xx_HAL_Driver/Src/stm32g4xx_hal_tim.o
 .text.TIM_ETR_SetConfig
                0x080053cc       0x40 ./Drivers/STM32G4xx_HAL_Driver/Src/stm32g4xx_hal_tim.o
                0x080053cc                TIM_ETR_SetConfig
 .text.TIM_CCxChannelCmd
                0x0800540c       0x4a ./Drivers/STM32G4xx_HAL_Driver/Src/stm32g4xx_hal_tim.o
                0x0800540c                TIM_CCxChannelCmd
 .text.HAL_TIMEx_HallSensor_Init
                0x08005456      0x15e ./Drivers/STM32G4xx_HAL_Driver/Src/stm32g4xx_hal_tim_ex.o
                0x08005456                HAL_TIMEx_HallSensor_Init
 .text.HAL_TIMEx_PWMN_Start
                0x080055b4      0x184 ./Drivers/STM32G4xx_HAL_Driver/Src/stm32g4xx_hal_tim_ex.o
                0x080055b4                HAL_TIMEx_PWMN_Start
 .text.HAL_TIMEx_MasterConfigSynchronization
                0x08005738      0x12c ./Drivers/STM32G4xx_HAL_Driver/Src/stm32g4xx_hal_tim_ex.o
                0x08005738                HAL_TIMEx_MasterConfigSynchronization
 .text.HAL_TIMEx_ConfigBreakDeadTime
                0x08005864      0x128 ./Drivers/STM32G4xx_HAL_Driver/Src/stm32g4xx_hal_tim_ex.o
                0x08005864                HAL_TIMEx_ConfigBreakDeadTime
 .text.HAL_TIMEx_CommutCallback
                0x0800598c       0x14 ./Drivers/STM32G4xx_HAL_Driver/Src/stm32g4xx_hal_tim_ex.o
                0x0800598c                HAL_TIMEx_CommutCallback
 .text.HAL_TIMEx_BreakCallback
                0x080059a0       0x14 ./Drivers/STM32G4xx_HAL_Driver/Src/stm32g4xx_hal_tim_ex.o
                0x080059a0                HAL_TIMEx_BreakCallback
 .text.HAL_TIMEx_Break2Callback
                0x080059b4       0x14 ./Drivers/STM32G4xx_HAL_Driver/Src/stm32g4xx_hal_tim_ex.o
                0x080059b4                HAL_TIMEx_Break2Callback
 .text.HAL_TIMEx_EncoderIndexCallback
                0x080059c8       0x14 ./Drivers/STM32G4xx_HAL_Driver/Src/stm32g4xx_hal_tim_ex.o
                0x080059c8                HAL_TIMEx_EncoderIndexCallback
 .text.HAL_TIMEx_DirectionChangeCallback
                0x080059dc       0x14 ./Drivers/STM32G4xx_HAL_Driver/Src/stm32g4xx_hal_tim_ex.o
                0x080059dc                HAL_TIMEx_DirectionChangeCallback
 .text.HAL_TIMEx_IndexErrorCallback
                0x080059f0       0x14 ./Drivers/STM32G4xx_HAL_Driver/Src/stm32g4xx_hal_tim_ex.o
                0x080059f0                HAL_TIMEx_IndexErrorCallback
 .text.HAL_TIMEx_TransitionErrorCallback
                0x08005a04       0x14 ./Drivers/STM32G4xx_HAL_Driver/Src/stm32g4xx_hal_tim_ex.o
                0x08005a04                HAL_TIMEx_TransitionErrorCallback
 .text.TIM_CCxNChannelCmd
                0x08005a18       0x4a ./Drivers/STM32G4xx_HAL_Driver/Src/stm32g4xx_hal_tim_ex.o
 .text.HAL_UART_Init
                0x08005a62       0xa0 ./Drivers/STM32G4xx_HAL_Driver/Src/stm32g4xx_hal_uart.o
                0x08005a62                HAL_UART_Init
 .text.HAL_UART_Transmit
                0x08005b02      0x11c ./Drivers/STM32G4xx_HAL_Driver/Src/stm32g4xx_hal_uart.o
                0x08005b02                HAL_UART_Transmit
 *fill*         0x08005c1e        0x2 
 .text.HAL_UART_Receive_IT
                0x08005c20       0x98 ./Drivers/STM32G4xx_HAL_Driver/Src/stm32g4xx_hal_uart.o
                0x08005c20                HAL_UART_Receive_IT
 .text.HAL_UART_IRQHandler
                0x08005cb8      0x684 ./Drivers/STM32G4xx_HAL_Driver/Src/stm32g4xx_hal_uart.o
                0x08005cb8                HAL_UART_IRQHandler
 .text.HAL_UART_TxCpltCallback
                0x0800633c       0x14 ./Drivers/STM32G4xx_HAL_Driver/Src/stm32g4xx_hal_uart.o
                0x0800633c                HAL_UART_TxCpltCallback
 .text.HAL_UART_ErrorCallback
                0x08006350       0x14 ./Drivers/STM32G4xx_HAL_Driver/Src/stm32g4xx_hal_uart.o
                0x08006350                HAL_UART_ErrorCallback
 .text.HAL_UARTEx_RxEventCallback
                0x08006364       0x18 ./Drivers/STM32G4xx_HAL_Driver/Src/stm32g4xx_hal_uart.o
                0x08006364                HAL_UARTEx_RxEventCallback
 .text.UART_SetConfig
                0x0800637c      0x5f8 ./Drivers/STM32G4xx_HAL_Driver/Src/stm32g4xx_hal_uart.o
                0x0800637c                UART_SetConfig
 .text.UART_AdvFeatureConfig
                0x08006974      0x144 ./Drivers/STM32G4xx_HAL_Driver/Src/stm32g4xx_hal_uart.o
                0x08006974                UART_AdvFeatureConfig
 .text.UART_CheckIdleState
                0x08006ab8      0x154 ./Drivers/STM32G4xx_HAL_Driver/Src/stm32g4xx_hal_uart.o
                0x08006ab8                UART_CheckIdleState
 .text.UART_WaitOnFlagUntilTimeout
                0x08006c0c       0xda ./Drivers/STM32G4xx_HAL_Driver/Src/stm32g4xx_hal_uart.o
                0x08006c0c                UART_WaitOnFlagUntilTimeout
 *fill*         0x08006ce6        0x2 
 .text.UART_Start_Receive_IT
                0x08006ce8      0x244 ./Drivers/STM32G4xx_HAL_Driver/Src/stm32g4xx_hal_uart.o
                0x08006ce8                UART_Start_Receive_IT
 .text.UART_EndRxTransfer
                0x08006f2c       0xcc ./Drivers/STM32G4xx_HAL_Driver/Src/stm32g4xx_hal_uart.o
 .text.UART_DMAAbortOnError
                0x08006ff8       0x24 ./Drivers/STM32G4xx_HAL_Driver/Src/stm32g4xx_hal_uart.o
 .text.UART_EndTransmit_IT
                0x0800701c       0x56 ./Drivers/STM32G4xx_HAL_Driver/Src/stm32g4xx_hal_uart.o
 *fill*         0x08007072        0x2 
 .text.UART_RxISR_8BIT
                0x08007074      0x1b8 ./Drivers/STM32G4xx_HAL_Driver/Src/stm32g4xx_hal_uart.o
 .text.UART_RxISR_16BIT
                0x0800722c      0x1b8 ./Drivers/STM32G4xx_HAL_Driver/Src/stm32g4xx_hal_uart.o
 .text.UART_RxISR_8BIT_FIFOEN
                0x080073e4      0x364 ./Drivers/STM32G4xx_HAL_Driver/Src/stm32g4xx_hal_uart.o
 .text.UART_RxISR_16BIT_FIFOEN
                0x08007748      0x36c ./Drivers/STM32G4xx_HAL_Driver/Src/stm32g4xx_hal_uart.o
 .text.HAL_UARTEx_WakeupCallback
                0x08007ab4       0x14 ./Drivers/STM32G4xx_HAL_Driver/Src/stm32g4xx_hal_uart_ex.o
                0x08007ab4                HAL_UARTEx_WakeupCallback
 .text.HAL_UARTEx_RxFifoFullCallback
                0x08007ac8       0x14 ./Drivers/STM32G4xx_HAL_Driver/Src/stm32g4xx_hal_uart_ex.o
                0x08007ac8                HAL_UARTEx_RxFifoFullCallback
 .text.HAL_UARTEx_TxFifoEmptyCallback
                0x08007adc       0x14 ./Drivers/STM32G4xx_HAL_Driver/Src/stm32g4xx_hal_uart_ex.o
                0x08007adc                HAL_UARTEx_TxFifoEmptyCallback
 .text.HAL_UARTEx_DisableFifoMode
                0x08007af0       0x72 ./Drivers/STM32G4xx_HAL_Driver/Src/stm32g4xx_hal_uart_ex.o
                0x08007af0                HAL_UARTEx_DisableFifoMode
 .text.HAL_UARTEx_SetTxFifoThreshold
                0x08007b62       0x7c ./Drivers/STM32G4xx_HAL_Driver/Src/stm32g4xx_hal_uart_ex.o
                0x08007b62                HAL_UARTEx_SetTxFifoThreshold
 .text.HAL_UARTEx_SetRxFifoThreshold
                0x08007bde       0x7c ./Drivers/STM32G4xx_HAL_Driver/Src/stm32g4xx_hal_uart_ex.o
                0x08007bde                HAL_UARTEx_SetRxFifoThreshold
 *fill*         0x08007c5a        0x2 
 .text.UARTEx_SetNbDataToProcess
                0x08007c5c       0x9c ./Drivers/STM32G4xx_HAL_Driver/Src/stm32g4xx_hal_uart_ex.o
 .text.memset   0x08007cf8       0x10 C:/ST/STM32CubeIDE_1.16.1/STM32CubeIDE/plugins/com.st.stm32cube.ide.mcu.externaltools.gnu-tools-for-stm32.12.3.rel1.win32_1.0.200.202406191623/tools/bin/../lib/gcc/arm-none-eabi/12.3.1/../../../../arm-none-eabi/lib/thumb/v7e-m+fp/hard\libc_nano.a(libc_a-memset.o)
                0x08007cf8                memset
 .text.__libc_init_array
                0x08007d08       0x48 C:/ST/STM32CubeIDE_1.16.1/STM32CubeIDE/plugins/com.st.stm32cube.ide.mcu.externaltools.gnu-tools-for-stm32.12.3.rel1.win32_1.0.200.202406191623/tools/bin/../lib/gcc/arm-none-eabi/12.3.1/../../../../arm-none-eabi/lib/thumb/v7e-m+fp/hard\libc_nano.a(libc_a-init.o)
                0x08007d08                __libc_init_array
 *(.glue_7)
 .glue_7        0x08007d50        0x0 linker stubs
 *(.glue_7t)
 .glue_7t       0x08007d50        0x0 linker stubs
 *(.eh_frame)
 .eh_frame      0x08007d50        0x0 C:/ST/STM32CubeIDE_1.16.1/STM32CubeIDE/plugins/com.st.stm32cube.ide.mcu.externaltools.gnu-tools-for-stm32.12.3.rel1.win32_1.0.200.202406191623/tools/bin/../lib/gcc/arm-none-eabi/12.3.1/thumb/v7e-m+fp/hard/crtbegin.o
 *(.init)
 .init          0x08007d50        0x4 C:/ST/STM32CubeIDE_1.16.1/STM32CubeIDE/plugins/com.st.stm32cube.ide.mcu.externaltools.gnu-tools-for-stm32.12.3.rel1.win32_1.0.200.202406191623/tools/bin/../lib/gcc/arm-none-eabi/12.3.1/thumb/v7e-m+fp/hard/crti.o
                0x08007d50                _init
 .init          0x08007d54        0x8 C:/ST/STM32CubeIDE_1.16.1/STM32CubeIDE/plugins/com.st.stm32cube.ide.mcu.externaltools.gnu-tools-for-stm32.12.3.rel1.win32_1.0.200.202406191623/tools/bin/../lib/gcc/arm-none-eabi/12.3.1/thumb/v7e-m+fp/hard/crtn.o
 *(.fini)
 .fini          0x08007d5c        0x4 C:/ST/STM32CubeIDE_1.16.1/STM32CubeIDE/plugins/com.st.stm32cube.ide.mcu.externaltools.gnu-tools-for-stm32.12.3.rel1.win32_1.0.200.202406191623/tools/bin/../lib/gcc/arm-none-eabi/12.3.1/thumb/v7e-m+fp/hard/crti.o
                0x08007d5c                _fini
 .fini          0x08007d60        0x8 C:/ST/STM32CubeIDE_1.16.1/STM32CubeIDE/plugins/com.st.stm32cube.ide.mcu.externaltools.gnu-tools-for-stm32.12.3.rel1.win32_1.0.200.202406191623/tools/bin/../lib/gcc/arm-none-eabi/12.3.1/thumb/v7e-m+fp/hard/crtn.o
                0x08007d68                        . = ALIGN (0x4)
                0x08007d68                        _etext = .

.vfp11_veneer   0x08007d68        0x0
 .vfp11_veneer  0x08007d68        0x0 linker stubs

.v4_bx          0x08007d68        0x0
 .v4_bx         0x08007d68        0x0 linker stubs

.iplt           0x08007d68        0x0
 .iplt          0x08007d68        0x0 C:/ST/STM32CubeIDE_1.16.1/STM32CubeIDE/plugins/com.st.stm32cube.ide.mcu.externaltools.gnu-tools-for-stm32.12.3.rel1.win32_1.0.200.202406191623/tools/bin/../lib/gcc/arm-none-eabi/12.3.1/thumb/v7e-m+fp/hard/crtbegin.o

.rodata         0x08007d68       0x40
                0x08007d68                        . = ALIGN (0x4)
 *(.rodata)
 *(.rodata*)
 .rodata.AHBPrescTable
                0x08007d68       0x10 ./Core/Src/system_stm32g4xx.o
                0x08007d68                AHBPrescTable
 .rodata.APBPrescTable
                0x08007d78        0x8 ./Core/Src/system_stm32g4xx.o
                0x08007d78                APBPrescTable
 .rodata.UARTPrescTable
                0x08007d80       0x18 ./Drivers/STM32G4xx_HAL_Driver/Src/stm32g4xx_hal_uart.o
                0x08007d80                UARTPrescTable
 .rodata.numerator.1
                0x08007d98        0x8 ./Drivers/STM32G4xx_HAL_Driver/Src/stm32g4xx_hal_uart_ex.o
 .rodata.denominator.0
                0x08007da0        0x8 ./Drivers/STM32G4xx_HAL_Driver/Src/stm32g4xx_hal_uart_ex.o
                0x08007da8                        . = ALIGN (0x4)

.ARM.extab      0x08007da8        0x0
                0x08007da8                        . = ALIGN (0x4)
 *(.ARM.extab* .gnu.linkonce.armextab.*)
                0x08007da8                        . = ALIGN (0x4)

.ARM            0x08007da8        0x8
                0x08007da8                        . = ALIGN (0x4)
                0x08007da8                        __exidx_start = .
 *(.ARM.exidx*)
 .ARM.exidx     0x08007da8        0x8 C:/ST/STM32CubeIDE_1.16.1/STM32CubeIDE/plugins/com.st.stm32cube.ide.mcu.externaltools.gnu-tools-for-stm32.12.3.rel1.win32_1.0.200.202406191623/tools/bin/../lib/gcc/arm-none-eabi/12.3.1/../../../../arm-none-eabi/lib/thumb/v7e-m+fp/hard\libc_nano.a(libc_a-strlen.o)
 .ARM.exidx     0x08007db0        0x0 C:/ST/STM32CubeIDE_1.16.1/STM32CubeIDE/plugins/com.st.stm32cube.ide.mcu.externaltools.gnu-tools-for-stm32.12.3.rel1.win32_1.0.200.202406191623/tools/bin/../lib/gcc/arm-none-eabi/12.3.1/thumb/v7e-m+fp/hard\libgcc.a(_udivmoddi4.o)
                                  0x8 (size before relaxing)
                0x08007db0                        __exidx_end = .
                0x08007db0                        . = ALIGN (0x4)

.preinit_array  0x08007db0        0x0
                0x08007db0                        . = ALIGN (0x4)
                0x08007db0                        PROVIDE (__preinit_array_start = .)
 *(.preinit_array*)
                0x08007db0                        PROVIDE (__preinit_array_end = .)
                0x08007db0                        . = ALIGN (0x4)

.init_array     0x08007db0        0x4
                0x08007db0                        . = ALIGN (0x4)
                0x08007db0                        PROVIDE (__init_array_start = .)
 *(SORT_BY_NAME(.init_array.*))
 *(.init_array*)
 .init_array    0x08007db0        0x4 C:/ST/STM32CubeIDE_1.16.1/STM32CubeIDE/plugins/com.st.stm32cube.ide.mcu.externaltools.gnu-tools-for-stm32.12.3.rel1.win32_1.0.200.202406191623/tools/bin/../lib/gcc/arm-none-eabi/12.3.1/thumb/v7e-m+fp/hard/crtbegin.o
                0x08007db4                        PROVIDE (__init_array_end = .)
                0x08007db4                        . = ALIGN (0x4)

.fini_array     0x08007db4        0x4
                0x08007db4                        . = ALIGN (0x4)
                [!provide]                        PROVIDE (__fini_array_start = .)
 *(SORT_BY_NAME(.fini_array.*))
 *(.fini_array*)
 .fini_array    0x08007db4        0x4 C:/ST/STM32CubeIDE_1.16.1/STM32CubeIDE/plugins/com.st.stm32cube.ide.mcu.externaltools.gnu-tools-for-stm32.12.3.rel1.win32_1.0.200.202406191623/tools/bin/../lib/gcc/arm-none-eabi/12.3.1/thumb/v7e-m+fp/hard/crtbegin.o
                [!provide]                        PROVIDE (__fini_array_end = .)
                0x08007db8                        . = ALIGN (0x4)
                0x08007db8                        _sidata = LOADADDR (.data)

.rel.dyn        0x08007db8        0x0
 .rel.iplt      0x08007db8        0x0 C:/ST/STM32CubeIDE_1.16.1/STM32CubeIDE/plugins/com.st.stm32cube.ide.mcu.externaltools.gnu-tools-for-stm32.12.3.rel1.win32_1.0.200.202406191623/tools/bin/../lib/gcc/arm-none-eabi/12.3.1/thumb/v7e-m+fp/hard/crtbegin.o

.data           0x20000000       0x90 load address 0x08007db8
                0x20000000                        . = ALIGN (0x4)
                0x20000000                        _sdata = .
 *(.data)
 *(.data*)
 .data.SystemCoreClock
                0x20000000        0x4 ./Core/Src/system_stm32g4xx.o
                0x20000000                SystemCoreClock
 .data.prompt   0x20000004       0x1c ./Core/Src/mylibs/shell.o
                0x20000004                prompt
 .data.started  0x20000020       0x66 ./Core/Src/mylibs/shell.o
                0x20000020                started
 *fill*         0x20000086        0x2 
 .data.uwTickPrio
                0x20000088        0x4 ./Drivers/STM32G4xx_HAL_Driver/Src/stm32g4xx_hal.o
                0x20000088                uwTickPrio
 .data.uwTickFreq
                0x2000008c        0x4 ./Drivers/STM32G4xx_HAL_Driver/Src/stm32g4xx_hal.o
                0x2000008c                uwTickFreq
 *(.RamFunc)
 *(.RamFunc*)
                0x20000090                        . = ALIGN (0x4)
                0x20000090                        _edata = .

.igot.plt       0x20000090        0x0 load address 0x08007e48
 .igot.plt      0x20000090        0x0 C:/ST/STM32CubeIDE_1.16.1/STM32CubeIDE/plugins/com.st.stm32cube.ide.mcu.externaltools.gnu-tools-for-stm32.12.3.rel1.win32_1.0.200.202406191623/tools/bin/../lib/gcc/arm-none-eabi/12.3.1/thumb/v7e-m+fp/hard/crtbegin.o
                0x20000090                        . = ALIGN (0x4)

.bss            0x20000090      0x3b4 load address 0x08007e48
                0x20000090                        _sbss = .
                0x20000090                        __bss_start__ = _sbss
 *(.bss)
 .bss           0x20000090       0x1c C:/ST/STM32CubeIDE_1.16.1/STM32CubeIDE/plugins/com.st.stm32cube.ide.mcu.externaltools.gnu-tools-for-stm32.12.3.rel1.win32_1.0.200.202406191623/tools/bin/../lib/gcc/arm-none-eabi/12.3.1/thumb/v7e-m+fp/hard/crtbegin.o
 *(.bss*)
 .bss.hadc1     0x200000ac       0x6c ./Core/Src/adc.o
                0x200000ac                hadc1
 .bss.hadc2     0x20000118       0x6c ./Core/Src/adc.o
                0x20000118                hadc2
 .bss.HAL_RCC_ADC12_CLK_ENABLED
                0x20000184        0x4 ./Core/Src/adc.o
 .bss.htim6     0x20000188       0x4c ./Core/Src/stm32g4xx_hal_timebase_tim.o
                0x20000188                htim6
 .bss.htim1     0x200001d4       0x4c ./Core/Src/tim.o
                0x200001d4                htim1
 .bss.htim3     0x20000220       0x4c ./Core/Src/tim.o
                0x20000220                htim3
 .bss.huart2    0x2000026c       0x94 ./Core/Src/usart.o
                0x2000026c                huart2
 .bss.huart3    0x20000300       0x94 ./Core/Src/usart.o
                0x20000300                huart3
 .bss.uartRxReceived
                0x20000394        0x1 ./Core/Src/mylibs/shell.o
                0x20000394                uartRxReceived
 *fill*         0x20000395        0x3 
 .bss.uartRxBuffer
                0x20000398        0x1 ./Core/Src/mylibs/shell.o
                0x20000398                uartRxBuffer
 *fill*         0x20000399        0x3 
 .bss.uartTxBuffer
                0x2000039c       0x40 ./Core/Src/mylibs/shell.o
                0x2000039c                uartTxBuffer
 .bss.cmdBuffer
                0x200003dc       0x40 ./Core/Src/mylibs/shell.o
                0x200003dc                cmdBuffer
 .bss.argv      0x2000041c       0x24 ./Core/Src/mylibs/shell.o
                0x2000041c                argv
 .bss.uwTick    0x20000440        0x4 ./Drivers/STM32G4xx_HAL_Driver/Src/stm32g4xx_hal.o
                0x20000440                uwTick
 *(COMMON)
                0x20000444                        . = ALIGN (0x4)
                0x20000444                        _ebss = .
                0x20000444                        __bss_end__ = _ebss

._user_heap_stack
                0x20000444      0x604 load address 0x08007e48
                0x20000448                        . = ALIGN (0x8)
 *fill*         0x20000444        0x4 
                [!provide]                        PROVIDE (end = .)
                0x20000448                        PROVIDE (_end = .)
                0x20000648                        . = (. + _Min_Heap_Size)
 *fill*         0x20000448      0x200 
                0x20000a48                        . = (. + _Min_Stack_Size)
 *fill*         0x20000648      0x400 
                0x20000a48                        . = ALIGN (0x8)

/DISCARD/
 libc.a(*)
 libm.a(*)
 libgcc.a(*)

.ARM.attributes
                0x00000000       0x30
 *(.ARM.attributes)
 .ARM.attributes
                0x00000000       0x22 C:/ST/STM32CubeIDE_1.16.1/STM32CubeIDE/plugins/com.st.stm32cube.ide.mcu.externaltools.gnu-tools-for-stm32.12.3.rel1.win32_1.0.200.202406191623/tools/bin/../lib/gcc/arm-none-eabi/12.3.1/thumb/v7e-m+fp/hard/crti.o
 .ARM.attributes
                0x00000022       0x34 C:/ST/STM32CubeIDE_1.16.1/STM32CubeIDE/plugins/com.st.stm32cube.ide.mcu.externaltools.gnu-tools-for-stm32.12.3.rel1.win32_1.0.200.202406191623/tools/bin/../lib/gcc/arm-none-eabi/12.3.1/thumb/v7e-m+fp/hard/crtbegin.o
 .ARM.attributes
                0x00000056       0x34 ./Core/Src/adc.o
 .ARM.attributes
                0x0000008a       0x34 ./Core/Src/gpio.o
 .ARM.attributes
                0x000000be       0x34 ./Core/Src/main.o
 .ARM.attributes
                0x000000f2       0x34 ./Core/Src/stm32g4xx_hal_msp.o
 .ARM.attributes
                0x00000126       0x34 ./Core/Src/stm32g4xx_hal_timebase_tim.o
 .ARM.attributes
                0x0000015a       0x34 ./Core/Src/stm32g4xx_it.o
 .ARM.attributes
                0x0000018e       0x34 ./Core/Src/system_stm32g4xx.o
 .ARM.attributes
                0x000001c2       0x34 ./Core/Src/tim.o
 .ARM.attributes
                0x000001f6       0x34 ./Core/Src/usart.o
 .ARM.attributes
                0x0000022a       0x34 ./Core/Src/mylibs/shell.o
 .ARM.attributes
                0x0000025e       0x21 ./Core/Startup/startup_stm32g474retx.o
 .ARM.attributes
                0x0000027f       0x34 ./Drivers/STM32G4xx_HAL_Driver/Src/stm32g4xx_hal.o
 .ARM.attributes
                0x000002b3       0x34 ./Drivers/STM32G4xx_HAL_Driver/Src/stm32g4xx_hal_adc.o
 .ARM.attributes
                0x000002e7       0x34 ./Drivers/STM32G4xx_HAL_Driver/Src/stm32g4xx_hal_adc_ex.o
 .ARM.attributes
                0x0000031b       0x34 ./Drivers/STM32G4xx_HAL_Driver/Src/stm32g4xx_hal_cortex.o
 .ARM.attributes
                0x0000034f       0x34 ./Drivers/STM32G4xx_HAL_Driver/Src/stm32g4xx_hal_dma.o
 .ARM.attributes
                0x00000383       0x34 ./Drivers/STM32G4xx_HAL_Driver/Src/stm32g4xx_hal_gpio.o
 .ARM.attributes
                0x000003b7       0x34 ./Drivers/STM32G4xx_HAL_Driver/Src/stm32g4xx_hal_pwr_ex.o
 .ARM.attributes
                0x000003eb       0x34 ./Drivers/STM32G4xx_HAL_Driver/Src/stm32g4xx_hal_rcc.o
 .ARM.attributes
                0x0000041f       0x34 ./Drivers/STM32G4xx_HAL_Driver/Src/stm32g4xx_hal_rcc_ex.o
 .ARM.attributes
                0x00000453       0x34 ./Drivers/STM32G4xx_HAL_Driver/Src/stm32g4xx_hal_tim.o
 .ARM.attributes
                0x00000487       0x34 ./Drivers/STM32G4xx_HAL_Driver/Src/stm32g4xx_hal_tim_ex.o
 .ARM.attributes
                0x000004bb       0x34 ./Drivers/STM32G4xx_HAL_Driver/Src/stm32g4xx_hal_uart.o
 .ARM.attributes
                0x000004ef       0x34 ./Drivers/STM32G4xx_HAL_Driver/Src/stm32g4xx_hal_uart_ex.o
 .ARM.attributes
                0x00000523       0x34 C:/ST/STM32CubeIDE_1.16.1/STM32CubeIDE/plugins/com.st.stm32cube.ide.mcu.externaltools.gnu-tools-for-stm32.12.3.rel1.win32_1.0.200.202406191623/tools/bin/../lib/gcc/arm-none-eabi/12.3.1/../../../../arm-none-eabi/lib/thumb/v7e-m+fp/hard\libc_nano.a(libc_a-memset.o)
 .ARM.attributes
                0x00000557       0x34 C:/ST/STM32CubeIDE_1.16.1/STM32CubeIDE/plugins/com.st.stm32cube.ide.mcu.externaltools.gnu-tools-for-stm32.12.3.rel1.win32_1.0.200.202406191623/tools/bin/../lib/gcc/arm-none-eabi/12.3.1/../../../../arm-none-eabi/lib/thumb/v7e-m+fp/hard\libc_nano.a(libc_a-init.o)
 .ARM.attributes
                0x0000058b       0x17 C:/ST/STM32CubeIDE_1.16.1/STM32CubeIDE/plugins/com.st.stm32cube.ide.mcu.externaltools.gnu-tools-for-stm32.12.3.rel1.win32_1.0.200.202406191623/tools/bin/../lib/gcc/arm-none-eabi/12.3.1/../../../../arm-none-eabi/lib/thumb/v7e-m+fp/hard\libc_nano.a(libc_a-strlen.o)
 .ARM.attributes
                0x000005a2       0x22 C:/ST/STM32CubeIDE_1.16.1/STM32CubeIDE/plugins/com.st.stm32cube.ide.mcu.externaltools.gnu-tools-for-stm32.12.3.rel1.win32_1.0.200.202406191623/tools/bin/../lib/gcc/arm-none-eabi/12.3.1/thumb/v7e-m+fp/hard\libgcc.a(_aeabi_uldivmod.o)
 .ARM.attributes
                0x000005c4       0x34 C:/ST/STM32CubeIDE_1.16.1/STM32CubeIDE/plugins/com.st.stm32cube.ide.mcu.externaltools.gnu-tools-for-stm32.12.3.rel1.win32_1.0.200.202406191623/tools/bin/../lib/gcc/arm-none-eabi/12.3.1/thumb/v7e-m+fp/hard\libgcc.a(_udivmoddi4.o)
 .ARM.attributes
                0x000005f8       0x22 C:/ST/STM32CubeIDE_1.16.1/STM32CubeIDE/plugins/com.st.stm32cube.ide.mcu.externaltools.gnu-tools-for-stm32.12.3.rel1.win32_1.0.200.202406191623/tools/bin/../lib/gcc/arm-none-eabi/12.3.1/thumb/v7e-m+fp/hard\libgcc.a(_dvmd_tls.o)
 .ARM.attributes
                0x0000061a       0x22 C:/ST/STM32CubeIDE_1.16.1/STM32CubeIDE/plugins/com.st.stm32cube.ide.mcu.externaltools.gnu-tools-for-stm32.12.3.rel1.win32_1.0.200.202406191623/tools/bin/../lib/gcc/arm-none-eabi/12.3.1/thumb/v7e-m+fp/hard/crtn.o
OUTPUT(stm32Code.elf elf32-littlearm)
LOAD linker stubs
LOAD C:/ST/STM32CubeIDE_1.16.1/STM32CubeIDE/plugins/com.st.stm32cube.ide.mcu.externaltools.gnu-tools-for-stm32.12.3.rel1.win32_1.0.200.202406191623/tools/bin/../lib/gcc/arm-none-eabi/12.3.1/../../../../arm-none-eabi/lib/thumb/v7e-m+fp/hard\libc.a
LOAD C:/ST/STM32CubeIDE_1.16.1/STM32CubeIDE/plugins/com.st.stm32cube.ide.mcu.externaltools.gnu-tools-for-stm32.12.3.rel1.win32_1.0.200.202406191623/tools/bin/../lib/gcc/arm-none-eabi/12.3.1/../../../../arm-none-eabi/lib/thumb/v7e-m+fp/hard\libm.a
LOAD C:/ST/STM32CubeIDE_1.16.1/STM32CubeIDE/plugins/com.st.stm32cube.ide.mcu.externaltools.gnu-tools-for-stm32.12.3.rel1.win32_1.0.200.202406191623/tools/bin/../lib/gcc/arm-none-eabi/12.3.1/thumb/v7e-m+fp/hard\libgcc.a

.debug_info     0x00000000    0x19d39
 .debug_info    0x00000000     0x1021 ./Core/Src/adc.o
 .debug_info    0x00001021      0x77a ./Core/Src/gpio.o
 .debug_info    0x0000179b      0xaa0 ./Core/Src/main.o
 .debug_info    0x0000223b      0x2da ./Core/Src/stm32g4xx_hal_msp.o
 .debug_info    0x00002515      0xe78 ./Core/Src/stm32g4xx_hal_timebase_tim.o
 .debug_info    0x0000338d      0xc93 ./Core/Src/stm32g4xx_it.o
 .debug_info    0x00004020      0x58e ./Core/Src/system_stm32g4xx.o
 .debug_info    0x000045ae     0x10ae ./Core/Src/tim.o
 .debug_info    0x0000565c     0x10f4 ./Core/Src/usart.o
 .debug_info    0x00006750      0xb40 ./Core/Src/mylibs/shell.o
 .debug_info    0x00007290       0x30 ./Core/Startup/startup_stm32g474retx.o
 .debug_info    0x000072c0      0xb95 ./Drivers/STM32G4xx_HAL_Driver/Src/stm32g4xx_hal.o
 .debug_info    0x00007e55     0x2063 ./Drivers/STM32G4xx_HAL_Driver/Src/stm32g4xx_hal_adc.o
 .debug_info    0x00009eb8     0x1d80 ./Drivers/STM32G4xx_HAL_Driver/Src/stm32g4xx_hal_adc_ex.o
 .debug_info    0x0000bc38      0xdf9 ./Drivers/STM32G4xx_HAL_Driver/Src/stm32g4xx_hal_cortex.o
 .debug_info    0x0000ca31      0x85f ./Drivers/STM32G4xx_HAL_Driver/Src/stm32g4xx_hal_dma.o
 .debug_info    0x0000d290      0x763 ./Drivers/STM32G4xx_HAL_Driver/Src/stm32g4xx_hal_gpio.o
 .debug_info    0x0000d9f3      0x93f ./Drivers/STM32G4xx_HAL_Driver/Src/stm32g4xx_hal_pwr_ex.o
 .debug_info    0x0000e332      0xbe0 ./Drivers/STM32G4xx_HAL_Driver/Src/stm32g4xx_hal_rcc.o
 .debug_info    0x0000ef12      0xc45 ./Drivers/STM32G4xx_HAL_Driver/Src/stm32g4xx_hal_rcc_ex.o
 .debug_info    0x0000fb57     0x2c52 ./Drivers/STM32G4xx_HAL_Driver/Src/stm32g4xx_hal_tim.o
 .debug_info    0x000127a9     0x1d95 ./Drivers/STM32G4xx_HAL_Driver/Src/stm32g4xx_hal_tim_ex.o
 .debug_info    0x0001453e     0x481e ./Drivers/STM32G4xx_HAL_Driver/Src/stm32g4xx_hal_uart.o
 .debug_info    0x00018d5c      0xfdd ./Drivers/STM32G4xx_HAL_Driver/Src/stm32g4xx_hal_uart_ex.o

.debug_abbrev   0x00000000     0x33f1
 .debug_abbrev  0x00000000      0x1f5 ./Core/Src/adc.o
 .debug_abbrev  0x000001f5      0x15b ./Core/Src/gpio.o
 .debug_abbrev  0x00000350      0x261 ./Core/Src/main.o
 .debug_abbrev  0x000005b1       0xd9 ./Core/Src/stm32g4xx_hal_msp.o
 .debug_abbrev  0x0000068a      0x223 ./Core/Src/stm32g4xx_hal_timebase_tim.o
 .debug_abbrev  0x000008ad      0x1b7 ./Core/Src/stm32g4xx_it.o
 .debug_abbrev  0x00000a64      0x11a ./Core/Src/system_stm32g4xx.o
 .debug_abbrev  0x00000b7e      0x2a1 ./Core/Src/tim.o
 .debug_abbrev  0x00000e1f      0x219 ./Core/Src/usart.o
 .debug_abbrev  0x00001038      0x20b ./Core/Src/mylibs/shell.o
 .debug_abbrev  0x00001243       0x24 ./Core/Startup/startup_stm32g474retx.o
 .debug_abbrev  0x00001267      0x271 ./Drivers/STM32G4xx_HAL_Driver/Src/stm32g4xx_hal.o
 .debug_abbrev  0x000014d8      0x2d3 ./Drivers/STM32G4xx_HAL_Driver/Src/stm32g4xx_hal_adc.o
 .debug_abbrev  0x000017ab      0x2ee ./Drivers/STM32G4xx_HAL_Driver/Src/stm32g4xx_hal_adc_ex.o
 .debug_abbrev  0x00001a99      0x31c ./Drivers/STM32G4xx_HAL_Driver/Src/stm32g4xx_hal_cortex.o
 .debug_abbrev  0x00001db5      0x1e2 ./Drivers/STM32G4xx_HAL_Driver/Src/stm32g4xx_hal_dma.o
 .debug_abbrev  0x00001f97      0x1cb ./Drivers/STM32G4xx_HAL_Driver/Src/stm32g4xx_hal_gpio.o
 .debug_abbrev  0x00002162      0x22c ./Drivers/STM32G4xx_HAL_Driver/Src/stm32g4xx_hal_pwr_ex.o
 .debug_abbrev  0x0000238e      0x2c9 ./Drivers/STM32G4xx_HAL_Driver/Src/stm32g4xx_hal_rcc.o
 .debug_abbrev  0x00002657      0x258 ./Drivers/STM32G4xx_HAL_Driver/Src/stm32g4xx_hal_rcc_ex.o
 .debug_abbrev  0x000028af      0x2a7 ./Drivers/STM32G4xx_HAL_Driver/Src/stm32g4xx_hal_tim.o
 .debug_abbrev  0x00002b56      0x2c5 ./Drivers/STM32G4xx_HAL_Driver/Src/stm32g4xx_hal_tim_ex.o
 .debug_abbrev  0x00002e1b      0x304 ./Drivers/STM32G4xx_HAL_Driver/Src/stm32g4xx_hal_uart.o
 .debug_abbrev  0x0000311f      0x2d2 ./Drivers/STM32G4xx_HAL_Driver/Src/stm32g4xx_hal_uart_ex.o

.debug_aranges  0x00000000     0x1560
 .debug_aranges
                0x00000000       0x38 ./Core/Src/adc.o
 .debug_aranges
                0x00000038       0x20 ./Core/Src/gpio.o
 .debug_aranges
                0x00000058       0x38 ./Core/Src/main.o
 .debug_aranges
                0x00000090       0x20 ./Core/Src/stm32g4xx_hal_msp.o
 .debug_aranges
                0x000000b0       0x30 ./Core/Src/stm32g4xx_hal_timebase_tim.o
 .debug_aranges
                0x000000e0       0x80 ./Core/Src/stm32g4xx_it.o
 .debug_aranges
                0x00000160       0x28 ./Core/Src/system_stm32g4xx.o
 .debug_aranges
                0x00000188       0x50 ./Core/Src/tim.o
 .debug_aranges
                0x000001d8       0x38 ./Core/Src/usart.o
 .debug_aranges
                0x00000210       0x30 ./Core/Src/mylibs/shell.o
 .debug_aranges
                0x00000240       0x28 ./Core/Startup/startup_stm32g474retx.o
 .debug_aranges
                0x00000268      0x148 ./Drivers/STM32G4xx_HAL_Driver/Src/stm32g4xx_hal.o
 .debug_aranges
                0x000003b0      0x248 ./Drivers/STM32G4xx_HAL_Driver/Src/stm32g4xx_hal_adc.o
 .debug_aranges
                0x000005f8      0x1c0 ./Drivers/STM32G4xx_HAL_Driver/Src/stm32g4xx_hal_adc_ex.o
 .debug_aranges
                0x000007b8      0x128 ./Drivers/STM32G4xx_HAL_Driver/Src/stm32g4xx_hal_cortex.o
 .debug_aranges
                0x000008e0       0x90 ./Drivers/STM32G4xx_HAL_Driver/Src/stm32g4xx_hal_dma.o
 .debug_aranges
                0x00000970       0x58 ./Drivers/STM32G4xx_HAL_Driver/Src/stm32g4xx_hal_gpio.o
 .debug_aranges
                0x000009c8      0x140 ./Drivers/STM32G4xx_HAL_Driver/Src/stm32g4xx_hal_pwr_ex.o
 .debug_aranges
                0x00000b08       0x98 ./Drivers/STM32G4xx_HAL_Driver/Src/stm32g4xx_hal_rcc.o
 .debug_aranges
                0x00000ba0       0xb0 ./Drivers/STM32G4xx_HAL_Driver/Src/stm32g4xx_hal_rcc_ex.o
 .debug_aranges
                0x00000c50      0x3e0 ./Drivers/STM32G4xx_HAL_Driver/Src/stm32g4xx_hal_tim.o
 .debug_aranges
                0x00001030      0x240 ./Drivers/STM32G4xx_HAL_Driver/Src/stm32g4xx_hal_tim_ex.o
 .debug_aranges
                0x00001270      0x248 ./Drivers/STM32G4xx_HAL_Driver/Src/stm32g4xx_hal_uart.o
 .debug_aranges
                0x000014b8       0xa8 ./Drivers/STM32G4xx_HAL_Driver/Src/stm32g4xx_hal_uart_ex.o

.debug_rnglists
                0x00000000     0x1096
 .debug_rnglists
                0x00000000       0x29 ./Core/Src/adc.o
 .debug_rnglists
                0x00000029       0x14 ./Core/Src/gpio.o
 .debug_rnglists
                0x0000003d       0x26 ./Core/Src/main.o
 .debug_rnglists
                0x00000063       0x13 ./Core/Src/stm32g4xx_hal_msp.o
 .debug_rnglists
                0x00000076       0x20 ./Core/Src/stm32g4xx_hal_timebase_tim.o
 .debug_rnglists
                0x00000096       0x5b ./Core/Src/stm32g4xx_it.o
 .debug_rnglists
                0x000000f1       0x1a ./Core/Src/system_stm32g4xx.o
 .debug_rnglists
                0x0000010b       0x3b ./Core/Src/tim.o
 .debug_rnglists
                0x00000146       0x28 ./Core/Src/usart.o
 .debug_rnglists
                0x0000016e       0x21 ./Core/Src/mylibs/shell.o
 .debug_rnglists
                0x0000018f       0x19 ./Core/Startup/startup_stm32g474retx.o
 .debug_rnglists
                0x000001a8       0xf1 ./Drivers/STM32G4xx_HAL_Driver/Src/stm32g4xx_hal.o
 .debug_rnglists
                0x00000299      0x1c0 ./Drivers/STM32G4xx_HAL_Driver/Src/stm32g4xx_hal_adc.o
 .debug_rnglists
                0x00000459      0x15a ./Drivers/STM32G4xx_HAL_Driver/Src/stm32g4xx_hal_adc_ex.o
 .debug_rnglists
                0x000005b3       0xda ./Drivers/STM32G4xx_HAL_Driver/Src/stm32g4xx_hal_cortex.o
 .debug_rnglists
                0x0000068d       0x71 ./Drivers/STM32G4xx_HAL_Driver/Src/stm32g4xx_hal_dma.o
 .debug_rnglists
                0x000006fe       0x3f ./Drivers/STM32G4xx_HAL_Driver/Src/stm32g4xx_hal_gpio.o
 .debug_rnglists
                0x0000073d       0xf1 ./Drivers/STM32G4xx_HAL_Driver/Src/stm32g4xx_hal_pwr_ex.o
 .debug_rnglists
                0x0000082e       0x74 ./Drivers/STM32G4xx_HAL_Driver/Src/stm32g4xx_hal_rcc.o
 .debug_rnglists
                0x000008a2       0x87 ./Drivers/STM32G4xx_HAL_Driver/Src/stm32g4xx_hal_rcc_ex.o
 .debug_rnglists
                0x00000929      0x328 ./Drivers/STM32G4xx_HAL_Driver/Src/stm32g4xx_hal_tim.o
 .debug_rnglists
                0x00000c51      0x1cc ./Drivers/STM32G4xx_HAL_Driver/Src/stm32g4xx_hal_tim_ex.o
 .debug_rnglists
                0x00000e1d      0x1fa ./Drivers/STM32G4xx_HAL_Driver/Src/stm32g4xx_hal_uart.o
 .debug_rnglists
                0x00001017       0x7f ./Drivers/STM32G4xx_HAL_Driver/Src/stm32g4xx_hal_uart_ex.o

.debug_macro    0x00000000    0x28930
 .debug_macro   0x00000000      0x20a ./Core/Src/adc.o
 .debug_macro   0x0000020a      0xab4 ./Core/Src/adc.o
 .debug_macro   0x00000cbe      0x161 ./Core/Src/adc.o
 .debug_macro   0x00000e1f       0x2e ./Core/Src/adc.o
 .debug_macro   0x00000e4d       0x28 ./Core/Src/adc.o
 .debug_macro   0x00000e75       0x22 ./Core/Src/adc.o
 .debug_macro   0x00000e97       0x8e ./Core/Src/adc.o
 .debug_macro   0x00000f25       0x51 ./Core/Src/adc.o
 .debug_macro   0x00000f76      0x103 ./Core/Src/adc.o
 .debug_macro   0x00001079       0x6a ./Core/Src/adc.o
 .debug_macro   0x000010e3      0x1df ./Core/Src/adc.o
 .debug_macro   0x000012c2       0x1c ./Core/Src/adc.o
 .debug_macro   0x000012de       0x22 ./Core/Src/adc.o
 .debug_macro   0x00001300       0xfb ./Core/Src/adc.o
 .debug_macro   0x000013fb     0x1011 ./Core/Src/adc.o
 .debug_macro   0x0000240c      0x11f ./Core/Src/adc.o
 .debug_macro   0x0000252b    0x18b8c ./Core/Src/adc.o
 .debug_macro   0x0001b0b7       0x6d ./Core/Src/adc.o
 .debug_macro   0x0001b124     0x3558 ./Core/Src/adc.o
 .debug_macro   0x0001e67c      0x189 ./Core/Src/adc.o
 .debug_macro   0x0001e805       0x5c ./Core/Src/adc.o
 .debug_macro   0x0001e861     0x171f ./Core/Src/adc.o
 .debug_macro   0x0001ff80      0x600 ./Core/Src/adc.o
 .debug_macro   0x00020580      0x1b6 ./Core/Src/adc.o
 .debug_macro   0x00020736      0x34a ./Core/Src/adc.o
 .debug_macro   0x00020a80      0x53c ./Core/Src/adc.o
 .debug_macro   0x00020fbc      0x18b ./Core/Src/adc.o
 .debug_macro   0x00021147       0x43 ./Core/Src/adc.o
 .debug_macro   0x0002118a      0x23d ./Core/Src/adc.o
 .debug_macro   0x000213c7     0x1112 ./Core/Src/adc.o
 .debug_macro   0x000224d9      0x72e ./Core/Src/adc.o
 .debug_macro   0x00022c07      0x391 ./Core/Src/adc.o
 .debug_macro   0x00022f98      0x211 ./Core/Src/adc.o
 .debug_macro   0x000231a9      0x45c ./Core/Src/adc.o
 .debug_macro   0x00023605      0x11c ./Core/Src/adc.o
 .debug_macro   0x00023721      0x122 ./Core/Src/adc.o
 .debug_macro   0x00023843      0x3d1 ./Core/Src/adc.o
 .debug_macro   0x00023c14      0xc0b ./Core/Src/adc.o
 .debug_macro   0x0002481f      0x718 ./Core/Src/adc.o
 .debug_macro   0x00024f37      0x693 ./Core/Src/adc.o
 .debug_macro   0x000255ca       0xa6 ./Core/Src/adc.o
 .debug_macro   0x00025670      0x358 ./Core/Src/adc.o
 .debug_macro   0x000259c8       0xe2 ./Core/Src/adc.o
 .debug_macro   0x00025aaa      0x20a ./Core/Src/gpio.o
 .debug_macro   0x00025cb4      0x235 ./Core/Src/main.o
 .debug_macro   0x00025ee9       0x34 ./Core/Src/main.o
 .debug_macro   0x00025f1d      0x200 ./Core/Src/stm32g4xx_hal_msp.o
 .debug_macro   0x0002611d      0x1f1 ./Core/Src/stm32g4xx_hal_timebase_tim.o
 .debug_macro   0x0002630e      0x20a ./Core/Src/stm32g4xx_it.o
 .debug_macro   0x00026518      0x1f1 ./Core/Src/system_stm32g4xx.o
 .debug_macro   0x00026709      0x20a ./Core/Src/tim.o
 .debug_macro   0x00026913      0x20a ./Core/Src/usart.o
 .debug_macro   0x00026b1d      0x31b ./Core/Src/mylibs/shell.o
 .debug_macro   0x00026e38       0x16 ./Core/Src/mylibs/shell.o
 .debug_macro   0x00026e4e       0x16 ./Core/Src/mylibs/shell.o
 .debug_macro   0x00026e64       0x16 ./Core/Src/mylibs/shell.o
 .debug_macro   0x00026e7a       0x20 ./Core/Src/mylibs/shell.o
 .debug_macro   0x00026e9a      0x23f ./Drivers/STM32G4xx_HAL_Driver/Src/stm32g4xx_hal.o
 .debug_macro   0x000270d9      0x20e ./Drivers/STM32G4xx_HAL_Driver/Src/stm32g4xx_hal_adc.o
 .debug_macro   0x000272e7      0x1fd ./Drivers/STM32G4xx_HAL_Driver/Src/stm32g4xx_hal_adc_ex.o
 .debug_macro   0x000274e4      0x1f1 ./Drivers/STM32G4xx_HAL_Driver/Src/stm32g4xx_hal_cortex.o
 .debug_macro   0x000276d5      0x1f1 ./Drivers/STM32G4xx_HAL_Driver/Src/stm32g4xx_hal_dma.o
 .debug_macro   0x000278c6      0x1f8 ./Drivers/STM32G4xx_HAL_Driver/Src/stm32g4xx_hal_gpio.o
 .debug_macro   0x00027abe      0x21b ./Drivers/STM32G4xx_HAL_Driver/Src/stm32g4xx_hal_pwr_ex.o
 .debug_macro   0x00027cd9      0x233 ./Drivers/STM32G4xx_HAL_Driver/Src/stm32g4xx_hal_rcc.o
 .debug_macro   0x00027f0c      0x21b ./Drivers/STM32G4xx_HAL_Driver/Src/stm32g4xx_hal_rcc_ex.o
 .debug_macro   0x00028127      0x1f9 ./Drivers/STM32G4xx_HAL_Driver/Src/stm32g4xx_hal_tim.o
 .debug_macro   0x00028320      0x1f7 ./Drivers/STM32G4xx_HAL_Driver/Src/stm32g4xx_hal_tim_ex.o
 .debug_macro   0x00028517      0x21c ./Drivers/STM32G4xx_HAL_Driver/Src/stm32g4xx_hal_uart.o
 .debug_macro   0x00028733      0x1fd ./Drivers/STM32G4xx_HAL_Driver/Src/stm32g4xx_hal_uart_ex.o

.debug_line     0x00000000    0x1a802
 .debug_line    0x00000000      0x959 ./Core/Src/adc.o
 .debug_line    0x00000959      0x7db ./Core/Src/gpio.o
 .debug_line    0x00001134      0x88e ./Core/Src/main.o
 .debug_line    0x000019c2      0x7b2 ./Core/Src/stm32g4xx_hal_msp.o
 .debug_line    0x00002174      0x81b ./Core/Src/stm32g4xx_hal_timebase_tim.o
 .debug_line    0x0000298f      0x8ce ./Core/Src/stm32g4xx_it.o
 .debug_line    0x0000325d      0x81d ./Core/Src/system_stm32g4xx.o
 .debug_line    0x00003a7a      0x993 ./Core/Src/tim.o
 .debug_line    0x0000440d      0x8ee ./Core/Src/usart.o
 .debug_line    0x00004cfb      0xa34 ./Core/Src/mylibs/shell.o
 .debug_line    0x0000572f       0x7b ./Core/Startup/startup_stm32g474retx.o
 .debug_line    0x000057aa      0xbd9 ./Drivers/STM32G4xx_HAL_Driver/Src/stm32g4xx_hal.o
 .debug_line    0x00006383     0x2302 ./Drivers/STM32G4xx_HAL_Driver/Src/stm32g4xx_hal_adc.o
 .debug_line    0x00008685     0x1c91 ./Drivers/STM32G4xx_HAL_Driver/Src/stm32g4xx_hal_adc_ex.o
 .debug_line    0x0000a316      0xd6c ./Drivers/STM32G4xx_HAL_Driver/Src/stm32g4xx_hal_cortex.o
 .debug_line    0x0000b082      0xf03 ./Drivers/STM32G4xx_HAL_Driver/Src/stm32g4xx_hal_dma.o
 .debug_line    0x0000bf85      0xbf2 ./Drivers/STM32G4xx_HAL_Driver/Src/stm32g4xx_hal_gpio.o
 .debug_line    0x0000cb77      0xd48 ./Drivers/STM32G4xx_HAL_Driver/Src/stm32g4xx_hal_pwr_ex.o
 .debug_line    0x0000d8bf      0xfa4 ./Drivers/STM32G4xx_HAL_Driver/Src/stm32g4xx_hal_rcc.o
 .debug_line    0x0000e863     0x12b5 ./Drivers/STM32G4xx_HAL_Driver/Src/stm32g4xx_hal_rcc_ex.o
 .debug_line    0x0000fb18     0x4099 ./Drivers/STM32G4xx_HAL_Driver/Src/stm32g4xx_hal_tim.o
 .debug_line    0x00013bb1     0x21dc ./Drivers/STM32G4xx_HAL_Driver/Src/stm32g4xx_hal_tim_ex.o
 .debug_line    0x00015d8d     0x3c76 ./Drivers/STM32G4xx_HAL_Driver/Src/stm32g4xx_hal_uart.o
 .debug_line    0x00019a03      0xdff ./Drivers/STM32G4xx_HAL_Driver/Src/stm32g4xx_hal_uart_ex.o

.debug_str      0x00000000   0x1128c0
 .debug_str     0x00000000   0x108c73 ./Core/Src/adc.o
                             0x1092c3 (size before relaxing)
 .debug_str     0x00108c73      0x6b3 ./Core/Src/gpio.o
                             0x109072 (size before relaxing)
 .debug_str     0x00109326      0x58a ./Core/Src/main.o
                             0x10914d (size before relaxing)
 .debug_str     0x001098b0       0x4d ./Core/Src/stm32g4xx_hal_msp.o
                             0x10896e (size before relaxing)
 .debug_str     0x001098fd       0xf7 ./Core/Src/stm32g4xx_hal_timebase_tim.o
                             0x109393 (size before relaxing)
 .debug_str     0x001099f4      0x391 ./Core/Src/stm32g4xx_it.o
                             0x1091c5 (size before relaxing)
 .debug_str     0x00109d85       0xdb ./Core/Src/system_stm32g4xx.o
                             0x10868f (size before relaxing)
 .debug_str     0x00109e60      0x394 ./Core/Src/tim.o
                             0x109414 (size before relaxing)
 .debug_str     0x0010a1f4       0xbc ./Core/Src/usart.o
                             0x109890 (size before relaxing)
 .debug_str     0x0010a2b0     0x38c0 ./Core/Src/mylibs/shell.o
                             0x10c6e4 (size before relaxing)
 .debug_str     0x0010db70       0x44 ./Core/Startup/startup_stm32g474retx.o
                                 0x85 (size before relaxing)
 .debug_str     0x0010dbb4      0x5a3 ./Drivers/STM32G4xx_HAL_Driver/Src/stm32g4xx_hal.o
                             0x1093a1 (size before relaxing)
 .debug_str     0x0010e157      0xb09 ./Drivers/STM32G4xx_HAL_Driver/Src/stm32g4xx_hal_adc.o
                             0x1096bc (size before relaxing)
 .debug_str     0x0010ec60      0x691 ./Drivers/STM32G4xx_HAL_Driver/Src/stm32g4xx_hal_adc_ex.o
                             0x109662 (size before relaxing)
 .debug_str     0x0010f2f1      0x355 ./Drivers/STM32G4xx_HAL_Driver/Src/stm32g4xx_hal_cortex.o
                             0x10905d (size before relaxing)
 .debug_str     0x0010f646      0x2af ./Drivers/STM32G4xx_HAL_Driver/Src/stm32g4xx_hal_dma.o
                             0x108a69 (size before relaxing)
 .debug_str     0x0010f8f5      0x10a ./Drivers/STM32G4xx_HAL_Driver/Src/stm32g4xx_hal_gpio.o
                             0x10881a (size before relaxing)
 .debug_str     0x0010f9ff      0x495 ./Drivers/STM32G4xx_HAL_Driver/Src/stm32g4xx_hal_pwr_ex.o
                             0x108b7d (size before relaxing)
 .debug_str     0x0010fe94      0x4d0 ./Drivers/STM32G4xx_HAL_Driver/Src/stm32g4xx_hal_rcc.o
                             0x108dae (size before relaxing)
 .debug_str     0x00110364      0x40b ./Drivers/STM32G4xx_HAL_Driver/Src/stm32g4xx_hal_rcc_ex.o
                             0x108dd8 (size before relaxing)
 .debug_str     0x0011076f      0xe19 ./Drivers/STM32G4xx_HAL_Driver/Src/stm32g4xx_hal_tim.o
                             0x109b8d (size before relaxing)
 .debug_str     0x00111588      0x76c ./Drivers/STM32G4xx_HAL_Driver/Src/stm32g4xx_hal_tim_ex.o
                             0x109801 (size before relaxing)
 .debug_str     0x00111cf4      0x968 ./Drivers/STM32G4xx_HAL_Driver/Src/stm32g4xx_hal_uart.o
                             0x10964a (size before relaxing)
 .debug_str     0x0011265c      0x264 ./Drivers/STM32G4xx_HAL_Driver/Src/stm32g4xx_hal_uart_ex.o
                             0x108e48 (size before relaxing)

.comment        0x00000000       0x43
 .comment       0x00000000       0x43 ./Core/Src/adc.o
                                 0x44 (size before relaxing)
 .comment       0x00000043       0x44 ./Core/Src/gpio.o
 .comment       0x00000043       0x44 ./Core/Src/main.o
 .comment       0x00000043       0x44 ./Core/Src/stm32g4xx_hal_msp.o
 .comment       0x00000043       0x44 ./Core/Src/stm32g4xx_hal_timebase_tim.o
 .comment       0x00000043       0x44 ./Core/Src/stm32g4xx_it.o
 .comment       0x00000043       0x44 ./Core/Src/system_stm32g4xx.o
 .comment       0x00000043       0x44 ./Core/Src/tim.o
 .comment       0x00000043       0x44 ./Core/Src/usart.o
 .comment       0x00000043       0x44 ./Core/Src/mylibs/shell.o
 .comment       0x00000043       0x44 ./Drivers/STM32G4xx_HAL_Driver/Src/stm32g4xx_hal.o
 .comment       0x00000043       0x44 ./Drivers/STM32G4xx_HAL_Driver/Src/stm32g4xx_hal_adc.o
 .comment       0x00000043       0x44 ./Drivers/STM32G4xx_HAL_Driver/Src/stm32g4xx_hal_adc_ex.o
 .comment       0x00000043       0x44 ./Drivers/STM32G4xx_HAL_Driver/Src/stm32g4xx_hal_cortex.o
 .comment       0x00000043       0x44 ./Drivers/STM32G4xx_HAL_Driver/Src/stm32g4xx_hal_dma.o
 .comment       0x00000043       0x44 ./Drivers/STM32G4xx_HAL_Driver/Src/stm32g4xx_hal_gpio.o
 .comment       0x00000043       0x44 ./Drivers/STM32G4xx_HAL_Driver/Src/stm32g4xx_hal_pwr_ex.o
 .comment       0x00000043       0x44 ./Drivers/STM32G4xx_HAL_Driver/Src/stm32g4xx_hal_rcc.o
 .comment       0x00000043       0x44 ./Drivers/STM32G4xx_HAL_Driver/Src/stm32g4xx_hal_rcc_ex.o
 .comment       0x00000043       0x44 ./Drivers/STM32G4xx_HAL_Driver/Src/stm32g4xx_hal_tim.o
 .comment       0x00000043       0x44 ./Drivers/STM32G4xx_HAL_Driver/Src/stm32g4xx_hal_tim_ex.o
 .comment       0x00000043       0x44 ./Drivers/STM32G4xx_HAL_Driver/Src/stm32g4xx_hal_uart.o
 .comment       0x00000043       0x44 ./Drivers/STM32G4xx_HAL_Driver/Src/stm32g4xx_hal_uart_ex.o

.debug_frame    0x00000000     0x5ad4
 .debug_frame   0x00000000       0xa4 ./Core/Src/adc.o
 .debug_frame   0x000000a4       0x34 ./Core/Src/gpio.o
 .debug_frame   0x000000d8       0x8c ./Core/Src/main.o
 .debug_frame   0x00000164       0x34 ./Core/Src/stm32g4xx_hal_msp.o
 .debug_frame   0x00000198       0x74 ./Core/Src/stm32g4xx_hal_timebase_tim.o
 .debug_frame   0x0000020c      0x178 ./Core/Src/stm32g4xx_it.o
 .debug_frame   0x00000384       0x58 ./Core/Src/system_stm32g4xx.o
 .debug_frame   0x000003dc      0x114 ./Core/Src/tim.o
 .debug_frame   0x000004f0       0x94 ./Core/Src/usart.o
 .debug_frame   0x00000584       0x74 ./Core/Src/mylibs/shell.o
 .debug_frame   0x000005f8      0x500 ./Drivers/STM32G4xx_HAL_Driver/Src/stm32g4xx_hal.o
 .debug_frame   0x00000af8      0xacc ./Drivers/STM32G4xx_HAL_Driver/Src/stm32g4xx_hal_adc.o
 .debug_frame   0x000015c4      0x81c ./Drivers/STM32G4xx_HAL_Driver/Src/stm32g4xx_hal_adc_ex.o
 .debug_frame   0x00001de0      0x4e8 ./Drivers/STM32G4xx_HAL_Driver/Src/stm32g4xx_hal_cortex.o
 .debug_frame   0x000022c8      0x24c ./Drivers/STM32G4xx_HAL_Driver/Src/stm32g4xx_hal_dma.o
 .debug_frame   0x00002514      0x14c ./Drivers/STM32G4xx_HAL_Driver/Src/stm32g4xx_hal_gpio.o
 .debug_frame   0x00002660      0x4fc ./Drivers/STM32G4xx_HAL_Driver/Src/stm32g4xx_hal_pwr_ex.o
 .debug_frame   0x00002b5c      0x23c ./Drivers/STM32G4xx_HAL_Driver/Src/stm32g4xx_hal_rcc.o
 .debug_frame   0x00002d98      0x2ac ./Drivers/STM32G4xx_HAL_Driver/Src/stm32g4xx_hal_rcc_ex.o
 .debug_frame   0x00003044     0x1220 ./Drivers/STM32G4xx_HAL_Driver/Src/stm32g4xx_hal_tim.o
 .debug_frame   0x00004264      0xa70 ./Drivers/STM32G4xx_HAL_Driver/Src/stm32g4xx_hal_tim_ex.o
 .debug_frame   0x00004cd4      0xa94 ./Drivers/STM32G4xx_HAL_Driver/Src/stm32g4xx_hal_uart.o
 .debug_frame   0x00005768      0x2c0 ./Drivers/STM32G4xx_HAL_Driver/Src/stm32g4xx_hal_uart_ex.o
 .debug_frame   0x00005a28       0x20 C:/ST/STM32CubeIDE_1.16.1/STM32CubeIDE/plugins/com.st.stm32cube.ide.mcu.externaltools.gnu-tools-for-stm32.12.3.rel1.win32_1.0.200.202406191623/tools/bin/../lib/gcc/arm-none-eabi/12.3.1/../../../../arm-none-eabi/lib/thumb/v7e-m+fp/hard\libc_nano.a(libc_a-memset.o)
 .debug_frame   0x00005a48       0x2c C:/ST/STM32CubeIDE_1.16.1/STM32CubeIDE/plugins/com.st.stm32cube.ide.mcu.externaltools.gnu-tools-for-stm32.12.3.rel1.win32_1.0.200.202406191623/tools/bin/../lib/gcc/arm-none-eabi/12.3.1/../../../../arm-none-eabi/lib/thumb/v7e-m+fp/hard\libc_nano.a(libc_a-init.o)
 .debug_frame   0x00005a74       0x2c C:/ST/STM32CubeIDE_1.16.1/STM32CubeIDE/plugins/com.st.stm32cube.ide.mcu.externaltools.gnu-tools-for-stm32.12.3.rel1.win32_1.0.200.202406191623/tools/bin/../lib/gcc/arm-none-eabi/12.3.1/thumb/v7e-m+fp/hard\libgcc.a(_aeabi_uldivmod.o)
 .debug_frame   0x00005aa0       0x34 C:/ST/STM32CubeIDE_1.16.1/STM32CubeIDE/plugins/com.st.stm32cube.ide.mcu.externaltools.gnu-tools-for-stm32.12.3.rel1.win32_1.0.200.202406191623/tools/bin/../lib/gcc/arm-none-eabi/12.3.1/thumb/v7e-m+fp/hard\libgcc.a(_udivmoddi4.o)

.debug_line_str
                0x00000000       0x69
 .debug_line_str
                0x00000000       0x69 ./Core/Startup/startup_stm32g474retx.o
