Archive member included to satisfy reference by file (symbol)

C:/ST/STM32CubeCLT_1.16.0/GNU-tools-for-STM32/bin/../lib/gcc/arm-none-eabi/12.3.1/../../../../arm-none-eabi/lib/thumb/v7e-m+fp/hard\libc_nano.a(libc_a-exit.o)
                              C:/ST/STM32CubeCLT_1.16.0/GNU-tools-for-STM32/bin/../lib/gcc/arm-none-eabi/12.3.1/../../../../arm-none-eabi/lib/thumb/v7e-m+fp/hard/crt0.o (exit)
C:/ST/STM32CubeCLT_1.16.0/GNU-tools-for-STM32/bin/../lib/gcc/arm-none-eabi/12.3.1/../../../../arm-none-eabi/lib/thumb/v7e-m+fp/hard\libc_nano.a(libc_a-findfp.o)
                              C:/ST/STM32CubeCLT_1.16.0/GNU-tools-for-STM32/bin/../lib/gcc/arm-none-eabi/12.3.1/../../../../arm-none-eabi/lib/thumb/v7e-m+fp/hard\libc_nano.a(libc_a-exit.o) (__stdio_exit_handler)
C:/ST/STM32CubeCLT_1.16.0/GNU-tools-for-STM32/bin/../lib/gcc/arm-none-eabi/12.3.1/../../../../arm-none-eabi/lib/thumb/v7e-m+fp/hard\libc_nano.a(libc_a-fwalk.o)
                              C:/ST/STM32CubeCLT_1.16.0/GNU-tools-for-STM32/bin/../lib/gcc/arm-none-eabi/12.3.1/../../../../arm-none-eabi/lib/thumb/v7e-m+fp/hard\libc_nano.a(libc_a-findfp.o) (_fwalk_sglue)
C:/ST/STM32CubeCLT_1.16.0/GNU-tools-for-STM32/bin/../lib/gcc/arm-none-eabi/12.3.1/../../../../arm-none-eabi/lib/thumb/v7e-m+fp/hard\libc_nano.a(libc_a-stdio.o)
                              C:/ST/STM32CubeCLT_1.16.0/GNU-tools-for-STM32/bin/../lib/gcc/arm-none-eabi/12.3.1/../../../../arm-none-eabi/lib/thumb/v7e-m+fp/hard\libc_nano.a(libc_a-findfp.o) (__sread)
C:/ST/STM32CubeCLT_1.16.0/GNU-tools-for-STM32/bin/../lib/gcc/arm-none-eabi/12.3.1/../../../../arm-none-eabi/lib/thumb/v7e-m+fp/hard\libc_nano.a(libc_a-memset.o)
                              C:/ST/STM32CubeCLT_1.16.0/GNU-tools-for-STM32/bin/../lib/gcc/arm-none-eabi/12.3.1/../../../../arm-none-eabi/lib/thumb/v7e-m+fp/hard/crt0.o (memset)
C:/ST/STM32CubeCLT_1.16.0/GNU-tools-for-STM32/bin/../lib/gcc/arm-none-eabi/12.3.1/../../../../arm-none-eabi/lib/thumb/v7e-m+fp/hard\libc_nano.a(libc_a-closer.o)
                              C:/ST/STM32CubeCLT_1.16.0/GNU-tools-for-STM32/bin/../lib/gcc/arm-none-eabi/12.3.1/../../../../arm-none-eabi/lib/thumb/v7e-m+fp/hard\libc_nano.a(libc_a-stdio.o) (_close_r)
C:/ST/STM32CubeCLT_1.16.0/GNU-tools-for-STM32/bin/../lib/gcc/arm-none-eabi/12.3.1/../../../../arm-none-eabi/lib/thumb/v7e-m+fp/hard\libc_nano.a(libc_a-reent.o)
                              C:/ST/STM32CubeCLT_1.16.0/GNU-tools-for-STM32/bin/../lib/gcc/arm-none-eabi/12.3.1/../../../../arm-none-eabi/lib/thumb/v7e-m+fp/hard\libc_nano.a(libc_a-closer.o) (errno)
C:/ST/STM32CubeCLT_1.16.0/GNU-tools-for-STM32/bin/../lib/gcc/arm-none-eabi/12.3.1/../../../../arm-none-eabi/lib/thumb/v7e-m+fp/hard\libc_nano.a(libc_a-impure.o)
                              C:/ST/STM32CubeCLT_1.16.0/GNU-tools-for-STM32/bin/../lib/gcc/arm-none-eabi/12.3.1/../../../../arm-none-eabi/lib/thumb/v7e-m+fp/hard\libc_nano.a(libc_a-reent.o) (_impure_ptr)
C:/ST/STM32CubeCLT_1.16.0/GNU-tools-for-STM32/bin/../lib/gcc/arm-none-eabi/12.3.1/../../../../arm-none-eabi/lib/thumb/v7e-m+fp/hard\libc_nano.a(libc_a-lseekr.o)
                              C:/ST/STM32CubeCLT_1.16.0/GNU-tools-for-STM32/bin/../lib/gcc/arm-none-eabi/12.3.1/../../../../arm-none-eabi/lib/thumb/v7e-m+fp/hard\libc_nano.a(libc_a-stdio.o) (_lseek_r)
C:/ST/STM32CubeCLT_1.16.0/GNU-tools-for-STM32/bin/../lib/gcc/arm-none-eabi/12.3.1/../../../../arm-none-eabi/lib/thumb/v7e-m+fp/hard\libc_nano.a(libc_a-readr.o)
                              C:/ST/STM32CubeCLT_1.16.0/GNU-tools-for-STM32/bin/../lib/gcc/arm-none-eabi/12.3.1/../../../../arm-none-eabi/lib/thumb/v7e-m+fp/hard\libc_nano.a(libc_a-stdio.o) (_read_r)
C:/ST/STM32CubeCLT_1.16.0/GNU-tools-for-STM32/bin/../lib/gcc/arm-none-eabi/12.3.1/../../../../arm-none-eabi/lib/thumb/v7e-m+fp/hard\libc_nano.a(libc_a-writer.o)
                              C:/ST/STM32CubeCLT_1.16.0/GNU-tools-for-STM32/bin/../lib/gcc/arm-none-eabi/12.3.1/../../../../arm-none-eabi/lib/thumb/v7e-m+fp/hard\libc_nano.a(libc_a-stdio.o) (_write_r)
C:/ST/STM32CubeCLT_1.16.0/GNU-tools-for-STM32/bin/../lib/gcc/arm-none-eabi/12.3.1/../../../../arm-none-eabi/lib/thumb/v7e-m+fp/hard\libc_nano.a(libc_a-init.o)
                              C:/ST/STM32CubeCLT_1.16.0/GNU-tools-for-STM32/bin/../lib/gcc/arm-none-eabi/12.3.1/../../../../arm-none-eabi/lib/thumb/v7e-m+fp/hard/crt0.o (__libc_init_array)
C:/ST/STM32CubeCLT_1.16.0/GNU-tools-for-STM32/bin/../lib/gcc/arm-none-eabi/12.3.1/../../../../arm-none-eabi/lib/thumb/v7e-m+fp/hard\libc_nano.a(libc_a-lock.o)
                              C:/ST/STM32CubeCLT_1.16.0/GNU-tools-for-STM32/bin/../lib/gcc/arm-none-eabi/12.3.1/../../../../arm-none-eabi/lib/thumb/v7e-m+fp/hard\libc_nano.a(libc_a-findfp.o) (__retarget_lock_init_recursive)
C:/ST/STM32CubeCLT_1.16.0/GNU-tools-for-STM32/bin/../lib/gcc/arm-none-eabi/12.3.1/../../../../arm-none-eabi/lib/thumb/v7e-m+fp/hard\libc_nano.a(libc_a-freer.o)
[...]
Memory Configuration

Name             Origin             Length             Attributes
RAM              0x20000000         0x00020000         xrw
FLASH            0x08000000         0x00080000         xr
*default*        0x00000000         0xffffffff

Linker script and memory map

LOAD C:/ST/STM32CubeCLT_1.16.0/GNU-tools-for-STM32/bin/../lib/gcc/arm-none-eabi/12.3.1/thumb/v7e-m+fp/hard/crti.o
LOAD C:/ST/STM32CubeCLT_1.16.0/GNU-tools-for-STM32/bin/../lib/gcc/arm-none-eabi/12.3.1/thumb/v7e-m+fp/hard/crtbegin.o
LOAD C:/ST/STM32CubeCLT_1.16.0/GNU-tools-for-STM32/bin/../lib/gcc/arm-none-eabi/12.3.1/../../../../arm-none-eabi/lib/thumb/v7e-m+fp/hard/crt0.o
START GROUP
LOAD C:/ST/STM32CubeCLT_1.16.0/GNU-tools-for-STM32/bin/../lib/gcc/arm-none-eabi/12.3.1/../../../../arm-none-eabi/lib/thumb/v7e-m+fp/hard\libc_nano.a
LOAD C:/ST/STM32CubeCLT_1.16.0/GNU-tools-for-STM32/bin/../lib/gcc/arm-none-eabi/12.3.1/../../../../arm-none-eabi/lib/thumb/v7e-m+fp/hard\libm.a
END GROUP
LOAD CMakeFiles/TP_BUS_et_RESEAUX.dir/Core/Src/adc.c.obj
LOAD CMakeFiles/TP_BUS_et_RESEAUX.dir/Core/Src/gpio.c.obj
LOAD CMakeFiles/TP_BUS_et_RESEAUX.dir/Core/Src/main.c.obj
LOAD CMakeFiles/TP_BUS_et_RESEAUX.dir/Core/Src/mylibs/shell.c.obj
LOAD CMakeFiles/TP_BUS_et_RESEAUX.dir/Core/Src/stm32g4xx_hal_msp.c.obj
LOAD CMakeFiles/TP_BUS_et_RESEAUX.dir/Core/Src/stm32g4xx_hal_timebase_tim.c.obj
LOAD CMakeFiles/TP_BUS_et_RESEAUX.dir/Core/Src/stm32g4xx_it.c.obj
LOAD CMakeFiles/TP_BUS_et_RESEAUX.dir/Core/Src/syscalls.c.obj
LOAD CMakeFiles/TP_BUS_et_RESEAUX.dir/Core/Src/sysmem.c.obj
LOAD CMakeFiles/TP_BUS_et_RESEAUX.dir/Core/Src/system_stm32g4xx.c.obj
LOAD CMakeFiles/TP_BUS_et_RESEAUX.dir/Core/Src/tim.c.obj
LOAD CMakeFiles/TP_BUS_et_RESEAUX.dir/Core/Src/usart.c.obj
LOAD CMakeFiles/TP_BUS_et_RESEAUX.dir/Drivers/STM32G4xx_HAL_Driver/Src/stm32g4xx_hal_adc.c.obj
LOAD CMakeFiles/TP_BUS_et_RESEAUX.dir/Drivers/STM32G4xx_HAL_Driver/Src/stm32g4xx_hal_adc_ex.c.obj
LOAD CMakeFiles/TP_BUS_et_RESEAUX.dir/Drivers/STM32G4xx_HAL_Driver/Src/stm32g4xx_ll_adc.c.obj
LOAD CMakeFiles/TP_BUS_et_RESEAUX.dir/Drivers/STM32G4xx_HAL_Driver/Src/stm32g4xx_hal.c.obj
LOAD CMakeFiles/TP_BUS_et_RESEAUX.dir/Drivers/STM32G4xx_HAL_Driver/Src/stm32g4xx_hal_rcc.c.obj
LOAD CMakeFiles/TP_BUS_et_RESEAUX.dir/Drivers/STM32G4xx_HAL_Driver/Src/stm32g4xx_hal_rcc_ex.c.obj
LOAD CMakeFiles/TP_BUS_et_RESEAUX.dir/Drivers/STM32G4xx_HAL_Driver/Src/stm32g4xx_hal_flash.c.obj
LOAD CMakeFiles/TP_BUS_et_RESEAUX.dir/Drivers/STM32G4xx_HAL_Driver/Src/stm32g4xx_hal_flash_ex.c.obj
LOAD CMakeFiles/TP_BUS_et_RESEAUX.dir/Drivers/STM32G4xx_HAL_Driver/Src/stm32g4xx_hal_flash_ramfunc.c.obj
LOAD CMakeFiles/TP_BUS_et_RESEAUX.dir/Drivers/STM32G4xx_HAL_Driver/Src/stm32g4xx_hal_gpio.c.obj
LOAD CMakeFiles/TP_BUS_et_RESEAUX.dir/Drivers/STM32G4xx_HAL_Driver/Src/stm32g4xx_hal_exti.c.obj
LOAD CMakeFiles/TP_BUS_et_RESEAUX.dir/Drivers/STM32G4xx_HAL_Driver/Src/stm32g4xx_hal_dma.c.obj
LOAD CMakeFiles/TP_BUS_et_RESEAUX.dir/Drivers/STM32G4xx_HAL_Driver/Src/stm32g4xx_hal_dma_ex.c.obj
LOAD CMakeFiles/TP_BUS_et_RESEAUX.dir/Drivers/STM32G4xx_HAL_Driver/Src/stm32g4xx_hal_pwr.c.obj
LOAD CMakeFiles/TP_BUS_et_RESEAUX.dir/Drivers/STM32G4xx_HAL_Driver/Src/stm32g4xx_hal_pwr_ex.c.obj
LOAD CMakeFiles/TP_BUS_et_RESEAUX.dir/Drivers/STM32G4xx_HAL_Driver/Src/stm32g4xx_hal_cortex.c.obj
LOAD CMakeFiles/TP_BUS_et_RESEAUX.dir/Drivers/STM32G4xx_HAL_Driver/Src/stm32g4xx_hal_tim.c.obj
LOAD CMakeFiles/TP_BUS_et_RESEAUX.dir/Drivers/STM32G4xx_HAL_Driver/Src/stm32g4xx_hal_tim_ex.c.obj
LOAD CMakeFiles/TP_BUS_et_RESEAUX.dir/Drivers/STM32G4xx_HAL_Driver/Src/stm32g4xx_hal_uart.c.obj
LOAD CMakeFiles/TP_BUS_et_RESEAUX.dir/Drivers/STM32G4xx_HAL_Driver/Src/stm32g4xx_hal_uart_ex.c.obj
LOAD CMakeFiles/TP_BUS_et_RESEAUX.dir/startup_stm32g474xx.s.obj
START GROUP
LOAD C:/ST/STM32CubeCLT_1.16.0/GNU-tools-for-STM32/bin/../lib/gcc/arm-none-eabi/12.3.1/thumb/v7e-m+fp/hard\libgcc.a
LOAD C:/ST/STM32CubeCLT_1.16.0/GNU-tools-for-STM32/bin/../lib/gcc/arm-none-eabi/12.3.1/../../../../arm-none-eabi/lib/thumb/v7e-m+fp/hard\libg_nano.a
LOAD C:/ST/STM32CubeCLT_1.16.0/GNU-tools-for-STM32/bin/../lib/gcc/arm-none-eabi/12.3.1/../../../../arm-none-eabi/lib/thumb/v7e-m+fp/hard\libc_nano.a
END GROUP
START GROUP
LOAD C:/ST/STM32CubeCLT_1.16.0/GNU-tools-for-STM32/bin/../lib/gcc/arm-none-eabi/12.3.1/thumb/v7e-m+fp/hard\libgcc.a
LOAD C:/ST/STM32CubeCLT_1.16.0/GNU-tools-for-STM32/bin/../lib/gcc/arm-none-eabi/12.3.1/../../../../arm-none-eabi/lib/thumb/v7e-m+fp/hard\libc_nano.a
END GROUP
LOAD C:/ST/STM32CubeCLT_1.16.0/GNU-tools-for-STM32/bin/../lib/gcc/arm-none-eabi/12.3.1/thumb/v7e-m+fp/hard/crtend.o
LOAD C:/ST/STM32CubeCLT_1.16.0/GNU-tools-for-STM32/bin/../lib/gcc/arm-none-eabi/12.3.1/thumb/v7e-m+fp/hard/crtn.o
                0x20020000                        _estack = (ORIGIN (RAM) + LENGTH (RAM))
                0x00000200                        _Min_Heap_Size = 0x200
                0x00000400                        _Min_Stack_Size = 0x400

.isr_vector     0x08000000      0x1d8
                0x08000000                        . = ALIGN (0x4)
 *(.isr_vector)
 .isr_vector    0x08000000      0x1d8 CMakeFiles/TP_BUS_et_RESEAUX.dir/startup_stm32g474xx.s.obj
                0x08000000                g_pfnVectors
                0x080001d8                        . = ALIGN (0x4)

.text           0x080001d8     0x7b90
                0x080001d8                        . = ALIGN (0x4)
 *(.text)
 .text          0x080001d8       0x40 C:/ST/STM32CubeCLT_1.16.0/GNU-tools-for-STM32/bin/../lib/gcc/arm-none-eabi/12.3.1/thumb/v7e-m+fp/hard/crtbegin.o
 .text          0x08000218       0x30 C:/ST/STM32CubeCLT_1.16.0/GNU-tools-for-STM32/bin/../lib/gcc/arm-none-eabi/12.3.1/thumb/v7e-m+fp/hard\libgcc.a(_aeabi_uldivmod.o)
                0x08000218                __aeabi_uldivmod
 .text          0x08000248      0x2bc C:/ST/STM32CubeCLT_1.16.0/GNU-tools-for-STM32/bin/../lib/gcc/arm-none-eabi/12.3.1/thumb/v7e-m+fp/hard\libgcc.a(_udivmoddi4.o)
                0x08000248                __udivmoddi4
 .text          0x08000504        0x4 C:/ST/STM32CubeCLT_1.16.0/GNU-tools-for-STM32/bin/../lib/gcc/arm-none-eabi/12.3.1/thumb/v7e-m+fp/hard\libgcc.a(_dvmd_tls.o)
                0x08000504                __aeabi_idiv0
                0x08000504                __aeabi_ldiv0
 .text          0x08000508       0x10 C:/ST/STM32CubeCLT_1.16.0/GNU-tools-for-STM32/bin/../lib/gcc/arm-none-eabi/12.3.1/../../../../arm-none-eabi/lib/thumb/v7e-m+fp/hard\libg_nano.a(libc_a-strlen.o)
                0x08000508                strlen
 *(.text*)
 .text.memset   0x08000518       0x10 C:/ST/STM32CubeCLT_1.16.0/GNU-tools-for-STM32/bin/../lib/gcc/arm-none-eabi/12.3.1/../../../../arm-none-eabi/lib/thumb/v7e-m+fp/hard\libc_nano.a(libc_a-memset.o)
                0x08000518                memset
 .text.__libc_init_array
                0x08000528       0x48 C:/ST/STM32CubeCLT_1.16.0/GNU-tools-for-STM32/bin/../lib/gcc/arm-none-eabi/12.3.1/../../../../arm-none-eabi/lib/thumb/v7e-m+fp/hard\libc_nano.a(libc_a-init.o)
                0x08000528                __libc_init_array
 .text.MX_ADC1_Init
                0x08000570       0xf0 CMakeFiles/TP_BUS_et_RESEAUX.dir/Core/Src/adc.c.obj
                0x08000570                MX_ADC1_Init
 .text.MX_ADC2_Init
                0x08000660       0xcc CMakeFiles/TP_BUS_et_RESEAUX.dir/Core/Src/adc.c.obj
                0x08000660                MX_ADC2_Init
 .text.HAL_ADC_MspInit
                0x0800072c      0x1f4 CMakeFiles/TP_BUS_et_RESEAUX.dir/Core/Src/adc.c.obj
                0x0800072c                HAL_ADC_MspInit
 .text.MX_GPIO_Init
                0x08000920      0x120 CMakeFiles/TP_BUS_et_RESEAUX.dir/Core/Src/gpio.c.obj
                0x08000920                MX_GPIO_Init
 .text.main     0x08000a40       0x54 CMakeFiles/TP_BUS_et_RESEAUX.dir/Core/Src/main.c.obj
                0x08000a40                main
 .text.SystemClock_Config
                0x08000a94       0x92 CMakeFiles/TP_BUS_et_RESEAUX.dir/Core/Src/main.c.obj
                0x08000a94                SystemClock_Config
 *fill*         0x08000b26        0x2 
 .text.HAL_TIM_PeriodElapsedCallback
                0x08000b28       0x24 CMakeFiles/TP_BUS_et_RESEAUX.dir/Core/Src/main.c.obj
                0x08000b28                HAL_TIM_PeriodElapsedCallback
 .text.Error_Handler
                0x08000b4c        0xc CMakeFiles/TP_BUS_et_RESEAUX.dir/Core/Src/main.c.obj
                0x08000b4c                Error_Handler
 .text.Shell_Init
                0x08000b58       0x80 CMakeFiles/TP_BUS_et_RESEAUX.dir/Core/Src/mylibs/shell.c.obj
                0x08000b58                Shell_Init
 .text.HAL_UART_RxCpltCallback
                0x08000bd8       0x2c CMakeFiles/TP_BUS_et_RESEAUX.dir/Core/Src/mylibs/shell.c.obj
                0x08000bd8                HAL_UART_RxCpltCallback
 .text.HAL_MspInit
                0x08000c04       0x48 CMakeFiles/TP_BUS_et_RESEAUX.dir/Core/Src/stm32g4xx_hal_msp.c.obj
                0x08000c04                HAL_MspInit
 .text.HAL_InitTick
                0x08000c4c       0xd8 CMakeFiles/TP_BUS_et_RESEAUX.dir/Core/Src/stm32g4xx_hal_timebase_tim.c.obj
                0x08000c4c                HAL_InitTick
 .text.NMI_Handler
                0x08000d24        0x8 CMakeFiles/TP_BUS_et_RESEAUX.dir/Core/Src/stm32g4xx_it.c.obj
                0x08000d24                NMI_Handler
 .text.HardFault_Handler
                0x08000d2c        0x8 CMakeFiles/TP_BUS_et_RESEAUX.dir/Core/Src/stm32g4xx_it.c.obj
                0x08000d2c                HardFault_Handler
 .text.MemManage_Handler
                0x08000d34        0x8 CMakeFiles/TP_BUS_et_RESEAUX.dir/Core/Src/stm32g4xx_it.c.obj
                0x08000d34                MemManage_Handler
 .text.BusFault_Handler
                0x08000d3c        0x8 CMakeFiles/TP_BUS_et_RESEAUX.dir/Core/Src/stm32g4xx_it.c.obj
                0x08000d3c                BusFault_Handler
 .text.UsageFault_Handler
                0x08000d44        0x8 CMakeFiles/TP_BUS_et_RESEAUX.dir/Core/Src/stm32g4xx_it.c.obj
                0x08000d44                UsageFault_Handler
 .text.SVC_Handler
                0x08000d4c        0xe CMakeFiles/TP_BUS_et_RESEAUX.dir/Core/Src/stm32g4xx_it.c.obj
                0x08000d4c                SVC_Handler
 .text.DebugMon_Handler
                0x08000d5a        0xe CMakeFiles/TP_BUS_et_RESEAUX.dir/Core/Src/stm32g4xx_it.c.obj
                0x08000d5a                DebugMon_Handler
 .text.PendSV_Handler
                0x08000d68        0xe CMakeFiles/TP_BUS_et_RESEAUX.dir/Core/Src/stm32g4xx_it.c.obj
                0x08000d68                PendSV_Handler
 .text.SysTick_Handler
                0x08000d76        0xe CMakeFiles/TP_BUS_et_RESEAUX.dir/Core/Src/stm32g4xx_it.c.obj
                0x08000d76                SysTick_Handler
 .text.USART2_IRQHandler
                0x08000d84       0x14 CMakeFiles/TP_BUS_et_RESEAUX.dir/Core/Src/stm32g4xx_it.c.obj
                0x08000d84                USART2_IRQHandler
 .text.USART3_IRQHandler
                0x08000d98       0x14 CMakeFiles/TP_BUS_et_RESEAUX.dir/Core/Src/stm32g4xx_it.c.obj
                0x08000d98                USART3_IRQHandler
 .text.EXTI15_10_IRQHandler
                0x08000dac       0x10 CMakeFiles/TP_BUS_et_RESEAUX.dir/Core/Src/stm32g4xx_it.c.obj
                0x08000dac                EXTI15_10_IRQHandler
 .text.TIM6_DAC_IRQHandler
                0x08000dbc       0x14 CMakeFiles/TP_BUS_et_RESEAUX.dir/Core/Src/stm32g4xx_it.c.obj
                0x08000dbc                TIM6_DAC_IRQHandler
 .text.SystemInit
                0x08000dd0       0x24 CMakeFiles/TP_BUS_et_RESEAUX.dir/Core/Src/system_stm32g4xx.c.obj
                0x08000dd0                SystemInit
 .text.MX_TIM1_Init
                0x08000df4      0x19c CMakeFiles/TP_BUS_et_RESEAUX.dir/Core/Src/tim.c.obj
                0x08000df4                MX_TIM1_Init
 .text.MX_TIM3_Init
                0x08000f90       0x98 CMakeFiles/TP_BUS_et_RESEAUX.dir/Core/Src/tim.c.obj
                0x08000f90                MX_TIM3_Init
 .text.HAL_TIM_Base_MspInit
                0x08001028       0x40 CMakeFiles/TP_BUS_et_RESEAUX.dir/Core/Src/tim.c.obj
                0x08001028                HAL_TIM_Base_MspInit
 .text.HAL_TIMEx_HallSensor_MspInit
                0x08001068       0xc4 CMakeFiles/TP_BUS_et_RESEAUX.dir/Core/Src/tim.c.obj
                0x08001068                HAL_TIMEx_HallSensor_MspInit
 .text.HAL_TIM_MspPostInit
                0x0800112c       0xd0 CMakeFiles/TP_BUS_et_RESEAUX.dir/Core/Src/tim.c.obj
                0x0800112c                HAL_TIM_MspPostInit
 .text.MX_USART2_UART_Init
                0x080011fc       0x98 CMakeFiles/TP_BUS_et_RESEAUX.dir/Core/Src/usart.c.obj
                0x080011fc                MX_USART2_UART_Init
 .text.MX_USART3_UART_Init
                0x08001294       0x98 CMakeFiles/TP_BUS_et_RESEAUX.dir/Core/Src/usart.c.obj
                0x08001294                MX_USART3_UART_Init
 .text.HAL_UART_MspInit
                0x0800132c      0x150 CMakeFiles/TP_BUS_et_RESEAUX.dir/Core/Src/usart.c.obj
                0x0800132c                HAL_UART_MspInit
 .text.LL_ADC_SetCommonClock
                0x0800147c       0x26 CMakeFiles/TP_BUS_et_RESEAUX.dir/Drivers/STM32G4xx_HAL_Driver/Src/stm32g4xx_hal_adc.c.obj
 .text.LL_ADC_SetCommonPathInternalCh
                0x080014a2       0x26 CMakeFiles/TP_BUS_et_RESEAUX.dir/Drivers/STM32G4xx_HAL_Driver/Src/stm32g4xx_hal_adc.c.obj
 .text.LL_ADC_GetCommonPathInternalCh
                0x080014c8       0x1c CMakeFiles/TP_BUS_et_RESEAUX.dir/Drivers/STM32G4xx_HAL_Driver/Src/stm32g4xx_hal_adc.c.obj
 .text.LL_ADC_SetOffset
                0x080014e4       0x48 CMakeFiles/TP_BUS_et_RESEAUX.dir/Drivers/STM32G4xx_HAL_Driver/Src/stm32g4xx_hal_adc.c.obj
 .text.LL_ADC_GetOffsetChannel
                0x0800152c       0x2c CMakeFiles/TP_BUS_et_RESEAUX.dir/Drivers/STM32G4xx_HAL_Driver/Src/stm32g4xx_hal_adc.c.obj
 .text.LL_ADC_SetOffsetState
                0x08001558       0x36 CMakeFiles/TP_BUS_et_RESEAUX.dir/Drivers/STM32G4xx_HAL_Driver/Src/stm32g4xx_hal_adc.c.obj
 .text.LL_ADC_SetOffsetSign
                0x0800158e       0x36 CMakeFiles/TP_BUS_et_RESEAUX.dir/Drivers/STM32G4xx_HAL_Driver/Src/stm32g4xx_hal_adc.c.obj
 .text.LL_ADC_SetOffsetSaturation
                0x080015c4       0x36 CMakeFiles/TP_BUS_et_RESEAUX.dir/Drivers/STM32G4xx_HAL_Driver/Src/stm32g4xx_hal_adc.c.obj
 .text.LL_ADC_SetSamplingTimeCommonConfig
                0x080015fa       0x26 CMakeFiles/TP_BUS_et_RESEAUX.dir/Drivers/STM32G4xx_HAL_Driver/Src/stm32g4xx_hal_adc.c.obj
 .text.LL_ADC_REG_SetSequencerRanks
                0x08001620       0x58 CMakeFiles/TP_BUS_et_RESEAUX.dir/Drivers/STM32G4xx_HAL_Driver/Src/stm32g4xx_hal_adc.c.obj
 .text.LL_ADC_SetChannelSamplingTime
                0x08001678       0x56 CMakeFiles/TP_BUS_et_RESEAUX.dir/Drivers/STM32G4xx_HAL_Driver/Src/stm32g4xx_hal_adc.c.obj
 *fill*         0x080016ce        0x2 
 .text.LL_ADC_SetChannelSingleDiff
                0x080016d0       0x48 CMakeFiles/TP_BUS_et_RESEAUX.dir/Drivers/STM32G4xx_HAL_Driver/Src/stm32g4xx_hal_adc.c.obj
 .text.LL_ADC_DisableDeepPowerDown
                0x08001718       0x24 CMakeFiles/TP_BUS_et_RESEAUX.dir/Drivers/STM32G4xx_HAL_Driver/Src/stm32g4xx_hal_adc.c.obj
 .text.LL_ADC_IsDeepPowerDownEnabled
                0x0800173c       0x28 CMakeFiles/TP_BUS_et_RESEAUX.dir/Drivers/STM32G4xx_HAL_Driver/Src/stm32g4xx_hal_adc.c.obj
 .text.LL_ADC_EnableInternalRegulator
                0x08001764       0x28 CMakeFiles/TP_BUS_et_RESEAUX.dir/Drivers/STM32G4xx_HAL_Driver/Src/stm32g4xx_hal_adc.c.obj
 .text.LL_ADC_IsInternalRegulatorEnabled
                0x0800178c       0x28 CMakeFiles/TP_BUS_et_RESEAUX.dir/Drivers/STM32G4xx_HAL_Driver/Src/stm32g4xx_hal_adc.c.obj
 .text.LL_ADC_IsEnabled
                0x080017b4       0x26 CMakeFiles/TP_BUS_et_RESEAUX.dir/Drivers/STM32G4xx_HAL_Driver/Src/stm32g4xx_hal_adc.c.obj
 .text.LL_ADC_REG_IsConversionOngoing
                0x080017da       0x26 CMakeFiles/TP_BUS_et_RESEAUX.dir/Drivers/STM32G4xx_HAL_Driver/Src/stm32g4xx_hal_adc.c.obj
 .text.LL_ADC_INJ_IsConversionOngoing
                0x08001800       0x26 CMakeFiles/TP_BUS_et_RESEAUX.dir/Drivers/STM32G4xx_HAL_Driver/Src/stm32g4xx_hal_adc.c.obj
 *fill*         0x08001826        0x2 
 .text.HAL_ADC_Init
                0x08001828      0x378 CMakeFiles/TP_BUS_et_RESEAUX.dir/Drivers/STM32G4xx_HAL_Driver/Src/stm32g4xx_hal_adc.c.obj
                0x08001828                HAL_ADC_Init
 .text.HAL_ADC_ConfigChannel
                0x08001ba0      0x880 CMakeFiles/TP_BUS_et_RESEAUX.dir/Drivers/STM32G4xx_HAL_Driver/Src/stm32g4xx_hal_adc.c.obj
                0x08001ba0                HAL_ADC_ConfigChannel
 .text.LL_ADC_IsEnabled
                0x08002420       0x26 CMakeFiles/TP_BUS_et_RESEAUX.dir/Drivers/STM32G4xx_HAL_Driver/Src/stm32g4xx_hal_adc_ex.c.obj
 .text.LL_ADC_REG_IsConversionOngoing
                0x08002446       0x26 CMakeFiles/TP_BUS_et_RESEAUX.dir/Drivers/STM32G4xx_HAL_Driver/Src/stm32g4xx_hal_adc_ex.c.obj
 .text.HAL_ADCEx_MultiModeConfigChannel
                0x0800246c      0x210 CMakeFiles/TP_BUS_et_RESEAUX.dir/Drivers/STM32G4xx_HAL_Driver/Src/stm32g4xx_hal_adc_ex.c.obj
                0x0800246c                HAL_ADCEx_MultiModeConfigChannel
 .text.HAL_Init
                0x0800267c       0x30 CMakeFiles/TP_BUS_et_RESEAUX.dir/Drivers/STM32G4xx_HAL_Driver/Src/stm32g4xx_hal.c.obj
                0x0800267c                HAL_Init
 .text.HAL_IncTick
                0x080026ac       0x24 CMakeFiles/TP_BUS_et_RESEAUX.dir/Drivers/STM32G4xx_HAL_Driver/Src/stm32g4xx_hal.c.obj
                0x080026ac                HAL_IncTick
 .text.HAL_GetTick
                0x080026d0       0x18 CMakeFiles/TP_BUS_et_RESEAUX.dir/Drivers/STM32G4xx_HAL_Driver/Src/stm32g4xx_hal.c.obj
                0x080026d0                HAL_GetTick
 .text.HAL_RCC_OscConfig
                0x080026e8      0x624 CMakeFiles/TP_BUS_et_RESEAUX.dir/Drivers/STM32G4xx_HAL_Driver/Src/stm32g4xx_hal_rcc.c.obj
                0x080026e8                HAL_RCC_OscConfig
 .text.HAL_RCC_ClockConfig
                0x08002d0c      0x278 CMakeFiles/TP_BUS_et_RESEAUX.dir/Drivers/STM32G4xx_HAL_Driver/Src/stm32g4xx_hal_rcc.c.obj
                0x08002d0c                HAL_RCC_ClockConfig
 .text.HAL_RCC_GetSysClockFreq
                0x08002f84       0xc4 CMakeFiles/TP_BUS_et_RESEAUX.dir/Drivers/STM32G4xx_HAL_Driver/Src/stm32g4xx_hal_rcc.c.obj
                0x08002f84                HAL_RCC_GetSysClockFreq
 .text.HAL_RCC_GetHCLKFreq
                0x08003048       0x18 CMakeFiles/TP_BUS_et_RESEAUX.dir/Drivers/STM32G4xx_HAL_Driver/Src/stm32g4xx_hal_rcc.c.obj
                0x08003048                HAL_RCC_GetHCLKFreq
 .text.HAL_RCC_GetPCLK1Freq
                0x08003060       0x2c CMakeFiles/TP_BUS_et_RESEAUX.dir/Drivers/STM32G4xx_HAL_Driver/Src/stm32g4xx_hal_rcc.c.obj
                0x08003060                HAL_RCC_GetPCLK1Freq
 .text.HAL_RCC_GetPCLK2Freq
                0x0800308c       0x2c CMakeFiles/TP_BUS_et_RESEAUX.dir/Drivers/STM32G4xx_HAL_Driver/Src/stm32g4xx_hal_rcc.c.obj
                0x0800308c                HAL_RCC_GetPCLK2Freq
 .text.HAL_RCC_GetClockConfig
                0x080030b8       0x64 CMakeFiles/TP_BUS_et_RESEAUX.dir/Drivers/STM32G4xx_HAL_Driver/Src/stm32g4xx_hal_rcc.c.obj
                0x080030b8                HAL_RCC_GetClockConfig
 .text.RCC_GetSysClockFreqFromPLLSource
                0x0800311c       0x8c CMakeFiles/TP_BUS_et_RESEAUX.dir/Drivers/STM32G4xx_HAL_Driver/Src/stm32g4xx_hal_rcc.c.obj
 .text.HAL_RCCEx_PeriphCLKConfig
                0x080031a8      0x49c CMakeFiles/TP_BUS_et_RESEAUX.dir/Drivers/STM32G4xx_HAL_Driver/Src/stm32g4xx_hal_rcc_ex.c.obj
                0x080031a8                HAL_RCCEx_PeriphCLKConfig
 .text.HAL_GPIO_Init
                0x08003644      0x304 CMakeFiles/TP_BUS_et_RESEAUX.dir/Drivers/STM32G4xx_HAL_Driver/Src/stm32g4xx_hal_gpio.c.obj
                0x08003644                HAL_GPIO_Init
 .text.HAL_GPIO_WritePin
                0x08003948       0x30 CMakeFiles/TP_BUS_et_RESEAUX.dir/Drivers/STM32G4xx_HAL_Driver/Src/stm32g4xx_hal_gpio.c.obj
                0x08003948                HAL_GPIO_WritePin
 .text.HAL_GPIO_EXTI_IRQHandler
                0x08003978       0x30 CMakeFiles/TP_BUS_et_RESEAUX.dir/Drivers/STM32G4xx_HAL_Driver/Src/stm32g4xx_hal_gpio.c.obj
                0x08003978                HAL_GPIO_EXTI_IRQHandler
 .text.HAL_GPIO_EXTI_Callback
                0x080039a8       0x16 CMakeFiles/TP_BUS_et_RESEAUX.dir/Drivers/STM32G4xx_HAL_Driver/Src/stm32g4xx_hal_gpio.c.obj
                0x080039a8                HAL_GPIO_EXTI_Callback
 .text.HAL_DMA_Abort
                0x080039be       0xb2 CMakeFiles/TP_BUS_et_RESEAUX.dir/Drivers/STM32G4xx_HAL_Driver/Src/stm32g4xx_hal_dma.c.obj
                0x080039be                HAL_DMA_Abort
 .text.HAL_DMA_Abort_IT
                0x08003a70       0xce CMakeFiles/TP_BUS_et_RESEAUX.dir/Drivers/STM32G4xx_HAL_Driver/Src/stm32g4xx_hal_dma.c.obj
                0x08003a70                HAL_DMA_Abort_IT
 *fill*         0x08003b3e        0x2 
 .text.HAL_PWREx_ControlVoltageScaling
                0x08003b40      0x148 CMakeFiles/TP_BUS_et_RESEAUX.dir/Drivers/STM32G4xx_HAL_Driver/Src/stm32g4xx_hal_pwr_ex.c.obj
                0x08003b40                HAL_PWREx_ControlVoltageScaling
 .text.HAL_PWREx_DisableUCPDDeadBattery
                0x08003c88       0x20 CMakeFiles/TP_BUS_et_RESEAUX.dir/Drivers/STM32G4xx_HAL_Driver/Src/stm32g4xx_hal_pwr_ex.c.obj
                0x08003c88                HAL_PWREx_DisableUCPDDeadBattery
 .text.__NVIC_SetPriorityGrouping
                0x08003ca8       0x48 CMakeFiles/TP_BUS_et_RESEAUX.dir/Drivers/STM32G4xx_HAL_Driver/Src/stm32g4xx_hal_cortex.c.obj
 .text.__NVIC_GetPriorityGrouping
                0x08003cf0       0x1c CMakeFiles/TP_BUS_et_RESEAUX.dir/Drivers/STM32G4xx_HAL_Driver/Src/stm32g4xx_hal_cortex.c.obj
 .text.__NVIC_EnableIRQ
                0x08003d0c       0x3c CMakeFiles/TP_BUS_et_RESEAUX.dir/Drivers/STM32G4xx_HAL_Driver/Src/stm32g4xx_hal_cortex.c.obj
 .text.__NVIC_SetPriority
                0x08003d48       0x54 CMakeFiles/TP_BUS_et_RESEAUX.dir/Drivers/STM32G4xx_HAL_Driver/Src/stm32g4xx_hal_cortex.c.obj
 .text.NVIC_EncodePriority
                0x08003d9c       0x66 CMakeFiles/TP_BUS_et_RESEAUX.dir/Drivers/STM32G4xx_HAL_Driver/Src/stm32g4xx_hal_cortex.c.obj
 .text.HAL_NVIC_SetPriorityGrouping
                0x08003e02       0x16 CMakeFiles/TP_BUS_et_RESEAUX.dir/Drivers/STM32G4xx_HAL_Driver/Src/stm32g4xx_hal_cortex.c.obj
                0x08003e02                HAL_NVIC_SetPriorityGrouping
 .text.HAL_NVIC_SetPriority
                0x08003e18       0x34 CMakeFiles/TP_BUS_et_RESEAUX.dir/Drivers/STM32G4xx_HAL_Driver/Src/stm32g4xx_hal_cortex.c.obj
                0x08003e18                HAL_NVIC_SetPriority
 .text.HAL_NVIC_EnableIRQ
                0x08003e4c       0x1c CMakeFiles/TP_BUS_et_RESEAUX.dir/Drivers/STM32G4xx_HAL_Driver/Src/stm32g4xx_hal_cortex.c.obj
                0x08003e4c                HAL_NVIC_EnableIRQ
 .text.HAL_TIM_Base_Init
                0x08003e68       0xae CMakeFiles/TP_BUS_et_RESEAUX.dir/Drivers/STM32G4xx_HAL_Driver/Src/stm32g4xx_hal_tim.c.obj
                0x08003e68                HAL_TIM_Base_Init
 *fill*         0x08003f16        0x2 
 .text.HAL_TIM_Base_Start_IT
                0x08003f18       0xf0 CMakeFiles/TP_BUS_et_RESEAUX.dir/Drivers/STM32G4xx_HAL_Driver/Src/stm32g4xx_hal_tim.c.obj
                0x08003f18                HAL_TIM_Base_Start_IT
 .text.HAL_TIM_PWM_Init
                0x08004008       0xae CMakeFiles/TP_BUS_et_RESEAUX.dir/Drivers/STM32G4xx_HAL_Driver/Src/stm32g4xx_hal_tim.c.obj
                0x08004008                HAL_TIM_PWM_Init
 .text.HAL_TIM_PWM_MspInit
                0x080040b6       0x14 CMakeFiles/TP_BUS_et_RESEAUX.dir/Drivers/STM32G4xx_HAL_Driver/Src/stm32g4xx_hal_tim.c.obj
                0x080040b6                HAL_TIM_PWM_MspInit
 *fill*         0x080040ca        0x2 
 .text.HAL_TIM_PWM_Start
                0x080040cc      0x224 CMakeFiles/TP_BUS_et_RESEAUX.dir/Drivers/STM32G4xx_HAL_Driver/Src/stm32g4xx_hal_tim.c.obj
                0x080040cc                HAL_TIM_PWM_Start
 .text.HAL_TIM_IRQHandler
                0x080042f0      0x29e CMakeFiles/TP_BUS_et_RESEAUX.dir/Drivers/STM32G4xx_HAL_Driver/Src/stm32g4xx_hal_tim.c.obj
                0x080042f0                HAL_TIM_IRQHandler
 *fill*         0x0800458e        0x2 
 .text.HAL_TIM_PWM_ConfigChannel
                0x08004590      0x228 CMakeFiles/TP_BUS_et_RESEAUX.dir/Drivers/STM32G4xx_HAL_Driver/Src/stm32g4xx_hal_tim.c.obj
                0x08004590                HAL_TIM_PWM_ConfigChannel
 .text.HAL_TIM_ConfigClockSource
                0x080047b8      0x22c CMakeFiles/TP_BUS_et_RESEAUX.dir/Drivers/STM32G4xx_HAL_Driver/Src/stm32g4xx_hal_tim.c.obj
                0x080047b8                HAL_TIM_ConfigClockSource
 .text.HAL_TIM_OC_DelayElapsedCallback
                0x080049e4       0x14 CMakeFiles/TP_BUS_et_RESEAUX.dir/Drivers/STM32G4xx_HAL_Driver/Src/stm32g4xx_hal_tim.c.obj
                0x080049e4                HAL_TIM_OC_DelayElapsedCallback
 .text.HAL_TIM_IC_CaptureCallback
                0x080049f8       0x14 CMakeFiles/TP_BUS_et_RESEAUX.dir/Drivers/STM32G4xx_HAL_Driver/Src/stm32g4xx_hal_tim.c.obj
                0x080049f8                HAL_TIM_IC_CaptureCallback
 .text.HAL_TIM_PWM_PulseFinishedCallback
                0x08004a0c       0x14 CMakeFiles/TP_BUS_et_RESEAUX.dir/Drivers/STM32G4xx_HAL_Driver/Src/stm32g4xx_hal_tim.c.obj
                0x08004a0c                HAL_TIM_PWM_PulseFinishedCallback
 .text.HAL_TIM_TriggerCallback
                0x08004a20       0x14 CMakeFiles/TP_BUS_et_RESEAUX.dir/Drivers/STM32G4xx_HAL_Driver/Src/stm32g4xx_hal_tim.c.obj
                0x08004a20                HAL_TIM_TriggerCallback
 .text.TIM_Base_SetConfig
                0x08004a34      0x168 CMakeFiles/TP_BUS_et_RESEAUX.dir/Drivers/STM32G4xx_HAL_Driver/Src/stm32g4xx_hal_tim.c.obj
                0x08004a34                TIM_Base_SetConfig
 .text.TIM_OC1_SetConfig
                0x08004b9c      0x134 CMakeFiles/TP_BUS_et_RESEAUX.dir/Drivers/STM32G4xx_HAL_Driver/Src/stm32g4xx_hal_tim.c.obj
 .text.TIM_OC2_SetConfig
                0x08004cd0      0x128 CMakeFiles/TP_BUS_et_RESEAUX.dir/Drivers/STM32G4xx_HAL_Driver/Src/stm32g4xx_hal_tim.c.obj
                0x08004cd0                TIM_OC2_SetConfig
 .text.TIM_OC3_SetConfig
                0x08004df8      0x124 CMakeFiles/TP_BUS_et_RESEAUX.dir/Drivers/STM32G4xx_HAL_Driver/Src/stm32g4xx_hal_tim.c.obj
 .text.TIM_OC4_SetConfig
                0x08004f1c      0x128 CMakeFiles/TP_BUS_et_RESEAUX.dir/Drivers/STM32G4xx_HAL_Driver/Src/stm32g4xx_hal_tim.c.obj
 .text.TIM_OC5_SetConfig
                0x08005044       0xd4 CMakeFiles/TP_BUS_et_RESEAUX.dir/Drivers/STM32G4xx_HAL_Driver/Src/stm32g4xx_hal_tim.c.obj
 .text.TIM_OC6_SetConfig
                0x08005118       0xd8 CMakeFiles/TP_BUS_et_RESEAUX.dir/Drivers/STM32G4xx_HAL_Driver/Src/stm32g4xx_hal_tim.c.obj
 .text.TIM_TI1_SetConfig
                0x080051f0       0xe8 CMakeFiles/TP_BUS_et_RESEAUX.dir/Drivers/STM32G4xx_HAL_Driver/Src/stm32g4xx_hal_tim.c.obj
                0x080051f0                TIM_TI1_SetConfig
 .text.TIM_TI1_ConfigInputStage
                0x080052d8       0x5e CMakeFiles/TP_BUS_et_RESEAUX.dir/Drivers/STM32G4xx_HAL_Driver/Src/stm32g4xx_hal_tim.c.obj
 .text.TIM_TI2_ConfigInputStage
                0x08005336       0x60 CMakeFiles/TP_BUS_et_RESEAUX.dir/Drivers/STM32G4xx_HAL_Driver/Src/stm32g4xx_hal_tim.c.obj
 .text.TIM_ITRx_SetConfig
                0x08005396       0x3a CMakeFiles/TP_BUS_et_RESEAUX.dir/Drivers/STM32G4xx_HAL_Driver/Src/stm32g4xx_hal_tim.c.obj
 .text.TIM_ETR_SetConfig
                0x080053d0       0x40 CMakeFiles/TP_BUS_et_RESEAUX.dir/Drivers/STM32G4xx_HAL_Driver/Src/stm32g4xx_hal_tim.c.obj
                0x080053d0                TIM_ETR_SetConfig
 .text.TIM_CCxChannelCmd
                0x08005410       0x4a CMakeFiles/TP_BUS_et_RESEAUX.dir/Drivers/STM32G4xx_HAL_Driver/Src/stm32g4xx_hal_tim.c.obj
                0x08005410                TIM_CCxChannelCmd
 .text.HAL_TIMEx_HallSensor_Init
                0x0800545a      0x15e CMakeFiles/TP_BUS_et_RESEAUX.dir/Drivers/STM32G4xx_HAL_Driver/Src/stm32g4xx_hal_tim_ex.c.obj
                0x0800545a                HAL_TIMEx_HallSensor_Init
 .text.HAL_TIMEx_PWMN_Start
                0x080055b8      0x184 CMakeFiles/TP_BUS_et_RESEAUX.dir/Drivers/STM32G4xx_HAL_Driver/Src/stm32g4xx_hal_tim_ex.c.obj
                0x080055b8                HAL_TIMEx_PWMN_Start
 .text.HAL_TIMEx_MasterConfigSynchronization
                0x0800573c      0x12c CMakeFiles/TP_BUS_et_RESEAUX.dir/Drivers/STM32G4xx_HAL_Driver/Src/stm32g4xx_hal_tim_ex.c.obj
                0x0800573c                HAL_TIMEx_MasterConfigSynchronization
 .text.HAL_TIMEx_ConfigBreakDeadTime
                0x08005868      0x128 CMakeFiles/TP_BUS_et_RESEAUX.dir/Drivers/STM32G4xx_HAL_Driver/Src/stm32g4xx_hal_tim_ex.c.obj
                0x08005868                HAL_TIMEx_ConfigBreakDeadTime
 .text.HAL_TIMEx_CommutCallback
                0x08005990       0x14 CMakeFiles/TP_BUS_et_RESEAUX.dir/Drivers/STM32G4xx_HAL_Driver/Src/stm32g4xx_hal_tim_ex.c.obj
                0x08005990                HAL_TIMEx_CommutCallback
 .text.HAL_TIMEx_BreakCallback
                0x080059a4       0x14 CMakeFiles/TP_BUS_et_RESEAUX.dir/Drivers/STM32G4xx_HAL_Driver/Src/stm32g4xx_hal_tim_ex.c.obj
                0x080059a4                HAL_TIMEx_BreakCallback
 .text.HAL_TIMEx_Break2Callback
                0x080059b8       0x14 CMakeFiles/TP_BUS_et_RESEAUX.dir/Drivers/STM32G4xx_HAL_Driver/Src/stm32g4xx_hal_tim_ex.c.obj
                0x080059b8                HAL_TIMEx_Break2Callback
 .text.HAL_TIMEx_EncoderIndexCallback
                0x080059cc       0x14 CMakeFiles/TP_BUS_et_RESEAUX.dir/Drivers/STM32G4xx_HAL_Driver/Src/stm32g4xx_hal_tim_ex.c.obj
                0x080059cc                HAL_TIMEx_EncoderIndexCallback
 .text.HAL_TIMEx_DirectionChangeCallback
                0x080059e0       0x14 CMakeFiles/TP_BUS_et_RESEAUX.dir/Drivers/STM32G4xx_HAL_Driver/Src/stm32g4xx_hal_tim_ex.c.obj
                0x080059e0                HAL_TIMEx_DirectionChangeCallback
 .text.HAL_TIMEx_IndexErrorCallback
                0x080059f4       0x14 CMakeFiles/TP_BUS_et_RESEAUX.dir/Drivers/STM32G4xx_HAL_Driver/Src/stm32g4xx_hal_tim_ex.c.obj
                0x080059f4                HAL_TIMEx_IndexErrorCallback
 .text.HAL_TIMEx_TransitionErrorCallback
                0x08005a08       0x14 CMakeFiles/TP_BUS_et_RESEAUX.dir/Drivers/STM32G4xx_HAL_Driver/Src/stm32g4xx_hal_tim_ex.c.obj
                0x08005a08                HAL_TIMEx_TransitionErrorCallback
 .text.TIM_CCxNChannelCmd
                0x08005a1c       0x4a CMakeFiles/TP_BUS_et_RESEAUX.dir/Drivers/STM32G4xx_HAL_Driver/Src/stm32g4xx_hal_tim_ex.c.obj
 .text.HAL_UART_Init
                0x08005a66       0xa0 CMakeFiles/TP_BUS_et_RESEAUX.dir/Drivers/STM32G4xx_HAL_Driver/Src/stm32g4xx_hal_uart.c.obj
                0x08005a66                HAL_UART_Init
 .text.HAL_UART_Transmit
                0x08005b06      0x11c CMakeFiles/TP_BUS_et_RESEAUX.dir/Drivers/STM32G4xx_HAL_Driver/Src/stm32g4xx_hal_uart.c.obj
                0x08005b06                HAL_UART_Transmit
 *fill*         0x08005c22        0x2 
 .text.HAL_UART_Receive_IT
                0x08005c24       0x98 CMakeFiles/TP_BUS_et_RESEAUX.dir/Drivers/STM32G4xx_HAL_Driver/Src/stm32g4xx_hal_uart.c.obj
                0x08005c24                HAL_UART_Receive_IT
 .text.HAL_UART_IRQHandler
                0x08005cbc      0x684 CMakeFiles/TP_BUS_et_RESEAUX.dir/Drivers/STM32G4xx_HAL_Driver/Src/stm32g4xx_hal_uart.c.obj
                0x08005cbc                HAL_UART_IRQHandler
 .text.HAL_UART_TxCpltCallback
                0x08006340       0x14 CMakeFiles/TP_BUS_et_RESEAUX.dir/Drivers/STM32G4xx_HAL_Driver/Src/stm32g4xx_hal_uart.c.obj
                0x08006340                HAL_UART_TxCpltCallback
 .text.HAL_UART_ErrorCallback
                0x08006354       0x14 CMakeFiles/TP_BUS_et_RESEAUX.dir/Drivers/STM32G4xx_HAL_Driver/Src/stm32g4xx_hal_uart.c.obj
                0x08006354                HAL_UART_ErrorCallback
 .text.HAL_UARTEx_RxEventCallback
                0x08006368       0x18 CMakeFiles/TP_BUS_et_RESEAUX.dir/Drivers/STM32G4xx_HAL_Driver/Src/stm32g4xx_hal_uart.c.obj
                0x08006368                HAL_UARTEx_RxEventCallback
 .text.UART_SetConfig
                0x08006380      0x5f8 CMakeFiles/TP_BUS_et_RESEAUX.dir/Drivers/STM32G4xx_HAL_Driver/Src/stm32g4xx_hal_uart.c.obj
                0x08006380                UART_SetConfig
 .text.UART_AdvFeatureConfig
                0x08006978      0x144 CMakeFiles/TP_BUS_et_RESEAUX.dir/Drivers/STM32G4xx_HAL_Driver/Src/stm32g4xx_hal_uart.c.obj
                0x08006978                UART_AdvFeatureConfig
 .text.UART_CheckIdleState
                0x08006abc      0x154 CMakeFiles/TP_BUS_et_RESEAUX.dir/Drivers/STM32G4xx_HAL_Driver/Src/stm32g4xx_hal_uart.c.obj
                0x08006abc                UART_CheckIdleState
 .text.UART_WaitOnFlagUntilTimeout
                0x08006c10       0xda CMakeFiles/TP_BUS_et_RESEAUX.dir/Drivers/STM32G4xx_HAL_Driver/Src/stm32g4xx_hal_uart.c.obj
                0x08006c10                UART_WaitOnFlagUntilTimeout
 *fill*         0x08006cea        0x2 
 .text.UART_Start_Receive_IT
                0x08006cec      0x244 CMakeFiles/TP_BUS_et_RESEAUX.dir/Drivers/STM32G4xx_HAL_Driver/Src/stm32g4xx_hal_uart.c.obj
                0x08006cec                UART_Start_Receive_IT
 .text.UART_EndRxTransfer
                0x08006f30       0xcc CMakeFiles/TP_BUS_et_RESEAUX.dir/Drivers/STM32G4xx_HAL_Driver/Src/stm32g4xx_hal_uart.c.obj
 .text.UART_DMAAbortOnError
                0x08006ffc       0x24 CMakeFiles/TP_BUS_et_RESEAUX.dir/Drivers/STM32G4xx_HAL_Driver/Src/stm32g4xx_hal_uart.c.obj
 .text.UART_EndTransmit_IT
                0x08007020       0x56 CMakeFiles/TP_BUS_et_RESEAUX.dir/Drivers/STM32G4xx_HAL_Driver/Src/stm32g4xx_hal_uart.c.obj
 *fill*         0x08007076        0x2 
 .text.UART_RxISR_8BIT
                0x08007078      0x1b8 CMakeFiles/TP_BUS_et_RESEAUX.dir/Drivers/STM32G4xx_HAL_Driver/Src/stm32g4xx_hal_uart.c.obj
 .text.UART_RxISR_16BIT
                0x08007230      0x1b8 CMakeFiles/TP_BUS_et_RESEAUX.dir/Drivers/STM32G4xx_HAL_Driver/Src/stm32g4xx_hal_uart.c.obj
 .text.UART_RxISR_8BIT_FIFOEN
                0x080073e8      0x364 CMakeFiles/TP_BUS_et_RESEAUX.dir/Drivers/STM32G4xx_HAL_Driver/Src/stm32g4xx_hal_uart.c.obj
 .text.UART_RxISR_16BIT_FIFOEN
                0x0800774c      0x36c CMakeFiles/TP_BUS_et_RESEAUX.dir/Drivers/STM32G4xx_HAL_Driver/Src/stm32g4xx_hal_uart.c.obj
 .text.HAL_UARTEx_WakeupCallback
                0x08007ab8       0x14 CMakeFiles/TP_BUS_et_RESEAUX.dir/Drivers/STM32G4xx_HAL_Driver/Src/stm32g4xx_hal_uart_ex.c.obj
                0x08007ab8                HAL_UARTEx_WakeupCallback
 .text.HAL_UARTEx_RxFifoFullCallback
                0x08007acc       0x14 CMakeFiles/TP_BUS_et_RESEAUX.dir/Drivers/STM32G4xx_HAL_Driver/Src/stm32g4xx_hal_uart_ex.c.obj
                0x08007acc                HAL_UARTEx_RxFifoFullCallback
 .text.HAL_UARTEx_TxFifoEmptyCallback
                0x08007ae0       0x14 CMakeFiles/TP_BUS_et_RESEAUX.dir/Drivers/STM32G4xx_HAL_Driver/Src/stm32g4xx_hal_uart_ex.c.obj
                0x08007ae0                HAL_UARTEx_TxFifoEmptyCallback
 .text.HAL_UARTEx_DisableFifoMode
                0x08007af4       0x72 CMakeFiles/TP_BUS_et_RESEAUX.dir/Drivers/STM32G4xx_HAL_Driver/Src/stm32g4xx_hal_uart_ex.c.obj
                0x08007af4                HAL_UARTEx_DisableFifoMode
 .text.HAL_UARTEx_SetTxFifoThreshold
                0x08007b66       0x7c CMakeFiles/TP_BUS_et_RESEAUX.dir/Drivers/STM32G4xx_HAL_Driver/Src/stm32g4xx_hal_uart_ex.c.obj
                0x08007b66                HAL_UARTEx_SetTxFifoThreshold
 .text.HAL_UARTEx_SetRxFifoThreshold
                0x08007be2       0x7c CMakeFiles/TP_BUS_et_RESEAUX.dir/Drivers/STM32G4xx_HAL_Driver/Src/stm32g4xx_hal_uart_ex.c.obj
                0x08007be2                HAL_UARTEx_SetRxFifoThreshold
 *fill*         0x08007c5e        0x2 
 .text.UARTEx_SetNbDataToProcess
                0x08007c60       0x9c CMakeFiles/TP_BUS_et_RESEAUX.dir/Drivers/STM32G4xx_HAL_Driver/Src/stm32g4xx_hal_uart_ex.c.obj
 .text.Reset_Handler
                0x08007cfc       0x50 CMakeFiles/TP_BUS_et_RESEAUX.dir/startup_stm32g474xx.s.obj
                0x08007cfc                Reset_Handler
 .text.Default_Handler
                0x08007d4c        0x2 CMakeFiles/TP_BUS_et_RESEAUX.dir/startup_stm32g474xx.s.obj
                0x08007d4c                RTC_Alarm_IRQHandler
                0x08007d4c                EXTI2_IRQHandler
                0x08007d4c                TIM8_TRG_COM_IRQHandler
                0x08007d4c                TIM8_CC_IRQHandler
                0x08007d4c                HRTIM1_Master_IRQHandler
                0x08007d4c                SPI4_IRQHandler
                0x08007d4c                FDCAN3_IT0_IRQHandler
                0x08007d4c                TIM1_CC_IRQHandler
                0x08007d4c                HRTIM1_FLT_IRQHandler
                0x08007d4c                HRTIM1_TIMF_IRQHandler
                0x08007d4c                USB_HP_IRQHandler
                0x08007d4c                CORDIC_IRQHandler
                0x08007d4c                HRTIM1_TIMD_IRQHandler
                0x08007d4c                DMA2_Channel8_IRQHandler
                0x08007d4c                EXTI3_IRQHandler
                0x08007d4c                I2C3_ER_IRQHandler
                0x08007d4c                EXTI0_IRQHandler
                0x08007d4c                I2C2_EV_IRQHandler
                0x08007d4c                FPU_IRQHandler
                0x08007d4c                FDCAN1_IT1_IRQHandler
                0x08007d4c                TIM1_UP_TIM16_IRQHandler
                0x08007d4c                ADC1_2_IRQHandler
                0x08007d4c                HRTIM1_TIME_IRQHandler
                0x08007d4c                SPI1_IRQHandler
                0x08007d4c                HRTIM1_TIMC_IRQHandler
                0x08007d4c                TIM8_UP_IRQHandler
                0x08007d4c                DMA2_Channel2_IRQHandler
                0x08007d4c                DMA1_Channel4_IRQHandler
                0x08007d4c                TIM20_TRG_COM_IRQHandler
                0x08007d4c                DMA1_Channel7_IRQHandler
                0x08007d4c                UART5_IRQHandler
                0x08007d4c                ADC3_IRQHandler
                0x08007d4c                TIM4_IRQHandler
                0x08007d4c                DMA2_Channel1_IRQHandler
                0x08007d4c                QUADSPI_IRQHandler
                0x08007d4c                I2C1_EV_IRQHandler
                0x08007d4c                DMA1_Channel6_IRQHandler
                0x08007d4c                UART4_IRQHandler
                0x08007d4c                DMA2_Channel4_IRQHandler
                0x08007d4c                TIM3_IRQHandler
                0x08007d4c                RCC_IRQHandler
                0x08007d4c                TIM20_UP_IRQHandler
                0x08007d4c                DMA1_Channel1_IRQHandler
                0x08007d4c                Default_Handler
                0x08007d4c                DMA2_Channel7_IRQHandler
                0x08007d4c                RTC_TAMP_LSECSS_IRQHandler
                0x08007d4c                FMAC_IRQHandler
                0x08007d4c                DMA1_Channel8_IRQHandler
                0x08007d4c                HRTIM1_TIMA_IRQHandler
                0x08007d4c                TIM7_DAC_IRQHandler
                0x08007d4c                FDCAN3_IT1_IRQHandler
                0x08007d4c                TIM5_IRQHandler
                0x08007d4c                UCPD1_IRQHandler
                0x08007d4c                I2C3_EV_IRQHandler
                0x08007d4c                EXTI9_5_IRQHandler
                0x08007d4c                RTC_WKUP_IRQHandler
                0x08007d4c                PVD_PVM_IRQHandler
                0x08007d4c                SPI2_IRQHandler
                0x08007d4c                ADC5_IRQHandler
                0x08007d4c                DMA2_Channel5_IRQHandler
                0x08007d4c                CRS_IRQHandler
                0x08007d4c                DMA1_Channel5_IRQHandler
                0x08007d4c                USB_LP_IRQHandler
                0x08007d4c                EXTI4_IRQHandler
                0x08007d4c                RNG_IRQHandler
                0x08007d4c                HRTIM1_TIMB_IRQHandler
                0x08007d4c                TIM1_TRG_COM_TIM17_IRQHandler
                0x08007d4c                FDCAN2_IT1_IRQHandler
                0x08007d4c                DMA1_Channel3_IRQHandler
                0x08007d4c                ADC4_IRQHandler
                0x08007d4c                WWDG_IRQHandler
                0x08007d4c                I2C4_EV_IRQHandler
                0x08007d4c                FDCAN2_IT0_IRQHandler
                0x08007d4c                LPUART1_IRQHandler
                0x08007d4c                DMA2_Channel6_IRQHandler
                0x08007d4c                FDCAN1_IT0_IRQHandler
                0x08007d4c                TIM2_IRQHandler
                0x08007d4c                COMP7_IRQHandler
                0x08007d4c                COMP1_2_3_IRQHandler
                0x08007d4c                EXTI1_IRQHandler
                0x08007d4c                COMP4_5_6_IRQHandler
                0x08007d4c                TIM20_BRK_IRQHandler
                0x08007d4c                I2C2_ER_IRQHandler
                0x08007d4c                DMA1_Channel2_IRQHandler
                0x08007d4c                TIM8_BRK_IRQHandler
                0x08007d4c                FLASH_IRQHandler
                0x08007d4c                TIM20_CC_IRQHandler
                0x08007d4c                USART1_IRQHandler
                0x08007d4c                SPI3_IRQHandler
                0x08007d4c                I2C1_ER_IRQHandler
                0x08007d4c                FMC_IRQHandler
                0x08007d4c                LPTIM1_IRQHandler
                0x08007d4c                DMAMUX_OVR_IRQHandler
                0x08007d4c                I2C4_ER_IRQHandler
                0x08007d4c                USBWakeUp_IRQHandler
                0x08007d4c                SAI1_IRQHandler
                0x08007d4c                DMA2_Channel3_IRQHandler
                0x08007d4c                TIM1_BRK_TIM15_IRQHandler
 *(.glue_7)
 .glue_7        0x08007d4e        0x0 linker stubs
 *(.glue_7t)
 .glue_7t       0x08007d4e        0x0 linker stubs
 *(.eh_frame)
 *fill*         0x08007d4e        0x2 
 .eh_frame      0x08007d50        0x0 C:/ST/STM32CubeCLT_1.16.0/GNU-tools-for-STM32/bin/../lib/gcc/arm-none-eabi/12.3.1/thumb/v7e-m+fp/hard/crtbegin.o
 *(.init)
 .init          0x08007d50        0x4 C:/ST/STM32CubeCLT_1.16.0/GNU-tools-for-STM32/bin/../lib/gcc/arm-none-eabi/12.3.1/thumb/v7e-m+fp/hard/crti.o
                0x08007d50                _init
 .init          0x08007d54        0x8 C:/ST/STM32CubeCLT_1.16.0/GNU-tools-for-STM32/bin/../lib/gcc/arm-none-eabi/12.3.1/thumb/v7e-m+fp/hard/crtn.o
 *(.fini)
 .fini          0x08007d5c        0x4 C:/ST/STM32CubeCLT_1.16.0/GNU-tools-for-STM32/bin/../lib/gcc/arm-none-eabi/12.3.1/thumb/v7e-m+fp/hard/crti.o
                0x08007d5c                _fini
 .fini          0x08007d60        0x8 C:/ST/STM32CubeCLT_1.16.0/GNU-tools-for-STM32/bin/../lib/gcc/arm-none-eabi/12.3.1/thumb/v7e-m+fp/hard/crtn.o
                0x08007d68                        . = ALIGN (0x4)
                0x08007d68                        _etext = .

.vfp11_veneer   0x08007d68        0x0
 .vfp11_veneer  0x08007d68        0x0 linker stubs

.v4_bx          0x08007d68        0x0
 .v4_bx         0x08007d68        0x0 linker stubs

.iplt           0x08007d68        0x0
 .iplt          0x08007d68        0x0 C:/ST/STM32CubeCLT_1.16.0/GNU-tools-for-STM32/bin/../lib/gcc/arm-none-eabi/12.3.1/thumb/v7e-m+fp/hard/crtbegin.o

.rodata         0x08007d68       0x40
                0x08007d68                        . = ALIGN (0x4)
 *(.rodata)
 *(.rodata*)
 .rodata.AHBPrescTable
                0x08007d68       0x10 CMakeFiles/TP_BUS_et_RESEAUX.dir/Core/Src/system_stm32g4xx.c.obj
                0x08007d68                AHBPrescTable
 .rodata.APBPrescTable
                0x08007d78        0x8 CMakeFiles/TP_BUS_et_RESEAUX.dir/Core/Src/system_stm32g4xx.c.obj
                0x08007d78                APBPrescTable
 .rodata.UARTPrescTable
                0x08007d80       0x18 CMakeFiles/TP_BUS_et_RESEAUX.dir/Drivers/STM32G4xx_HAL_Driver/Src/stm32g4xx_hal_uart.c.obj
                0x08007d80                UARTPrescTable
 .rodata.numerator.1
                0x08007d98        0x8 CMakeFiles/TP_BUS_et_RESEAUX.dir/Drivers/STM32G4xx_HAL_Driver/Src/stm32g4xx_hal_uart_ex.c.obj
 .rodata.denominator.0
                0x08007da0        0x8 CMakeFiles/TP_BUS_et_RESEAUX.dir/Drivers/STM32G4xx_HAL_Driver/Src/stm32g4xx_hal_uart_ex.c.obj
                0x08007da8                        . = ALIGN (0x4)

.ARM.extab      0x08007da8        0x0
                0x08007da8                        . = ALIGN (0x4)
 *(.ARM.extab* .gnu.linkonce.armextab.*)
                0x08007da8                        . = ALIGN (0x4)

.ARM            0x08007da8        0x8
                0x08007da8                        . = ALIGN (0x4)
                0x08007da8                        __exidx_start = .
 *(.ARM.exidx*)
 .ARM.exidx     0x08007da8        0x8 C:/ST/STM32CubeCLT_1.16.0/GNU-tools-for-STM32/bin/../lib/gcc/arm-none-eabi/12.3.1/thumb/v7e-m+fp/hard\libgcc.a(_udivmoddi4.o)
 .ARM.exidx     0x08007db0        0x0 C:/ST/STM32CubeCLT_1.16.0/GNU-tools-for-STM32/bin/../lib/gcc/arm-none-eabi/12.3.1/../../../../arm-none-eabi/lib/thumb/v7e-m+fp/hard\libg_nano.a(libc_a-strlen.o)
                                  0x8 (size before relaxing)
                0x08007db0                        __exidx_end = .
                0x08007db0                        . = ALIGN (0x4)

.preinit_array  0x08007db0        0x0
                0x08007db0                        . = ALIGN (0x4)
                0x08007db0                        PROVIDE (__preinit_array_start = .)
 *(.preinit_array*)
                0x08007db0                        PROVIDE (__preinit_array_end = .)
                0x08007db0                        . = ALIGN (0x4)

.init_array     0x08007db0        0x4
                0x08007db0                        . = ALIGN (0x4)
                0x08007db0                        PROVIDE (__init_array_start = .)
 *(SORT_BY_NAME(.init_array.*))
 *(.init_array*)
 .init_array    0x08007db0        0x4 C:/ST/STM32CubeCLT_1.16.0/GNU-tools-for-STM32/bin/../lib/gcc/arm-none-eabi/12.3.1/thumb/v7e-m+fp/hard/crtbegin.o
                0x08007db4                        PROVIDE (__init_array_end = .)
                0x08007db4                        . = ALIGN (0x4)

.fini_array     0x08007db4        0x4
                0x08007db4                        . = ALIGN (0x4)
                [!provide]                        PROVIDE (__fini_array_start = .)
 *(SORT_BY_NAME(.fini_array.*))
 *(.fini_array*)
 .fini_array    0x08007db4        0x4 C:/ST/STM32CubeCLT_1.16.0/GNU-tools-for-STM32/bin/../lib/gcc/arm-none-eabi/12.3.1/thumb/v7e-m+fp/hard/crtbegin.o
                [!provide]                        PROVIDE (__fini_array_end = .)
                0x08007db8                        . = ALIGN (0x4)
                0x08007db8                        _sidata = LOADADDR (.data)

.rel.dyn        0x08007db8        0x0
 .rel.iplt      0x08007db8        0x0 C:/ST/STM32CubeCLT_1.16.0/GNU-tools-for-STM32/bin/../lib/gcc/arm-none-eabi/12.3.1/thumb/v7e-m+fp/hard/crtbegin.o

.data           0x20000000       0x90 load address 0x08007db8
                0x20000000                        . = ALIGN (0x4)
                0x20000000                        _sdata = .
 *(.data)
 *(.data*)
 .data.prompt   0x20000000       0x1c CMakeFiles/TP_BUS_et_RESEAUX.dir/Core/Src/mylibs/shell.c.obj
                0x20000000                prompt
 .data.started  0x2000001c       0x66 CMakeFiles/TP_BUS_et_RESEAUX.dir/Core/Src/mylibs/shell.c.obj
                0x2000001c                started
 *fill*         0x20000082        0x2 
 .data.SystemCoreClock
                0x20000084        0x4 CMakeFiles/TP_BUS_et_RESEAUX.dir/Core/Src/system_stm32g4xx.c.obj
                0x20000084                SystemCoreClock
 .data.uwTickPrio
                0x20000088        0x4 CMakeFiles/TP_BUS_et_RESEAUX.dir/Drivers/STM32G4xx_HAL_Driver/Src/stm32g4xx_hal.c.obj
                0x20000088                uwTickPrio
 .data.uwTickFreq
                0x2000008c        0x4 CMakeFiles/TP_BUS_et_RESEAUX.dir/Drivers/STM32G4xx_HAL_Driver/Src/stm32g4xx_hal.c.obj
                0x2000008c                uwTickFreq
 *(.RamFunc)
 *(.RamFunc*)
                0x20000090                        . = ALIGN (0x4)
                0x20000090                        _edata = .

.igot.plt       0x20000090        0x0 load address 0x08007e48
 .igot.plt      0x20000090        0x0 C:/ST/STM32CubeCLT_1.16.0/GNU-tools-for-STM32/bin/../lib/gcc/arm-none-eabi/12.3.1/thumb/v7e-m+fp/hard/crtbegin.o
                0x20000090                        . = ALIGN (0x4)

.bss            0x20000090      0x3b4 load address 0x08007e48
                0x20000090                        _sbss = .
                0x20000090                        __bss_start__ = _sbss
 *(.bss)
 .bss           0x20000090       0x1c C:/ST/STM32CubeCLT_1.16.0/GNU-tools-for-STM32/bin/../lib/gcc/arm-none-eabi/12.3.1/thumb/v7e-m+fp/hard/crtbegin.o
 *(.bss*)
 .bss.hadc1     0x200000ac       0x6c CMakeFiles/TP_BUS_et_RESEAUX.dir/Core/Src/adc.c.obj
                0x200000ac                hadc1
 .bss.hadc2     0x20000118       0x6c CMakeFiles/TP_BUS_et_RESEAUX.dir/Core/Src/adc.c.obj
                0x20000118                hadc2
 .bss.HAL_RCC_ADC12_CLK_ENABLED
                0x20000184        0x4 CMakeFiles/TP_BUS_et_RESEAUX.dir/Core/Src/adc.c.obj
 .bss.uartRxReceived
                0x20000188        0x1 CMakeFiles/TP_BUS_et_RESEAUX.dir/Core/Src/mylibs/shell.c.obj
                0x20000188                uartRxReceived
 *fill*         0x20000189        0x3 
 .bss.uartRxBuffer
                0x2000018c        0x1 CMakeFiles/TP_BUS_et_RESEAUX.dir/Core/Src/mylibs/shell.c.obj
                0x2000018c                uartRxBuffer
 *fill*         0x2000018d        0x3 
 .bss.uartTxBuffer
                0x20000190       0x40 CMakeFiles/TP_BUS_et_RESEAUX.dir/Core/Src/mylibs/shell.c.obj
                0x20000190                uartTxBuffer
 .bss.cmdBuffer
                0x200001d0       0x40 CMakeFiles/TP_BUS_et_RESEAUX.dir/Core/Src/mylibs/shell.c.obj
                0x200001d0                cmdBuffer
 .bss.argv      0x20000210       0x24 CMakeFiles/TP_BUS_et_RESEAUX.dir/Core/Src/mylibs/shell.c.obj
                0x20000210                argv
 .bss.htim6     0x20000234       0x4c CMakeFiles/TP_BUS_et_RESEAUX.dir/Core/Src/stm32g4xx_hal_timebase_tim.c.obj
                0x20000234                htim6
 .bss.htim1     0x20000280       0x4c CMakeFiles/TP_BUS_et_RESEAUX.dir/Core/Src/tim.c.obj
                0x20000280                htim1
 .bss.htim3     0x200002cc       0x4c CMakeFiles/TP_BUS_et_RESEAUX.dir/Core/Src/tim.c.obj
                0x200002cc                htim3
 .bss.huart2    0x20000318       0x94 CMakeFiles/TP_BUS_et_RESEAUX.dir/Core/Src/usart.c.obj
                0x20000318                huart2
 .bss.huart3    0x200003ac       0x94 CMakeFiles/TP_BUS_et_RESEAUX.dir/Core/Src/usart.c.obj
                0x200003ac                huart3
 .bss.uwTick    0x20000440        0x4 CMakeFiles/TP_BUS_et_RESEAUX.dir/Drivers/STM32G4xx_HAL_Driver/Src/stm32g4xx_hal.c.obj
                0x20000440                uwTick
 *(COMMON)
                0x20000444                        . = ALIGN (0x4)
                0x20000444                        _ebss = .
                0x20000444                        __bss_end__ = _ebss

._user_heap_stack
                0x20000444      0x604 load address 0x08007e48
                0x20000448                        . = ALIGN (0x8)
 *fill*         0x20000444        0x4 
                [!provide]                        PROVIDE (end = .)
                0x20000448                        PROVIDE (_end = .)
                0x20000648                        . = (. + _Min_Heap_Size)
 *fill*         0x20000448      0x200 
                0x20000a48                        . = (. + _Min_Stack_Size)
 *fill*         0x20000648      0x400 
                0x20000a48                        . = ALIGN (0x8)

/DISCARD/
 libc.a(*)
 libm.a(*)
 libgcc.a(*)

.ARM.attributes
                0x00000000       0x30
 *(.ARM.attributes)
 .ARM.attributes
                0x00000000       0x22 C:/ST/STM32CubeCLT_1.16.0/GNU-tools-for-STM32/bin/../lib/gcc/arm-none-eabi/12.3.1/thumb/v7e-m+fp/hard/crti.o
 .ARM.attributes
                0x00000022       0x34 C:/ST/STM32CubeCLT_1.16.0/GNU-tools-for-STM32/bin/../lib/gcc/arm-none-eabi/12.3.1/thumb/v7e-m+fp/hard/crtbegin.o
 .ARM.attributes
                0x00000056       0x34 C:/ST/STM32CubeCLT_1.16.0/GNU-tools-for-STM32/bin/../lib/gcc/arm-none-eabi/12.3.1/../../../../arm-none-eabi/lib/thumb/v7e-m+fp/hard\libc_nano.a(libc_a-memset.o)
 .ARM.attributes
                0x0000008a       0x34 C:/ST/STM32CubeCLT_1.16.0/GNU-tools-for-STM32/bin/../lib/gcc/arm-none-eabi/12.3.1/../../../../arm-none-eabi/lib/thumb/v7e-m+fp/hard\libc_nano.a(libc_a-init.o)
 .ARM.attributes
                0x000000be       0x34 CMakeFiles/TP_BUS_et_RESEAUX.dir/Core/Src/adc.c.obj
 .ARM.attributes
                0x000000f2       0x34 CMakeFiles/TP_BUS_et_RESEAUX.dir/Core/Src/gpio.c.obj
 .ARM.attributes
                0x00000126       0x34 CMakeFiles/TP_BUS_et_RESEAUX.dir/Core/Src/main.c.obj
 .ARM.attributes
                0x0000015a       0x34 CMakeFiles/TP_BUS_et_RESEAUX.dir/Core/Src/mylibs/shell.c.obj
 .ARM.attributes
                0x0000018e       0x34 CMakeFiles/TP_BUS_et_RESEAUX.dir/Core/Src/stm32g4xx_hal_msp.c.obj
 .ARM.attributes
                0x000001c2       0x34 CMakeFiles/TP_BUS_et_RESEAUX.dir/Core/Src/stm32g4xx_hal_timebase_tim.c.obj
 .ARM.attributes
                0x000001f6       0x34 CMakeFiles/TP_BUS_et_RESEAUX.dir/Core/Src/stm32g4xx_it.c.obj
 .ARM.attributes
                0x0000022a       0x34 CMakeFiles/TP_BUS_et_RESEAUX.dir/Core/Src/system_stm32g4xx.c.obj
 .ARM.attributes
                0x0000025e       0x34 CMakeFiles/TP_BUS_et_RESEAUX.dir/Core/Src/tim.c.obj
 .ARM.attributes
                0x00000292       0x34 CMakeFiles/TP_BUS_et_RESEAUX.dir/Core/Src/usart.c.obj
 .ARM.attributes
                0x000002c6       0x34 CMakeFiles/TP_BUS_et_RESEAUX.dir/Drivers/STM32G4xx_HAL_Driver/Src/stm32g4xx_hal_adc.c.obj
 .ARM.attributes
                0x000002fa       0x34 CMakeFiles/TP_BUS_et_RESEAUX.dir/Drivers/STM32G4xx_HAL_Driver/Src/stm32g4xx_hal_adc_ex.c.obj
 .ARM.attributes
                0x0000032e       0x34 CMakeFiles/TP_BUS_et_RESEAUX.dir/Drivers/STM32G4xx_HAL_Driver/Src/stm32g4xx_hal.c.obj
 .ARM.attributes
                0x00000362       0x34 CMakeFiles/TP_BUS_et_RESEAUX.dir/Drivers/STM32G4xx_HAL_Driver/Src/stm32g4xx_hal_rcc.c.obj
 .ARM.attributes
                0x00000396       0x34 CMakeFiles/TP_BUS_et_RESEAUX.dir/Drivers/STM32G4xx_HAL_Driver/Src/stm32g4xx_hal_rcc_ex.c.obj
 .ARM.attributes
                0x000003ca       0x34 CMakeFiles/TP_BUS_et_RESEAUX.dir/Drivers/STM32G4xx_HAL_Driver/Src/stm32g4xx_hal_gpio.c.obj
 .ARM.attributes
                0x000003fe       0x34 CMakeFiles/TP_BUS_et_RESEAUX.dir/Drivers/STM32G4xx_HAL_Driver/Src/stm32g4xx_hal_dma.c.obj
 .ARM.attributes
                0x00000432       0x34 CMakeFiles/TP_BUS_et_RESEAUX.dir/Drivers/STM32G4xx_HAL_Driver/Src/stm32g4xx_hal_pwr_ex.c.obj
 .ARM.attributes
                0x00000466       0x34 CMakeFiles/TP_BUS_et_RESEAUX.dir/Drivers/STM32G4xx_HAL_Driver/Src/stm32g4xx_hal_cortex.c.obj
 .ARM.attributes
                0x0000049a       0x34 CMakeFiles/TP_BUS_et_RESEAUX.dir/Drivers/STM32G4xx_HAL_Driver/Src/stm32g4xx_hal_tim.c.obj
 .ARM.attributes
                0x000004ce       0x34 CMakeFiles/TP_BUS_et_RESEAUX.dir/Drivers/STM32G4xx_HAL_Driver/Src/stm32g4xx_hal_tim_ex.c.obj
 .ARM.attributes
                0x00000502       0x34 CMakeFiles/TP_BUS_et_RESEAUX.dir/Drivers/STM32G4xx_HAL_Driver/Src/stm32g4xx_hal_uart.c.obj
 .ARM.attributes
                0x00000536       0x34 CMakeFiles/TP_BUS_et_RESEAUX.dir/Drivers/STM32G4xx_HAL_Driver/Src/stm32g4xx_hal_uart_ex.c.obj
 .ARM.attributes
                0x0000056a       0x21 CMakeFiles/TP_BUS_et_RESEAUX.dir/startup_stm32g474xx.s.obj
 .ARM.attributes
                0x0000058b       0x22 C:/ST/STM32CubeCLT_1.16.0/GNU-tools-for-STM32/bin/../lib/gcc/arm-none-eabi/12.3.1/thumb/v7e-m+fp/hard\libgcc.a(_aeabi_uldivmod.o)
 .ARM.attributes
                0x000005ad       0x34 C:/ST/STM32CubeCLT_1.16.0/GNU-tools-for-STM32/bin/../lib/gcc/arm-none-eabi/12.3.1/thumb/v7e-m+fp/hard\libgcc.a(_udivmoddi4.o)
 .ARM.attributes
                0x000005e1       0x22 C:/ST/STM32CubeCLT_1.16.0/GNU-tools-for-STM32/bin/../lib/gcc/arm-none-eabi/12.3.1/thumb/v7e-m+fp/hard\libgcc.a(_dvmd_tls.o)
 .ARM.attributes
                0x00000603       0x17 C:/ST/STM32CubeCLT_1.16.0/GNU-tools-for-STM32/bin/../lib/gcc/arm-none-eabi/12.3.1/../../../../arm-none-eabi/lib/thumb/v7e-m+fp/hard\libg_nano.a(libc_a-strlen.o)
 .ARM.attributes
                0x0000061a       0x22 C:/ST/STM32CubeCLT_1.16.0/GNU-tools-for-STM32/bin/../lib/gcc/arm-none-eabi/12.3.1/thumb/v7e-m+fp/hard/crtn.o
OUTPUT(TP_BUS_et_RESEAUX.elf elf32-littlearm)
LOAD linker stubs
LOAD C:/ST/STM32CubeCLT_1.16.0/GNU-tools-for-STM32/bin/../lib/gcc/arm-none-eabi/12.3.1/../../../../arm-none-eabi/lib/thumb/v7e-m+fp/hard\libc.a
LOAD C:/ST/STM32CubeCLT_1.16.0/GNU-tools-for-STM32/bin/../lib/gcc/arm-none-eabi/12.3.1/../../../../arm-none-eabi/lib/thumb/v7e-m+fp/hard\libm.a
LOAD C:/ST/STM32CubeCLT_1.16.0/GNU-tools-for-STM32/bin/../lib/gcc/arm-none-eabi/12.3.1/thumb/v7e-m+fp/hard\libgcc.a

.debug_frame    0x00000000     0x5af8
 .debug_frame   0x00000000       0x20 C:/ST/STM32CubeCLT_1.16.0/GNU-tools-for-STM32/bin/../lib/gcc/arm-none-eabi/12.3.1/../../../../arm-none-eabi/lib/thumb/v7e-m+fp/hard\libc_nano.a(libc_a-memset.o)
 .debug_frame   0x00000020       0x2c C:/ST/STM32CubeCLT_1.16.0/GNU-tools-for-STM32/bin/../lib/gcc/arm-none-eabi/12.3.1/../../../../arm-none-eabi/lib/thumb/v7e-m+fp/hard\libc_nano.a(libc_a-init.o)
 .debug_frame   0x0000004c       0xa4 CMakeFiles/TP_BUS_et_RESEAUX.dir/Core/Src/adc.c.obj
 .debug_frame   0x000000f0       0x34 CMakeFiles/TP_BUS_et_RESEAUX.dir/Core/Src/gpio.c.obj
 .debug_frame   0x00000124       0x8c CMakeFiles/TP_BUS_et_RESEAUX.dir/Core/Src/main.c.obj
 .debug_frame   0x000001b0       0x98 CMakeFiles/TP_BUS_et_RESEAUX.dir/Core/Src/mylibs/shell.c.obj
 .debug_frame   0x00000248       0x34 CMakeFiles/TP_BUS_et_RESEAUX.dir/Core/Src/stm32g4xx_hal_msp.c.obj
 .debug_frame   0x0000027c       0x74 CMakeFiles/TP_BUS_et_RESEAUX.dir/Core/Src/stm32g4xx_hal_timebase_tim.c.obj
 .debug_frame   0x000002f0      0x178 CMakeFiles/TP_BUS_et_RESEAUX.dir/Core/Src/stm32g4xx_it.c.obj
 .debug_frame   0x00000468       0x58 CMakeFiles/TP_BUS_et_RESEAUX.dir/Core/Src/system_stm32g4xx.c.obj
 .debug_frame   0x000004c0      0x114 CMakeFiles/TP_BUS_et_RESEAUX.dir/Core/Src/tim.c.obj
 .debug_frame   0x000005d4       0x94 CMakeFiles/TP_BUS_et_RESEAUX.dir/Core/Src/usart.c.obj
 .debug_frame   0x00000668      0xacc CMakeFiles/TP_BUS_et_RESEAUX.dir/Drivers/STM32G4xx_HAL_Driver/Src/stm32g4xx_hal_adc.c.obj
 .debug_frame   0x00001134      0x81c CMakeFiles/TP_BUS_et_RESEAUX.dir/Drivers/STM32G4xx_HAL_Driver/Src/stm32g4xx_hal_adc_ex.c.obj
 .debug_frame   0x00001950      0x500 CMakeFiles/TP_BUS_et_RESEAUX.dir/Drivers/STM32G4xx_HAL_Driver/Src/stm32g4xx_hal.c.obj
 .debug_frame   0x00001e50      0x23c CMakeFiles/TP_BUS_et_RESEAUX.dir/Drivers/STM32G4xx_HAL_Driver/Src/stm32g4xx_hal_rcc.c.obj
 .debug_frame   0x0000208c      0x2ac CMakeFiles/TP_BUS_et_RESEAUX.dir/Drivers/STM32G4xx_HAL_Driver/Src/stm32g4xx_hal_rcc_ex.c.obj
 .debug_frame   0x00002338      0x14c CMakeFiles/TP_BUS_et_RESEAUX.dir/Drivers/STM32G4xx_HAL_Driver/Src/stm32g4xx_hal_gpio.c.obj
 .debug_frame   0x00002484      0x24c CMakeFiles/TP_BUS_et_RESEAUX.dir/Drivers/STM32G4xx_HAL_Driver/Src/stm32g4xx_hal_dma.c.obj
 .debug_frame   0x000026d0      0x4fc CMakeFiles/TP_BUS_et_RESEAUX.dir/Drivers/STM32G4xx_HAL_Driver/Src/stm32g4xx_hal_pwr_ex.c.obj
 .debug_frame   0x00002bcc      0x4e8 CMakeFiles/TP_BUS_et_RESEAUX.dir/Drivers/STM32G4xx_HAL_Driver/Src/stm32g4xx_hal_cortex.c.obj
 .debug_frame   0x000030b4     0x1220 CMakeFiles/TP_BUS_et_RESEAUX.dir/Drivers/STM32G4xx_HAL_Driver/Src/stm32g4xx_hal_tim.c.obj
 .debug_frame   0x000042d4      0xa70 CMakeFiles/TP_BUS_et_RESEAUX.dir/Drivers/STM32G4xx_HAL_Driver/Src/stm32g4xx_hal_tim_ex.c.obj
 .debug_frame   0x00004d44      0xa94 CMakeFiles/TP_BUS_et_RESEAUX.dir/Drivers/STM32G4xx_HAL_Driver/Src/stm32g4xx_hal_uart.c.obj
 .debug_frame   0x000057d8      0x2c0 CMakeFiles/TP_BUS_et_RESEAUX.dir/Drivers/STM32G4xx_HAL_Driver/Src/stm32g4xx_hal_uart_ex.c.obj
 .debug_frame   0x00005a98       0x2c C:/ST/STM32CubeCLT_1.16.0/GNU-tools-for-STM32/bin/../lib/gcc/arm-none-eabi/12.3.1/thumb/v7e-m+fp/hard\libgcc.a(_aeabi_uldivmod.o)
 .debug_frame   0x00005ac4       0x34 C:/ST/STM32CubeCLT_1.16.0/GNU-tools-for-STM32/bin/../lib/gcc/arm-none-eabi/12.3.1/thumb/v7e-m+fp/hard\libgcc.a(_udivmoddi4.o)

.debug_info     0x00000000    0x19f3d
 .debug_info    0x00000000     0x1021 CMakeFiles/TP_BUS_et_RESEAUX.dir/Core/Src/adc.c.obj
 .debug_info    0x00001021      0x77a CMakeFiles/TP_BUS_et_RESEAUX.dir/Core/Src/gpio.c.obj
 .debug_info    0x0000179b      0xaa0 CMakeFiles/TP_BUS_et_RESEAUX.dir/Core/Src/main.c.obj
 .debug_info    0x0000223b      0xd13 CMakeFiles/TP_BUS_et_RESEAUX.dir/Core/Src/mylibs/shell.c.obj
 .debug_info    0x00002f4e      0x2da CMakeFiles/TP_BUS_et_RESEAUX.dir/Core/Src/stm32g4xx_hal_msp.c.obj
 .debug_info    0x00003228      0xe78 CMakeFiles/TP_BUS_et_RESEAUX.dir/Core/Src/stm32g4xx_hal_timebase_tim.c.obj
 .debug_info    0x000040a0      0xc93 CMakeFiles/TP_BUS_et_RESEAUX.dir/Core/Src/stm32g4xx_it.c.obj
 .debug_info    0x00004d33      0x58e CMakeFiles/TP_BUS_et_RESEAUX.dir/Core/Src/system_stm32g4xx.c.obj
 .debug_info    0x000052c1     0x10ae CMakeFiles/TP_BUS_et_RESEAUX.dir/Core/Src/tim.c.obj
 .debug_info    0x0000636f     0x10f4 CMakeFiles/TP_BUS_et_RESEAUX.dir/Core/Src/usart.c.obj
 .debug_info    0x00007463     0x2063 CMakeFiles/TP_BUS_et_RESEAUX.dir/Drivers/STM32G4xx_HAL_Driver/Src/stm32g4xx_hal_adc.c.obj
 .debug_info    0x000094c6     0x1d80 CMakeFiles/TP_BUS_et_RESEAUX.dir/Drivers/STM32G4xx_HAL_Driver/Src/stm32g4xx_hal_adc_ex.c.obj
 .debug_info    0x0000b246      0xb95 CMakeFiles/TP_BUS_et_RESEAUX.dir/Drivers/STM32G4xx_HAL_Driver/Src/stm32g4xx_hal.c.obj
 .debug_info    0x0000bddb      0xbe0 CMakeFiles/TP_BUS_et_RESEAUX.dir/Drivers/STM32G4xx_HAL_Driver/Src/stm32g4xx_hal_rcc.c.obj
 .debug_info    0x0000c9bb      0xc45 CMakeFiles/TP_BUS_et_RESEAUX.dir/Drivers/STM32G4xx_HAL_Driver/Src/stm32g4xx_hal_rcc_ex.c.obj
 .debug_info    0x0000d600      0x763 CMakeFiles/TP_BUS_et_RESEAUX.dir/Drivers/STM32G4xx_HAL_Driver/Src/stm32g4xx_hal_gpio.c.obj
 .debug_info    0x0000dd63      0x85f CMakeFiles/TP_BUS_et_RESEAUX.dir/Drivers/STM32G4xx_HAL_Driver/Src/stm32g4xx_hal_dma.c.obj
 .debug_info    0x0000e5c2      0x93f CMakeFiles/TP_BUS_et_RESEAUX.dir/Drivers/STM32G4xx_HAL_Driver/Src/stm32g4xx_hal_pwr_ex.c.obj
 .debug_info    0x0000ef01      0xdf9 CMakeFiles/TP_BUS_et_RESEAUX.dir/Drivers/STM32G4xx_HAL_Driver/Src/stm32g4xx_hal_cortex.c.obj
 .debug_info    0x0000fcfa     0x2c52 CMakeFiles/TP_BUS_et_RESEAUX.dir/Drivers/STM32G4xx_HAL_Driver/Src/stm32g4xx_hal_tim.c.obj
 .debug_info    0x0001294c     0x1d95 CMakeFiles/TP_BUS_et_RESEAUX.dir/Drivers/STM32G4xx_HAL_Driver/Src/stm32g4xx_hal_tim_ex.c.obj
 .debug_info    0x000146e1     0x481e CMakeFiles/TP_BUS_et_RESEAUX.dir/Drivers/STM32G4xx_HAL_Driver/Src/stm32g4xx_hal_uart.c.obj
 .debug_info    0x00018eff      0xfdd CMakeFiles/TP_BUS_et_RESEAUX.dir/Drivers/STM32G4xx_HAL_Driver/Src/stm32g4xx_hal_uart_ex.c.obj
 .debug_info    0x00019edc       0x30 CMakeFiles/TP_BUS_et_RESEAUX.dir/startup_stm32g474xx.s.obj
 .debug_info    0x00019f0c       0x31 C:/ST/STM32CubeCLT_1.16.0/GNU-tools-for-STM32/bin/../lib/gcc/arm-none-eabi/12.3.1/../../../../arm-none-eabi/lib/thumb/v7e-m+fp/hard\libg_nano.a(libc_a-strlen.o)

.debug_abbrev   0x00000000     0x3459
 .debug_abbrev  0x00000000      0x1f5 CMakeFiles/TP_BUS_et_RESEAUX.dir/Core/Src/adc.c.obj
 .debug_abbrev  0x000001f5      0x15b CMakeFiles/TP_BUS_et_RESEAUX.dir/Core/Src/gpio.c.obj
 .debug_abbrev  0x00000350      0x261 CMakeFiles/TP_BUS_et_RESEAUX.dir/Core/Src/main.c.obj
 .debug_abbrev  0x000005b1      0x24b CMakeFiles/TP_BUS_et_RESEAUX.dir/Core/Src/mylibs/shell.c.obj
 .debug_abbrev  0x000007fc       0xd9 CMakeFiles/TP_BUS_et_RESEAUX.dir/Core/Src/stm32g4xx_hal_msp.c.obj
 .debug_abbrev  0x000008d5      0x223 CMakeFiles/TP_BUS_et_RESEAUX.dir/Core/Src/stm32g4xx_hal_timebase_tim.c.obj
 .debug_abbrev  0x00000af8      0x1b7 CMakeFiles/TP_BUS_et_RESEAUX.dir/Core/Src/stm32g4xx_it.c.obj
 .debug_abbrev  0x00000caf      0x11a CMakeFiles/TP_BUS_et_RESEAUX.dir/Core/Src/system_stm32g4xx.c.obj
 .debug_abbrev  0x00000dc9      0x2a1 CMakeFiles/TP_BUS_et_RESEAUX.dir/Core/Src/tim.c.obj
 .debug_abbrev  0x0000106a      0x219 CMakeFiles/TP_BUS_et_RESEAUX.dir/Core/Src/usart.c.obj
 .debug_abbrev  0x00001283      0x2d3 CMakeFiles/TP_BUS_et_RESEAUX.dir/Drivers/STM32G4xx_HAL_Driver/Src/stm32g4xx_hal_adc.c.obj
 .debug_abbrev  0x00001556      0x2ee CMakeFiles/TP_BUS_et_RESEAUX.dir/Drivers/STM32G4xx_HAL_Driver/Src/stm32g4xx_hal_adc_ex.c.obj
 .debug_abbrev  0x00001844      0x271 CMakeFiles/TP_BUS_et_RESEAUX.dir/Drivers/STM32G4xx_HAL_Driver/Src/stm32g4xx_hal.c.obj
 .debug_abbrev  0x00001ab5      0x2c9 CMakeFiles/TP_BUS_et_RESEAUX.dir/Drivers/STM32G4xx_HAL_Driver/Src/stm32g4xx_hal_rcc.c.obj
 .debug_abbrev  0x00001d7e      0x258 CMakeFiles/TP_BUS_et_RESEAUX.dir/Drivers/STM32G4xx_HAL_Driver/Src/stm32g4xx_hal_rcc_ex.c.obj
 .debug_abbrev  0x00001fd6      0x1cb CMakeFiles/TP_BUS_et_RESEAUX.dir/Drivers/STM32G4xx_HAL_Driver/Src/stm32g4xx_hal_gpio.c.obj
 .debug_abbrev  0x000021a1      0x1e2 CMakeFiles/TP_BUS_et_RESEAUX.dir/Drivers/STM32G4xx_HAL_Driver/Src/stm32g4xx_hal_dma.c.obj
 .debug_abbrev  0x00002383      0x22c CMakeFiles/TP_BUS_et_RESEAUX.dir/Drivers/STM32G4xx_HAL_Driver/Src/stm32g4xx_hal_pwr_ex.c.obj
 .debug_abbrev  0x000025af      0x31c CMakeFiles/TP_BUS_et_RESEAUX.dir/Drivers/STM32G4xx_HAL_Driver/Src/stm32g4xx_hal_cortex.c.obj
 .debug_abbrev  0x000028cb      0x2a7 CMakeFiles/TP_BUS_et_RESEAUX.dir/Drivers/STM32G4xx_HAL_Driver/Src/stm32g4xx_hal_tim.c.obj
 .debug_abbrev  0x00002b72      0x2c5 CMakeFiles/TP_BUS_et_RESEAUX.dir/Drivers/STM32G4xx_HAL_Driver/Src/stm32g4xx_hal_tim_ex.c.obj
 .debug_abbrev  0x00002e37      0x304 CMakeFiles/TP_BUS_et_RESEAUX.dir/Drivers/STM32G4xx_HAL_Driver/Src/stm32g4xx_hal_uart.c.obj
 .debug_abbrev  0x0000313b      0x2d2 CMakeFiles/TP_BUS_et_RESEAUX.dir/Drivers/STM32G4xx_HAL_Driver/Src/stm32g4xx_hal_uart_ex.c.obj
 .debug_abbrev  0x0000340d       0x24 CMakeFiles/TP_BUS_et_RESEAUX.dir/startup_stm32g474xx.s.obj
 .debug_abbrev  0x00003431       0x28 C:/ST/STM32CubeCLT_1.16.0/GNU-tools-for-STM32/bin/../lib/gcc/arm-none-eabi/12.3.1/../../../../arm-none-eabi/lib/thumb/v7e-m+fp/hard\libg_nano.a(libc_a-strlen.o)

.debug_aranges  0x00000000     0x1588
 .debug_aranges
                0x00000000       0x38 CMakeFiles/TP_BUS_et_RESEAUX.dir/Core/Src/adc.c.obj
 .debug_aranges
                0x00000038       0x20 CMakeFiles/TP_BUS_et_RESEAUX.dir/Core/Src/gpio.c.obj
 .debug_aranges
                0x00000058       0x38 CMakeFiles/TP_BUS_et_RESEAUX.dir/Core/Src/main.c.obj
 .debug_aranges
                0x00000090       0x38 CMakeFiles/TP_BUS_et_RESEAUX.dir/Core/Src/mylibs/shell.c.obj
 .debug_aranges
                0x000000c8       0x20 CMakeFiles/TP_BUS_et_RESEAUX.dir/Core/Src/stm32g4xx_hal_msp.c.obj
 .debug_aranges
                0x000000e8       0x30 CMakeFiles/TP_BUS_et_RESEAUX.dir/Core/Src/stm32g4xx_hal_timebase_tim.c.obj
 .debug_aranges
                0x00000118       0x80 CMakeFiles/TP_BUS_et_RESEAUX.dir/Core/Src/stm32g4xx_it.c.obj
 .debug_aranges
                0x00000198       0x28 CMakeFiles/TP_BUS_et_RESEAUX.dir/Core/Src/system_stm32g4xx.c.obj
 .debug_aranges
                0x000001c0       0x50 CMakeFiles/TP_BUS_et_RESEAUX.dir/Core/Src/tim.c.obj
 .debug_aranges
                0x00000210       0x38 CMakeFiles/TP_BUS_et_RESEAUX.dir/Core/Src/usart.c.obj
 .debug_aranges
                0x00000248      0x248 CMakeFiles/TP_BUS_et_RESEAUX.dir/Drivers/STM32G4xx_HAL_Driver/Src/stm32g4xx_hal_adc.c.obj
 .debug_aranges
                0x00000490      0x1c0 CMakeFiles/TP_BUS_et_RESEAUX.dir/Drivers/STM32G4xx_HAL_Driver/Src/stm32g4xx_hal_adc_ex.c.obj
 .debug_aranges
                0x00000650      0x148 CMakeFiles/TP_BUS_et_RESEAUX.dir/Drivers/STM32G4xx_HAL_Driver/Src/stm32g4xx_hal.c.obj
 .debug_aranges
                0x00000798       0x98 CMakeFiles/TP_BUS_et_RESEAUX.dir/Drivers/STM32G4xx_HAL_Driver/Src/stm32g4xx_hal_rcc.c.obj
 .debug_aranges
                0x00000830       0xb0 CMakeFiles/TP_BUS_et_RESEAUX.dir/Drivers/STM32G4xx_HAL_Driver/Src/stm32g4xx_hal_rcc_ex.c.obj
 .debug_aranges
                0x000008e0       0x58 CMakeFiles/TP_BUS_et_RESEAUX.dir/Drivers/STM32G4xx_HAL_Driver/Src/stm32g4xx_hal_gpio.c.obj
 .debug_aranges
                0x00000938       0x90 CMakeFiles/TP_BUS_et_RESEAUX.dir/Drivers/STM32G4xx_HAL_Driver/Src/stm32g4xx_hal_dma.c.obj
 .debug_aranges
                0x000009c8      0x140 CMakeFiles/TP_BUS_et_RESEAUX.dir/Drivers/STM32G4xx_HAL_Driver/Src/stm32g4xx_hal_pwr_ex.c.obj
 .debug_aranges
                0x00000b08      0x128 CMakeFiles/TP_BUS_et_RESEAUX.dir/Drivers/STM32G4xx_HAL_Driver/Src/stm32g4xx_hal_cortex.c.obj
 .debug_aranges
                0x00000c30      0x3e0 CMakeFiles/TP_BUS_et_RESEAUX.dir/Drivers/STM32G4xx_HAL_Driver/Src/stm32g4xx_hal_tim.c.obj
 .debug_aranges
                0x00001010      0x240 CMakeFiles/TP_BUS_et_RESEAUX.dir/Drivers/STM32G4xx_HAL_Driver/Src/stm32g4xx_hal_tim_ex.c.obj
 .debug_aranges
                0x00001250      0x248 CMakeFiles/TP_BUS_et_RESEAUX.dir/Drivers/STM32G4xx_HAL_Driver/Src/stm32g4xx_hal_uart.c.obj
 .debug_aranges
                0x00001498       0xa8 CMakeFiles/TP_BUS_et_RESEAUX.dir/Drivers/STM32G4xx_HAL_Driver/Src/stm32g4xx_hal_uart_ex.c.obj
 .debug_aranges
                0x00001540       0x28 CMakeFiles/TP_BUS_et_RESEAUX.dir/startup_stm32g474xx.s.obj
 .debug_aranges
                0x00001568       0x20 C:/ST/STM32CubeCLT_1.16.0/GNU-tools-for-STM32/bin/../lib/gcc/arm-none-eabi/12.3.1/../../../../arm-none-eabi/lib/thumb/v7e-m+fp/hard\libg_nano.a(libc_a-strlen.o)

.debug_rnglists
                0x00000000     0x109d
 .debug_rnglists
                0x00000000       0x29 CMakeFiles/TP_BUS_et_RESEAUX.dir/Core/Src/adc.c.obj
 .debug_rnglists
                0x00000029       0x14 CMakeFiles/TP_BUS_et_RESEAUX.dir/Core/Src/gpio.c.obj
 .debug_rnglists
                0x0000003d       0x26 CMakeFiles/TP_BUS_et_RESEAUX.dir/Core/Src/main.c.obj
 .debug_rnglists
                0x00000063       0x28 CMakeFiles/TP_BUS_et_RESEAUX.dir/Core/Src/mylibs/shell.c.obj
 .debug_rnglists
                0x0000008b       0x13 CMakeFiles/TP_BUS_et_RESEAUX.dir/Core/Src/stm32g4xx_hal_msp.c.obj
 .debug_rnglists
                0x0000009e       0x20 CMakeFiles/TP_BUS_et_RESEAUX.dir/Core/Src/stm32g4xx_hal_timebase_tim.c.obj
 .debug_rnglists
                0x000000be       0x5b CMakeFiles/TP_BUS_et_RESEAUX.dir/Core/Src/stm32g4xx_it.c.obj
 .debug_rnglists
                0x00000119       0x1a CMakeFiles/TP_BUS_et_RESEAUX.dir/Core/Src/system_stm32g4xx.c.obj
 .debug_rnglists
                0x00000133       0x3b CMakeFiles/TP_BUS_et_RESEAUX.dir/Core/Src/tim.c.obj
 .debug_rnglists
                0x0000016e       0x28 CMakeFiles/TP_BUS_et_RESEAUX.dir/Core/Src/usart.c.obj
 .debug_rnglists
                0x00000196      0x1c0 CMakeFiles/TP_BUS_et_RESEAUX.dir/Drivers/STM32G4xx_HAL_Driver/Src/stm32g4xx_hal_adc.c.obj
 .debug_rnglists
                0x00000356      0x15a CMakeFiles/TP_BUS_et_RESEAUX.dir/Drivers/STM32G4xx_HAL_Driver/Src/stm32g4xx_hal_adc_ex.c.obj
 .debug_rnglists
                0x000004b0       0xf1 CMakeFiles/TP_BUS_et_RESEAUX.dir/Drivers/STM32G4xx_HAL_Driver/Src/stm32g4xx_hal.c.obj
 .debug_rnglists
                0x000005a1       0x74 CMakeFiles/TP_BUS_et_RESEAUX.dir/Drivers/STM32G4xx_HAL_Driver/Src/stm32g4xx_hal_rcc.c.obj
 .debug_rnglists
                0x00000615       0x87 CMakeFiles/TP_BUS_et_RESEAUX.dir/Drivers/STM32G4xx_HAL_Driver/Src/stm32g4xx_hal_rcc_ex.c.obj
 .debug_rnglists
                0x0000069c       0x3f CMakeFiles/TP_BUS_et_RESEAUX.dir/Drivers/STM32G4xx_HAL_Driver/Src/stm32g4xx_hal_gpio.c.obj
 .debug_rnglists
                0x000006db       0x71 CMakeFiles/TP_BUS_et_RESEAUX.dir/Drivers/STM32G4xx_HAL_Driver/Src/stm32g4xx_hal_dma.c.obj
 .debug_rnglists
                0x0000074c       0xf1 CMakeFiles/TP_BUS_et_RESEAUX.dir/Drivers/STM32G4xx_HAL_Driver/Src/stm32g4xx_hal_pwr_ex.c.obj
 .debug_rnglists
                0x0000083d       0xda CMakeFiles/TP_BUS_et_RESEAUX.dir/Drivers/STM32G4xx_HAL_Driver/Src/stm32g4xx_hal_cortex.c.obj
 .debug_rnglists
                0x00000917      0x328 CMakeFiles/TP_BUS_et_RESEAUX.dir/Drivers/STM32G4xx_HAL_Driver/Src/stm32g4xx_hal_tim.c.obj
 .debug_rnglists
                0x00000c3f      0x1cc CMakeFiles/TP_BUS_et_RESEAUX.dir/Drivers/STM32G4xx_HAL_Driver/Src/stm32g4xx_hal_tim_ex.c.obj
 .debug_rnglists
                0x00000e0b      0x1fa CMakeFiles/TP_BUS_et_RESEAUX.dir/Drivers/STM32G4xx_HAL_Driver/Src/stm32g4xx_hal_uart.c.obj
 .debug_rnglists
                0x00001005       0x7f CMakeFiles/TP_BUS_et_RESEAUX.dir/Drivers/STM32G4xx_HAL_Driver/Src/stm32g4xx_hal_uart_ex.c.obj
 .debug_rnglists
                0x00001084       0x19 CMakeFiles/TP_BUS_et_RESEAUX.dir/startup_stm32g474xx.s.obj

.debug_macro    0x00000000    0x29236
 .debug_macro   0x00000000      0x20a CMakeFiles/TP_BUS_et_RESEAUX.dir/Core/Src/adc.c.obj
 .debug_macro   0x0000020a      0xab4 CMakeFiles/TP_BUS_et_RESEAUX.dir/Core/Src/adc.c.obj
 .debug_macro   0x00000cbe      0x161 CMakeFiles/TP_BUS_et_RESEAUX.dir/Core/Src/adc.c.obj
 .debug_macro   0x00000e1f       0x2e CMakeFiles/TP_BUS_et_RESEAUX.dir/Core/Src/adc.c.obj
 .debug_macro   0x00000e4d       0x28 CMakeFiles/TP_BUS_et_RESEAUX.dir/Core/Src/adc.c.obj
 .debug_macro   0x00000e75       0x22 CMakeFiles/TP_BUS_et_RESEAUX.dir/Core/Src/adc.c.obj
 .debug_macro   0x00000e97       0x8e CMakeFiles/TP_BUS_et_RESEAUX.dir/Core/Src/adc.c.obj
 .debug_macro   0x00000f25       0x51 CMakeFiles/TP_BUS_et_RESEAUX.dir/Core/Src/adc.c.obj
 .debug_macro   0x00000f76      0x103 CMakeFiles/TP_BUS_et_RESEAUX.dir/Core/Src/adc.c.obj
 .debug_macro   0x00001079       0x6a CMakeFiles/TP_BUS_et_RESEAUX.dir/Core/Src/adc.c.obj
 .debug_macro   0x000010e3      0x1df CMakeFiles/TP_BUS_et_RESEAUX.dir/Core/Src/adc.c.obj
 .debug_macro   0x000012c2       0x1c CMakeFiles/TP_BUS_et_RESEAUX.dir/Core/Src/adc.c.obj
 .debug_macro   0x000012de       0x22 CMakeFiles/TP_BUS_et_RESEAUX.dir/Core/Src/adc.c.obj
 .debug_macro   0x00001300       0xfb CMakeFiles/TP_BUS_et_RESEAUX.dir/Core/Src/adc.c.obj
 .debug_macro   0x000013fb     0x1011 CMakeFiles/TP_BUS_et_RESEAUX.dir/Core/Src/adc.c.obj
 .debug_macro   0x0000240c      0x11f CMakeFiles/TP_BUS_et_RESEAUX.dir/Core/Src/adc.c.obj
 .debug_macro   0x0000252b    0x18b8c CMakeFiles/TP_BUS_et_RESEAUX.dir/Core/Src/adc.c.obj
 .debug_macro   0x0001b0b7       0x6d CMakeFiles/TP_BUS_et_RESEAUX.dir/Core/Src/adc.c.obj
 .debug_macro   0x0001b124     0x3558 CMakeFiles/TP_BUS_et_RESEAUX.dir/Core/Src/adc.c.obj
 .debug_macro   0x0001e67c      0x189 CMakeFiles/TP_BUS_et_RESEAUX.dir/Core/Src/adc.c.obj
 .debug_macro   0x0001e805       0x5c CMakeFiles/TP_BUS_et_RESEAUX.dir/Core/Src/adc.c.obj
 .debug_macro   0x0001e861     0x171f CMakeFiles/TP_BUS_et_RESEAUX.dir/Core/Src/adc.c.obj
 .debug_macro   0x0001ff80      0x600 CMakeFiles/TP_BUS_et_RESEAUX.dir/Core/Src/adc.c.obj
 .debug_macro   0x00020580      0x1b6 CMakeFiles/TP_BUS_et_RESEAUX.dir/Core/Src/adc.c.obj
 .debug_macro   0x00020736      0x34a CMakeFiles/TP_BUS_et_RESEAUX.dir/Core/Src/adc.c.obj
 .debug_macro   0x00020a80      0x53c CMakeFiles/TP_BUS_et_RESEAUX.dir/Core/Src/adc.c.obj
 .debug_macro   0x00020fbc      0x18b CMakeFiles/TP_BUS_et_RESEAUX.dir/Core/Src/adc.c.obj
 .debug_macro   0x00021147       0x43 CMakeFiles/TP_BUS_et_RESEAUX.dir/Core/Src/adc.c.obj
 .debug_macro   0x0002118a      0x23d CMakeFiles/TP_BUS_et_RESEAUX.dir/Core/Src/adc.c.obj
 .debug_macro   0x000213c7     0x1112 CMakeFiles/TP_BUS_et_RESEAUX.dir/Core/Src/adc.c.obj
 .debug_macro   0x000224d9      0x72e CMakeFiles/TP_BUS_et_RESEAUX.dir/Core/Src/adc.c.obj
 .debug_macro   0x00022c07      0x391 CMakeFiles/TP_BUS_et_RESEAUX.dir/Core/Src/adc.c.obj
 .debug_macro   0x00022f98      0x211 CMakeFiles/TP_BUS_et_RESEAUX.dir/Core/Src/adc.c.obj
 .debug_macro   0x000231a9      0x45c CMakeFiles/TP_BUS_et_RESEAUX.dir/Core/Src/adc.c.obj
 .debug_macro   0x00023605      0x11c CMakeFiles/TP_BUS_et_RESEAUX.dir/Core/Src/adc.c.obj
 .debug_macro   0x00023721      0x122 CMakeFiles/TP_BUS_et_RESEAUX.dir/Core/Src/adc.c.obj
 .debug_macro   0x00023843      0x3d1 CMakeFiles/TP_BUS_et_RESEAUX.dir/Core/Src/adc.c.obj
 .debug_macro   0x00023c14      0xc0b CMakeFiles/TP_BUS_et_RESEAUX.dir/Core/Src/adc.c.obj
 .debug_macro   0x0002481f      0x718 CMakeFiles/TP_BUS_et_RESEAUX.dir/Core/Src/adc.c.obj
 .debug_macro   0x00024f37      0x693 CMakeFiles/TP_BUS_et_RESEAUX.dir/Core/Src/adc.c.obj
 .debug_macro   0x000255ca       0xa6 CMakeFiles/TP_BUS_et_RESEAUX.dir/Core/Src/adc.c.obj
 .debug_macro   0x00025670      0x358 CMakeFiles/TP_BUS_et_RESEAUX.dir/Core/Src/adc.c.obj
 .debug_macro   0x000259c8       0xe2 CMakeFiles/TP_BUS_et_RESEAUX.dir/Core/Src/adc.c.obj
 .debug_macro   0x00025aaa      0x20a CMakeFiles/TP_BUS_et_RESEAUX.dir/Core/Src/gpio.c.obj
 .debug_macro   0x00025cb4      0x235 CMakeFiles/TP_BUS_et_RESEAUX.dir/Core/Src/main.c.obj
 .debug_macro   0x00025ee9       0x34 CMakeFiles/TP_BUS_et_RESEAUX.dir/Core/Src/main.c.obj
 .debug_macro   0x00025f1d      0x30c CMakeFiles/TP_BUS_et_RESEAUX.dir/Core/Src/mylibs/shell.c.obj
 .debug_macro   0x00026229       0x74 CMakeFiles/TP_BUS_et_RESEAUX.dir/Core/Src/mylibs/shell.c.obj
 .debug_macro   0x0002629d       0x2a CMakeFiles/TP_BUS_et_RESEAUX.dir/Core/Src/mylibs/shell.c.obj
 .debug_macro   0x000262c7       0x3c CMakeFiles/TP_BUS_et_RESEAUX.dir/Core/Src/mylibs/shell.c.obj
 .debug_macro   0x00026303       0x34 CMakeFiles/TP_BUS_et_RESEAUX.dir/Core/Src/mylibs/shell.c.obj
 .debug_macro   0x00026337       0x16 CMakeFiles/TP_BUS_et_RESEAUX.dir/Core/Src/mylibs/shell.c.obj
 .debug_macro   0x0002634d       0x35 CMakeFiles/TP_BUS_et_RESEAUX.dir/Core/Src/mylibs/shell.c.obj
 .debug_macro   0x00026382      0x369 CMakeFiles/TP_BUS_et_RESEAUX.dir/Core/Src/mylibs/shell.c.obj
 .debug_macro   0x000266eb       0x10 CMakeFiles/TP_BUS_et_RESEAUX.dir/Core/Src/mylibs/shell.c.obj
 .debug_macro   0x000266fb       0x16 CMakeFiles/TP_BUS_et_RESEAUX.dir/Core/Src/mylibs/shell.c.obj
 .debug_macro   0x00026711       0x43 CMakeFiles/TP_BUS_et_RESEAUX.dir/Core/Src/mylibs/shell.c.obj
 .debug_macro   0x00026754       0x34 CMakeFiles/TP_BUS_et_RESEAUX.dir/Core/Src/mylibs/shell.c.obj
 .debug_macro   0x00026788       0x10 CMakeFiles/TP_BUS_et_RESEAUX.dir/Core/Src/mylibs/shell.c.obj
 .debug_macro   0x00026798       0x58 CMakeFiles/TP_BUS_et_RESEAUX.dir/Core/Src/mylibs/shell.c.obj
 .debug_macro   0x000267f0      0x1de CMakeFiles/TP_BUS_et_RESEAUX.dir/Core/Src/mylibs/shell.c.obj
 .debug_macro   0x000269ce       0x16 CMakeFiles/TP_BUS_et_RESEAUX.dir/Core/Src/mylibs/shell.c.obj
 .debug_macro   0x000269e4       0x16 CMakeFiles/TP_BUS_et_RESEAUX.dir/Core/Src/mylibs/shell.c.obj
 .debug_macro   0x000269fa      0x170 CMakeFiles/TP_BUS_et_RESEAUX.dir/Core/Src/mylibs/shell.c.obj
 .debug_macro   0x00026b6a       0x16 CMakeFiles/TP_BUS_et_RESEAUX.dir/Core/Src/mylibs/shell.c.obj
 .debug_macro   0x00026b80       0x20 CMakeFiles/TP_BUS_et_RESEAUX.dir/Core/Src/mylibs/shell.c.obj
 .debug_macro   0x00026ba0      0x200 CMakeFiles/TP_BUS_et_RESEAUX.dir/Core/Src/stm32g4xx_hal_msp.c.obj
 .debug_macro   0x00026da0      0x1f1 CMakeFiles/TP_BUS_et_RESEAUX.dir/Core/Src/stm32g4xx_hal_timebase_tim.c.obj
 .debug_macro   0x00026f91      0x20a CMakeFiles/TP_BUS_et_RESEAUX.dir/Core/Src/stm32g4xx_it.c.obj
 .debug_macro   0x0002719b      0x1f1 CMakeFiles/TP_BUS_et_RESEAUX.dir/Core/Src/system_stm32g4xx.c.obj
 .debug_macro   0x0002738c      0x20a CMakeFiles/TP_BUS_et_RESEAUX.dir/Core/Src/tim.c.obj
 .debug_macro   0x00027596      0x20a CMakeFiles/TP_BUS_et_RESEAUX.dir/Core/Src/usart.c.obj
 .debug_macro   0x000277a0      0x20e CMakeFiles/TP_BUS_et_RESEAUX.dir/Drivers/STM32G4xx_HAL_Driver/Src/stm32g4xx_hal_adc.c.obj
 .debug_macro   0x000279ae      0x1fd CMakeFiles/TP_BUS_et_RESEAUX.dir/Drivers/STM32G4xx_HAL_Driver/Src/stm32g4xx_hal_adc_ex.c.obj
 .debug_macro   0x00027bab      0x23f CMakeFiles/TP_BUS_et_RESEAUX.dir/Drivers/STM32G4xx_HAL_Driver/Src/stm32g4xx_hal.c.obj
 .debug_macro   0x00027dea      0x233 CMakeFiles/TP_BUS_et_RESEAUX.dir/Drivers/STM32G4xx_HAL_Driver/Src/stm32g4xx_hal_rcc.c.obj
 .debug_macro   0x0002801d      0x21b CMakeFiles/TP_BUS_et_RESEAUX.dir/Drivers/STM32G4xx_HAL_Driver/Src/stm32g4xx_hal_rcc_ex.c.obj
 .debug_macro   0x00028238      0x1f8 CMakeFiles/TP_BUS_et_RESEAUX.dir/Drivers/STM32G4xx_HAL_Driver/Src/stm32g4xx_hal_gpio.c.obj
 .debug_macro   0x00028430      0x1f1 CMakeFiles/TP_BUS_et_RESEAUX.dir/Drivers/STM32G4xx_HAL_Driver/Src/stm32g4xx_hal_dma.c.obj
 .debug_macro   0x00028621      0x21b CMakeFiles/TP_BUS_et_RESEAUX.dir/Drivers/STM32G4xx_HAL_Driver/Src/stm32g4xx_hal_pwr_ex.c.obj
 .debug_macro   0x0002883c      0x1f1 CMakeFiles/TP_BUS_et_RESEAUX.dir/Drivers/STM32G4xx_HAL_Driver/Src/stm32g4xx_hal_cortex.c.obj
 .debug_macro   0x00028a2d      0x1f9 CMakeFiles/TP_BUS_et_RESEAUX.dir/Drivers/STM32G4xx_HAL_Driver/Src/stm32g4xx_hal_tim.c.obj
 .debug_macro   0x00028c26      0x1f7 CMakeFiles/TP_BUS_et_RESEAUX.dir/Drivers/STM32G4xx_HAL_Driver/Src/stm32g4xx_hal_tim_ex.c.obj
 .debug_macro   0x00028e1d      0x21c CMakeFiles/TP_BUS_et_RESEAUX.dir/Drivers/STM32G4xx_HAL_Driver/Src/stm32g4xx_hal_uart.c.obj
 .debug_macro   0x00029039      0x1fd CMakeFiles/TP_BUS_et_RESEAUX.dir/Drivers/STM32G4xx_HAL_Driver/Src/stm32g4xx_hal_uart_ex.c.obj

.debug_line     0x00000000    0x1af09
 .debug_line    0x00000000      0x9a3 CMakeFiles/TP_BUS_et_RESEAUX.dir/Core/Src/adc.c.obj
 .debug_line    0x000009a3      0x825 CMakeFiles/TP_BUS_et_RESEAUX.dir/Core/Src/gpio.c.obj
 .debug_line    0x000011c8      0x92d CMakeFiles/TP_BUS_et_RESEAUX.dir/Core/Src/main.c.obj
 .debug_line    0x00001af5      0xa3b CMakeFiles/TP_BUS_et_RESEAUX.dir/Core/Src/mylibs/shell.c.obj
 .debug_line    0x00002530      0x7fc CMakeFiles/TP_BUS_et_RESEAUX.dir/Core/Src/stm32g4xx_hal_msp.c.obj
 .debug_line    0x00002d2c      0x865 CMakeFiles/TP_BUS_et_RESEAUX.dir/Core/Src/stm32g4xx_hal_timebase_tim.c.obj
 .debug_line    0x00003591      0x918 CMakeFiles/TP_BUS_et_RESEAUX.dir/Core/Src/stm32g4xx_it.c.obj
 .debug_line    0x00003ea9      0x867 CMakeFiles/TP_BUS_et_RESEAUX.dir/Core/Src/system_stm32g4xx.c.obj
 .debug_line    0x00004710      0x9dd CMakeFiles/TP_BUS_et_RESEAUX.dir/Core/Src/tim.c.obj
 .debug_line    0x000050ed      0x938 CMakeFiles/TP_BUS_et_RESEAUX.dir/Core/Src/usart.c.obj
 .debug_line    0x00005a25     0x234c CMakeFiles/TP_BUS_et_RESEAUX.dir/Drivers/STM32G4xx_HAL_Driver/Src/stm32g4xx_hal_adc.c.obj
 .debug_line    0x00007d71     0x1cdb CMakeFiles/TP_BUS_et_RESEAUX.dir/Drivers/STM32G4xx_HAL_Driver/Src/stm32g4xx_hal_adc_ex.c.obj
 .debug_line    0x00009a4c      0xc23 CMakeFiles/TP_BUS_et_RESEAUX.dir/Drivers/STM32G4xx_HAL_Driver/Src/stm32g4xx_hal.c.obj
 .debug_line    0x0000a66f      0xfee CMakeFiles/TP_BUS_et_RESEAUX.dir/Drivers/STM32G4xx_HAL_Driver/Src/stm32g4xx_hal_rcc.c.obj
 .debug_line    0x0000b65d     0x12ff CMakeFiles/TP_BUS_et_RESEAUX.dir/Drivers/STM32G4xx_HAL_Driver/Src/stm32g4xx_hal_rcc_ex.c.obj
 .debug_line    0x0000c95c      0xc3c CMakeFiles/TP_BUS_et_RESEAUX.dir/Drivers/STM32G4xx_HAL_Driver/Src/stm32g4xx_hal_gpio.c.obj
 .debug_line    0x0000d598      0xf4d CMakeFiles/TP_BUS_et_RESEAUX.dir/Drivers/STM32G4xx_HAL_Driver/Src/stm32g4xx_hal_dma.c.obj
 .debug_line    0x0000e4e5      0xd92 CMakeFiles/TP_BUS_et_RESEAUX.dir/Drivers/STM32G4xx_HAL_Driver/Src/stm32g4xx_hal_pwr_ex.c.obj
 .debug_line    0x0000f277      0xdb6 CMakeFiles/TP_BUS_et_RESEAUX.dir/Drivers/STM32G4xx_HAL_Driver/Src/stm32g4xx_hal_cortex.c.obj
 .debug_line    0x0001002d     0x40e3 CMakeFiles/TP_BUS_et_RESEAUX.dir/Drivers/STM32G4xx_HAL_Driver/Src/stm32g4xx_hal_tim.c.obj
 .debug_line    0x00014110     0x2226 CMakeFiles/TP_BUS_et_RESEAUX.dir/Drivers/STM32G4xx_HAL_Driver/Src/stm32g4xx_hal_tim_ex.c.obj
 .debug_line    0x00016336     0x3cc0 CMakeFiles/TP_BUS_et_RESEAUX.dir/Drivers/STM32G4xx_HAL_Driver/Src/stm32g4xx_hal_uart.c.obj
 .debug_line    0x00019ff6      0xe49 CMakeFiles/TP_BUS_et_RESEAUX.dir/Drivers/STM32G4xx_HAL_Driver/Src/stm32g4xx_hal_uart_ex.c.obj
 .debug_line    0x0001ae3f       0x7b CMakeFiles/TP_BUS_et_RESEAUX.dir/startup_stm32g474xx.s.obj
 .debug_line    0x0001aeba       0x4f C:/ST/STM32CubeCLT_1.16.0/GNU-tools-for-STM32/bin/../lib/gcc/arm-none-eabi/12.3.1/../../../../arm-none-eabi/lib/thumb/v7e-m+fp/hard\libg_nano.a(libc_a-strlen.o)

.debug_str      0x00000000   0x112a0b
 .debug_str     0x00000000   0x108cc9 CMakeFiles/TP_BUS_et_RESEAUX.dir/Core/Src/adc.c.obj
                             0x109313 (size before relaxing)
 .debug_str     0x00108cc9      0x6f0 CMakeFiles/TP_BUS_et_RESEAUX.dir/Core/Src/gpio.c.obj
                             0x1090c2 (size before relaxing)
 .debug_str     0x001093b9      0x5c7 CMakeFiles/TP_BUS_et_RESEAUX.dir/Core/Src/main.c.obj
                             0x10919d (size before relaxing)
 .debug_str     0x00109980     0x35e8 CMakeFiles/TP_BUS_et_RESEAUX.dir/Core/Src/mylibs/shell.c.obj
                             0x10c24f (size before relaxing)
 .debug_str     0x0010cf68       0x8a CMakeFiles/TP_BUS_et_RESEAUX.dir/Core/Src/stm32g4xx_hal_msp.c.obj
                             0x1089be (size before relaxing)
 .debug_str     0x0010cff2      0x134 CMakeFiles/TP_BUS_et_RESEAUX.dir/Core/Src/stm32g4xx_hal_timebase_tim.c.obj
                             0x1093e3 (size before relaxing)
 .debug_str     0x0010d126      0x18e CMakeFiles/TP_BUS_et_RESEAUX.dir/Core/Src/stm32g4xx_it.c.obj
                             0x109215 (size before relaxing)
 .debug_str     0x0010d2b4      0x118 CMakeFiles/TP_BUS_et_RESEAUX.dir/Core/Src/system_stm32g4xx.c.obj
                             0x1086df (size before relaxing)
 .debug_str     0x0010d3cc      0x3d1 CMakeFiles/TP_BUS_et_RESEAUX.dir/Core/Src/tim.c.obj
                             0x109464 (size before relaxing)
 .debug_str     0x0010d79d       0xf9 CMakeFiles/TP_BUS_et_RESEAUX.dir/Core/Src/usart.c.obj
                             0x1098e0 (size before relaxing)
 .debug_str     0x0010d896      0xb5c CMakeFiles/TP_BUS_et_RESEAUX.dir/Drivers/STM32G4xx_HAL_Driver/Src/stm32g4xx_hal_adc.c.obj
                             0x10970c (size before relaxing)
 .debug_str     0x0010e3f2      0x6ce CMakeFiles/TP_BUS_et_RESEAUX.dir/Drivers/STM32G4xx_HAL_Driver/Src/stm32g4xx_hal_adc_ex.c.obj
                             0x1096b2 (size before relaxing)
 .debug_str     0x0010eac0      0x5ca CMakeFiles/TP_BUS_et_RESEAUX.dir/Drivers/STM32G4xx_HAL_Driver/Src/stm32g4xx_hal.c.obj
                             0x1093f1 (size before relaxing)
 .debug_str     0x0010f08a      0x56d CMakeFiles/TP_BUS_et_RESEAUX.dir/Drivers/STM32G4xx_HAL_Driver/Src/stm32g4xx_hal_rcc.c.obj
                             0x108dfe (size before relaxing)
 .debug_str     0x0010f5f7      0x48f CMakeFiles/TP_BUS_et_RESEAUX.dir/Drivers/STM32G4xx_HAL_Driver/Src/stm32g4xx_hal_rcc_ex.c.obj
                             0x108e28 (size before relaxing)
 .debug_str     0x0010fa86      0x100 CMakeFiles/TP_BUS_et_RESEAUX.dir/Drivers/STM32G4xx_HAL_Driver/Src/stm32g4xx_hal_gpio.c.obj
                             0x10886a (size before relaxing)
 .debug_str     0x0010fb86      0x2ec CMakeFiles/TP_BUS_et_RESEAUX.dir/Drivers/STM32G4xx_HAL_Driver/Src/stm32g4xx_hal_dma.c.obj
                             0x108ab9 (size before relaxing)
 .debug_str     0x0010fe72      0x472 CMakeFiles/TP_BUS_et_RESEAUX.dir/Drivers/STM32G4xx_HAL_Driver/Src/stm32g4xx_hal_pwr_ex.c.obj
                             0x108bcd (size before relaxing)
 .debug_str     0x001102e4      0x392 CMakeFiles/TP_BUS_et_RESEAUX.dir/Drivers/STM32G4xx_HAL_Driver/Src/stm32g4xx_hal_cortex.c.obj
                             0x1090ad (size before relaxing)
 .debug_str     0x00110676      0xe56 CMakeFiles/TP_BUS_et_RESEAUX.dir/Drivers/STM32G4xx_HAL_Driver/Src/stm32g4xx_hal_tim.c.obj
                             0x109bdd (size before relaxing)
 .debug_str     0x001114cc      0x7a9 CMakeFiles/TP_BUS_et_RESEAUX.dir/Drivers/STM32G4xx_HAL_Driver/Src/stm32g4xx_hal_tim_ex.c.obj
                             0x109851 (size before relaxing)
 .debug_str     0x00111c75      0x9a5 CMakeFiles/TP_BUS_et_RESEAUX.dir/Drivers/STM32G4xx_HAL_Driver/Src/stm32g4xx_hal_uart.c.obj
                             0x10969a (size before relaxing)
 .debug_str     0x0011261a      0x2a1 CMakeFiles/TP_BUS_et_RESEAUX.dir/Drivers/STM32G4xx_HAL_Driver/Src/stm32g4xx_hal_uart_ex.c.obj
                             0x108e98 (size before relaxing)
 .debug_str     0x001128bb       0x72 CMakeFiles/TP_BUS_et_RESEAUX.dir/startup_stm32g474xx.s.obj
                                 0xbe (size before relaxing)
 .debug_str     0x0011292d       0xde C:/ST/STM32CubeCLT_1.16.0/GNU-tools-for-STM32/bin/../lib/gcc/arm-none-eabi/12.3.1/../../../../arm-none-eabi/lib/thumb/v7e-m+fp/hard\libg_nano.a(libc_a-strlen.o)
                                 0xf3 (size before relaxing)

.comment        0x00000000       0x43
 .comment       0x00000000       0x43 CMakeFiles/TP_BUS_et_RESEAUX.dir/Core/Src/adc.c.obj
                                 0x44 (size before relaxing)
 .comment       0x00000043       0x44 CMakeFiles/TP_BUS_et_RESEAUX.dir/Core/Src/gpio.c.obj
 .comment       0x00000043       0x44 CMakeFiles/TP_BUS_et_RESEAUX.dir/Core/Src/main.c.obj
 .comment       0x00000043       0x44 CMakeFiles/TP_BUS_et_RESEAUX.dir/Core/Src/mylibs/shell.c.obj
 .comment       0x00000043       0x44 CMakeFiles/TP_BUS_et_RESEAUX.dir/Core/Src/stm32g4xx_hal_msp.c.obj
 .comment       0x00000043       0x44 CMakeFiles/TP_BUS_et_RESEAUX.dir/Core/Src/stm32g4xx_hal_timebase_tim.c.obj
 .comment       0x00000043       0x44 CMakeFiles/TP_BUS_et_RESEAUX.dir/Core/Src/stm32g4xx_it.c.obj
 .comment       0x00000043       0x44 CMakeFiles/TP_BUS_et_RESEAUX.dir/Core/Src/system_stm32g4xx.c.obj
 .comment       0x00000043       0x44 CMakeFiles/TP_BUS_et_RESEAUX.dir/Core/Src/tim.c.obj
 .comment       0x00000043       0x44 CMakeFiles/TP_BUS_et_RESEAUX.dir/Core/Src/usart.c.obj
 .comment       0x00000043       0x44 CMakeFiles/TP_BUS_et_RESEAUX.dir/Drivers/STM32G4xx_HAL_Driver/Src/stm32g4xx_hal_adc.c.obj
 .comment       0x00000043       0x44 CMakeFiles/TP_BUS_et_RESEAUX.dir/Drivers/STM32G4xx_HAL_Driver/Src/stm32g4xx_hal_adc_ex.c.obj
 .comment       0x00000043       0x44 CMakeFiles/TP_BUS_et_RESEAUX.dir/Drivers/STM32G4xx_HAL_Driver/Src/stm32g4xx_hal.c.obj
 .comment       0x00000043       0x44 CMakeFiles/TP_BUS_et_RESEAUX.dir/Drivers/STM32G4xx_HAL_Driver/Src/stm32g4xx_hal_rcc.c.obj
 .comment       0x00000043       0x44 CMakeFiles/TP_BUS_et_RESEAUX.dir/Drivers/STM32G4xx_HAL_Driver/Src/stm32g4xx_hal_rcc_ex.c.obj
 .comment       0x00000043       0x44 CMakeFiles/TP_BUS_et_RESEAUX.dir/Drivers/STM32G4xx_HAL_Driver/Src/stm32g4xx_hal_gpio.c.obj
 .comment       0x00000043       0x44 CMakeFiles/TP_BUS_et_RESEAUX.dir/Drivers/STM32G4xx_HAL_Driver/Src/stm32g4xx_hal_dma.c.obj
 .comment       0x00000043       0x44 CMakeFiles/TP_BUS_et_RESEAUX.dir/Drivers/STM32G4xx_HAL_Driver/Src/stm32g4xx_hal_pwr_ex.c.obj
 .comment       0x00000043       0x44 CMakeFiles/TP_BUS_et_RESEAUX.dir/Drivers/STM32G4xx_HAL_Driver/Src/stm32g4xx_hal_cortex.c.obj
 .comment       0x00000043       0x44 CMakeFiles/TP_BUS_et_RESEAUX.dir/Drivers/STM32G4xx_HAL_Driver/Src/stm32g4xx_hal_tim.c.obj
 .comment       0x00000043       0x44 CMakeFiles/TP_BUS_et_RESEAUX.dir/Drivers/STM32G4xx_HAL_Driver/Src/stm32g4xx_hal_tim_ex.c.obj
 .comment       0x00000043       0x44 CMakeFiles/TP_BUS_et_RESEAUX.dir/Drivers/STM32G4xx_HAL_Driver/Src/stm32g4xx_hal_uart.c.obj
 .comment       0x00000043       0x44 CMakeFiles/TP_BUS_et_RESEAUX.dir/Drivers/STM32G4xx_HAL_Driver/Src/stm32g4xx_hal_uart_ex.c.obj

.debug_line_str
                0x00000000      0x180
 .debug_line_str
                0x00000000       0xa2 CMakeFiles/TP_BUS_et_RESEAUX.dir/startup_stm32g474xx.s.obj
 .debug_line_str
                0x000000a2       0xde C:/ST/STM32CubeCLT_1.16.0/GNU-tools-for-STM32/bin/../lib/gcc/arm-none-eabi/12.3.1/../../../../arm-none-eabi/lib/thumb/v7e-m+fp/hard\libg_nano.a(libc_a-strlen.o)