../Core/Src/mylibs/moteur.c:28:13:setPWMsDutyCycle	24	static
../Core/Src/mylibs/moteur.c:66:6:moteurSetSpeed	32	static
../Core/Src/mylibs/moteur.c:87:6:moteurStart	8	static
../Core/Src/mylibs/moteur.c:105:6:moteurStop	8	static
../Core/Src/mylibs/moteur.c:137:6:displayCurrent	16	static
../Core/Src/mylibs/moteur.c:151:6:ADC_DMA_Init	8	static
../Core/Src/mylibs/moteur.c:169:7:getCurrent	24	static
../Core/Src/mylibs/moteur.c:186:9:getPos	16	static
../Core/Src/mylibs/moteur.c:194:7:getSpeed	24	static
